<!doctype html public "-//w3c//dtd html 4.0 transitional//en">
<html><head>
<title>Static Call Graph - [.\Objects\Horizon.axf]</title></head>
<body><HR>
<H1>Static Call Graph for image .\Objects\Horizon.axf</H1><HR>
<BR><P>#&#060CALLGRAPH&#062# ARM Linker, 6140002: Last Updated: Wed May 20 11:53:58 2020
<BR><P>
<H3>Maximum Stack Usage =        104 bytes + Unknown(Functions without stacksize, Cycles, Untraceable Function Pointers)</H3><H3>
Call chain for Maximum Stack Depth:</H3>
AddSempl
<P>
<H3>
Functions with no stack information
</H3><UL>
 <LI><a href="#[1df]">__user_initial_stackheap</a>
</UL>
</UL>
<P>
<H3>
Mutually Recursive functions
</H3> <LI><a href="#[f]">NMI_Handler</a>&nbsp;&nbsp;&nbsp;&rArr;&nbsp;&nbsp;&nbsp;<a href="#[f]">NMI_Handler</a><BR>
 <LI><a href="#[10]">HardFault_Handler</a>&nbsp;&nbsp;&nbsp;&rArr;&nbsp;&nbsp;&nbsp;<a href="#[10]">HardFault_Handler</a><BR>
 <LI><a href="#[11]">MemManage_Handler</a>&nbsp;&nbsp;&nbsp;&rArr;&nbsp;&nbsp;&nbsp;<a href="#[11]">MemManage_Handler</a><BR>
 <LI><a href="#[12]">BusFault_Handler</a>&nbsp;&nbsp;&nbsp;&rArr;&nbsp;&nbsp;&nbsp;<a href="#[12]">BusFault_Handler</a><BR>
 <LI><a href="#[13]">UsageFault_Handler</a>&nbsp;&nbsp;&nbsp;&rArr;&nbsp;&nbsp;&nbsp;<a href="#[13]">UsageFault_Handler</a><BR>
 <LI><a href="#[14]">SVC_Handler</a>&nbsp;&nbsp;&nbsp;&rArr;&nbsp;&nbsp;&nbsp;<a href="#[14]">SVC_Handler</a><BR>
 <LI><a href="#[15]">DebugMon_Handler</a>&nbsp;&nbsp;&nbsp;&rArr;&nbsp;&nbsp;&nbsp;<a href="#[15]">DebugMon_Handler</a><BR>
 <LI><a href="#[16]">PendSV_Handler</a>&nbsp;&nbsp;&nbsp;&rArr;&nbsp;&nbsp;&nbsp;<a href="#[16]">PendSV_Handler</a><BR>
 <LI><a href="#[17]">SysTick_Handler</a>&nbsp;&nbsp;&nbsp;&rArr;&nbsp;&nbsp;&nbsp;<a href="#[17]">SysTick_Handler</a><BR>
 <LI><a href="#[2a]">ADC_IRQHandler</a>&nbsp;&nbsp;&nbsp;&rArr;&nbsp;&nbsp;&nbsp;<a href="#[2a]">ADC_IRQHandler</a><BR>
</UL>
<P>
<H3>
Function Pointers
</H3><UL>
 <LI><a href="#[2a]">ADC_IRQHandler</a> from startup_stm32f446xx.o(.text) referenced from startup_stm32f446xx.o(RESET)
 <LI><a href="#[8c]">AddSempl</a> from demodulatorqfsk.o(.text.AddSempl) referenced from demodulatorqfsk.o(.rodata.DemodulatorQFSK)
 <LI><a href="#[13a]">Bit</a> from storonadriver.o(.text.Bit) referenced from storonadriver.o(.rodata.StoronaDriver)
 <LI><a href="#[1c9]">Bit</a> from storonaparser.o(.text.Bit) referenced from storonaparser.o(.rodata.stateHandler)
 <LI><a href="#[73]">BitAdd</a> from bitbuffer.o(.text.BitAdd) referenced from bitbuffer.o(.rodata.BitBuffer)
 <LI><a href="#[74]">BitGet</a> from bitbuffer.o(.text.BitGet) referenced from bitbuffer.o(.rodata.BitBuffer)
 <LI><a href="#[9d]">BufferClear</a> from ducdriver.o(.text.BufferClear) referenced from ducdriver.o(.rodata.DucDriver)
 <LI><a href="#[9c]">BufferPercent</a> from ducdriver.o(.text.BufferPercent) referenced from ducdriver.o(.rodata.DucDriver)
 <LI><a href="#[9e]">BufferWrite</a> from ducdriver.o(.text.BufferWrite) referenced from ducdriver.o(.rodata.DucDriver)
 <LI><a href="#[12]">BusFault_Handler</a> from startup_stm32f446xx.o(.text) referenced from startup_stm32f446xx.o(RESET)
 <LI><a href="#[2c]">CAN1_RX0_IRQHandler</a> from startup_stm32f446xx.o(.text) referenced from startup_stm32f446xx.o(RESET)
 <LI><a href="#[2d]">CAN1_RX1_IRQHandler</a> from startup_stm32f446xx.o(.text) referenced from startup_stm32f446xx.o(RESET)
 <LI><a href="#[2e]">CAN1_SCE_IRQHandler</a> from startup_stm32f446xx.o(.text) referenced from startup_stm32f446xx.o(RESET)
 <LI><a href="#[2b]">CAN1_TX_IRQHandler</a> from startup_stm32f446xx.o(.text) referenced from startup_stm32f446xx.o(RESET)
 <LI><a href="#[56]">CAN2_RX0_IRQHandler</a> from startup_stm32f446xx.o(.text) referenced from startup_stm32f446xx.o(RESET)
 <LI><a href="#[57]">CAN2_RX1_IRQHandler</a> from startup_stm32f446xx.o(.text) referenced from startup_stm32f446xx.o(RESET)
 <LI><a href="#[58]">CAN2_SCE_IRQHandler</a> from startup_stm32f446xx.o(.text) referenced from startup_stm32f446xx.o(RESET)
 <LI><a href="#[55]">CAN2_TX_IRQHandler</a> from startup_stm32f446xx.o(.text) referenced from startup_stm32f446xx.o(RESET)
 <LI><a href="#[6a]">CEC_IRQHandler</a> from startup_stm32f446xx.o(.text) referenced from startup_stm32f446xx.o(RESET)
 <LI><a href="#[a]">Check</a> from button.o(.text.Check) referenced 2 times from button.o(.data.Button)
 <LI><a href="#[1c6]">CombinationDemodulator</a> from storonaparser.o(.text.CombinationDemodulator) referenced from storonaparser.o(.rodata.stateHandler)
 <LI><a href="#[1c3]">CombinationModulator</a> from storonaparser.o(.text.CombinationModulator) referenced from storonaparser.o(.rodata.stateHandler)
 <LI><a href="#[8d]">CombinationSet</a> from demodulatorqfsk.o(.text.CombinationSet) referenced from demodulatorqfsk.o(.rodata.DemodulatorQFSK)
 <LI><a href="#[f9]">CombinationSet</a> from modulatorqfsk.o(.text.CombinationSet) referenced from modulatorqfsk.o(.rodata.ModulatorQFSK)
 <LI><a href="#[64]">DCMI_IRQHandler</a> from startup_stm32f446xx.o(.text) referenced from startup_stm32f446xx.o(RESET)
 <LI><a href="#[23]">DMA1_Stream0_IRQHandler</a> from startup_stm32f446xx.o(.text) referenced from startup_stm32f446xx.o(RESET)
 <LI><a href="#[24]">DMA1_Stream1_IRQHandler</a> from startup_stm32f446xx.o(.text) referenced from startup_stm32f446xx.o(RESET)
 <LI><a href="#[25]">DMA1_Stream2_IRQHandler</a> from startup_stm32f446xx.o(.text) referenced from startup_stm32f446xx.o(RESET)
 <LI><a href="#[26]">DMA1_Stream3_IRQHandler</a> from startup_stm32f446xx.o(.text) referenced from startup_stm32f446xx.o(RESET)
 <LI><a href="#[27]">DMA1_Stream4_IRQHandler</a> from startup_stm32f446xx.o(.text) referenced from startup_stm32f446xx.o(RESET)
 <LI><a href="#[28]">DMA1_Stream5_IRQHandler</a> from startup_stm32f446xx.o(.text) referenced from startup_stm32f446xx.o(RESET)
 <LI><a href="#[29]">DMA1_Stream6_IRQHandler</a> from startup_stm32f446xx.o(.text) referenced from startup_stm32f446xx.o(RESET)
 <LI><a href="#[47]">DMA1_Stream7_IRQHandler</a> from startup_stm32f446xx.o(.text) referenced from startup_stm32f446xx.o(RESET)
 <LI><a href="#[50]">DMA2_Stream0_IRQHandler</a> from startup_stm32f446xx.o(.text) referenced from startup_stm32f446xx.o(RESET)
 <LI><a href="#[51]">DMA2_Stream1_IRQHandler</a> from startup_stm32f446xx.o(.text) referenced from startup_stm32f446xx.o(RESET)
 <LI><a href="#[52]">DMA2_Stream2_IRQHandler</a> from startup_stm32f446xx.o(.text) referenced from startup_stm32f446xx.o(RESET)
 <LI><a href="#[53]">DMA2_Stream3_IRQHandler</a> from startup_stm32f446xx.o(.text) referenced from startup_stm32f446xx.o(RESET)
 <LI><a href="#[54]">DMA2_Stream4_IRQHandler</a> from startup_stm32f446xx.o(.text) referenced from startup_stm32f446xx.o(RESET)
 <LI><a href="#[5a]">DMA2_Stream5_IRQHandler</a> from startup_stm32f446xx.o(.text) referenced from startup_stm32f446xx.o(RESET)
 <LI><a href="#[5b]">DMA2_Stream6_IRQHandler</a> from startup_stm32f446xx.o(.text) referenced from startup_stm32f446xx.o(RESET)
 <LI><a href="#[5c]">DMA2_Stream7_IRQHandler</a> from startup_stm32f446xx.o(.text) referenced from startup_stm32f446xx.o(RESET)
 <LI><a href="#[ac]">DdcError</a> from horizoncore.o(.text.DdcError) referenced from horizoncore.o(.rodata.HorizonCore)
 <LI><a href="#[136]">DdcError</a> from storonacore.o(.text.DdcError) referenced from storonacore.o(.rodata.StoronaCore)
 <LI><a href="#[aa]">DdcFrequency</a> from horizoncore.o(.text.DdcFrequency) referenced from horizoncore.o(.rodata.HorizonCore)
 <LI><a href="#[c9]">DdcFrequency</a> from horizondriver.o(.text.DdcFrequency) referenced from horizondriver.o(.rodata.HorizonDriver)
 <LI><a href="#[116]">DdcFrequency</a> from statusbar.o(.text.DdcFrequency) referenced from statusbar.o(.rodata.StatusBar)
 <LI><a href="#[134]">DdcFrequency</a> from storonacore.o(.text.DdcFrequency) referenced from storonacore.o(.rodata.StoronaCore)
 <LI><a href="#[198]">DdcFrequencyGet</a> from horizonparser.o(.text.DdcFrequencyGet) referenced from horizonparser.o(.rodata.stateHandler)
 <LI><a href="#[197]">DdcFrequencySet</a> from horizonparser.o(.text.DdcFrequencySet) referenced from horizonparser.o(.rodata.stateHandler)
 <LI><a href="#[a8]">DdcMode</a> from horizoncore.o(.text.DdcMode) referenced from horizoncore.o(.rodata.HorizonCore)
 <LI><a href="#[c7]">DdcMode</a> from horizondriver.o(.text.DdcMode) referenced from horizondriver.o(.rodata.HorizonDriver)
 <LI><a href="#[114]">DdcMode</a> from statusbar.o(.text.DdcMode) referenced from statusbar.o(.rodata.StatusBar)
 <LI><a href="#[132]">DdcMode</a> from storonacore.o(.text.DdcMode) referenced from storonacore.o(.rodata.StoronaCore)
 <LI><a href="#[194]">DdcModeGet</a> from horizonparser.o(.text.DdcModeGet) referenced from horizonparser.o(.rodata.stateHandler)
 <LI><a href="#[193]">DdcModeSet</a> from horizonparser.o(.text.DdcModeSet) referenced from horizonparser.o(.rodata.stateHandler)
 <LI><a href="#[199]">DdcReset</a> from horizonparser.o(.text.DdcReset) referenced from horizonparser.o(.rodata.stateHandler)
 <LI><a href="#[ab]">DdcSempl</a> from horizoncore.o(.text.DdcSempl) referenced from horizoncore.o(.rodata.HorizonCore)
 <LI><a href="#[ca]">DdcSempl</a> from horizondriver.o(.text.DdcSempl) referenced from horizondriver.o(.rodata.HorizonDriver)
 <LI><a href="#[135]">DdcSempl</a> from storonacore.o(.text.DdcSempl) referenced from storonacore.o(.rodata.StoronaCore)
 <LI><a href="#[a9]">DdcWidth</a> from horizoncore.o(.text.DdcWidth) referenced from horizoncore.o(.rodata.HorizonCore)
 <LI><a href="#[c8]">DdcWidth</a> from horizondriver.o(.text.DdcWidth) referenced from horizondriver.o(.rodata.HorizonDriver)
 <LI><a href="#[115]">DdcWidth</a> from statusbar.o(.text.DdcWidth) referenced from statusbar.o(.rodata.StatusBar)
 <LI><a href="#[133]">DdcWidth</a> from storonacore.o(.text.DdcWidth) referenced from storonacore.o(.rodata.StoronaCore)
 <LI><a href="#[196]">DdcWidthGet</a> from horizonparser.o(.text.DdcWidthGet) referenced from horizonparser.o(.rodata.stateHandler)
 <LI><a href="#[195]">DdcWidthSet</a> from horizonparser.o(.text.DdcWidthSet) referenced from horizonparser.o(.rodata.stateHandler)
 <LI><a href="#[4]">DebugGet</a> from device.o(.text.DebugGet) referenced 2 times from device.o(.data..L_MergedGlobals)
 <LI><a href="#[15]">DebugMon_Handler</a> from startup_stm32f446xx.o(.text) referenced from startup_stm32f446xx.o(RESET)
 <LI><a href="#[3]">DebugSet</a> from device.o(.text.DebugSet) referenced 2 times from device.o(.data..L_MergedGlobals)
 <LI><a href="#[1ca]">Default</a> from storonaparser.o(.text.Default) referenced from storonaparser.o(.rodata.stateHandler)
 <LI><a href="#[d5]">Dma</a> from init.o(.text.Dma) referenced from init.o(.rodata.Init)
 <LI><a href="#[1a2]">DucBufferClear</a> from horizonparser.o(.text.DucBufferClear) referenced from horizonparser.o(.rodata.stateHandler)
 <LI><a href="#[1a3]">DucBufferPercent</a> from horizonparser.o(.text.DucBufferPercent) referenced from horizonparser.o(.rodata.stateHandler)
 <LI><a href="#[192]">DucBufferWrite</a> from horizonparser.o(.text.DucBufferWrite) referenced from horizonparser.o(.rodata.stateHandler)
 <LI><a href="#[b1]">DucError</a> from horizoncore.o(.text.DucError) referenced from horizoncore.o(.rodata.HorizonCore)
 <LI><a href="#[131]">DucError</a> from storonacore.o(.text.DucError) referenced from storonacore.o(.rodata.StoronaCore)
 <LI><a href="#[af]">DucFrequency</a> from horizoncore.o(.text.DucFrequency) referenced from horizoncore.o(.rodata.HorizonCore)
 <LI><a href="#[cd]">DucFrequency</a> from horizondriver.o(.text.DucFrequency) referenced from horizondriver.o(.rodata.HorizonDriver)
 <LI><a href="#[119]">DucFrequency</a> from statusbar.o(.text.DucFrequency) referenced from statusbar.o(.rodata.StatusBar)
 <LI><a href="#[12f]">DucFrequency</a> from storonacore.o(.text.DucFrequency) referenced from storonacore.o(.rodata.StoronaCore)
 <LI><a href="#[1a0]">DucFrequencyGet</a> from horizonparser.o(.text.DucFrequencyGet) referenced from horizonparser.o(.rodata.stateHandler)
 <LI><a href="#[19f]">DucFrequencySet</a> from horizonparser.o(.text.DucFrequencySet) referenced from horizonparser.o(.rodata.stateHandler)
 <LI><a href="#[ad]">DucMode</a> from horizoncore.o(.text.DucMode) referenced from horizoncore.o(.rodata.HorizonCore)
 <LI><a href="#[cb]">DucMode</a> from horizondriver.o(.text.DucMode) referenced from horizondriver.o(.rodata.HorizonDriver)
 <LI><a href="#[117]">DucMode</a> from statusbar.o(.text.DucMode) referenced from statusbar.o(.rodata.StatusBar)
 <LI><a href="#[12d]">DucMode</a> from storonacore.o(.text.DucMode) referenced from storonacore.o(.rodata.StoronaCore)
 <LI><a href="#[19c]">DucModeGet</a> from horizonparser.o(.text.DucModeGet) referenced from horizonparser.o(.rodata.stateHandler)
 <LI><a href="#[19b]">DucModeSet</a> from horizonparser.o(.text.DucModeSet) referenced from horizonparser.o(.rodata.stateHandler)
 <LI><a href="#[b0]">DucPercent</a> from horizoncore.o(.text.DucPercent) referenced from horizoncore.o(.rodata.HorizonCore)
 <LI><a href="#[ce]">DucPercent</a> from horizondriver.o(.text.DucPercent) referenced from horizondriver.o(.rodata.HorizonDriver)
 <LI><a href="#[11a]">DucPercent</a> from statusbar.o(.text.DucPercent) referenced from statusbar.o(.rodata.StatusBar)
 <LI><a href="#[130]">DucPercent</a> from storonacore.o(.text.DucPercent) referenced from storonacore.o(.rodata.StoronaCore)
 <LI><a href="#[1a1]">DucReset</a> from horizonparser.o(.text.DucReset) referenced from horizonparser.o(.rodata.stateHandler)
 <LI><a href="#[ae]">DucWidth</a> from horizoncore.o(.text.DucWidth) referenced from horizoncore.o(.rodata.HorizonCore)
 <LI><a href="#[cc]">DucWidth</a> from horizondriver.o(.text.DucWidth) referenced from horizondriver.o(.rodata.HorizonDriver)
 <LI><a href="#[118]">DucWidth</a> from statusbar.o(.text.DucWidth) referenced from statusbar.o(.rodata.StatusBar)
 <LI><a href="#[12e]">DucWidth</a> from storonacore.o(.text.DucWidth) referenced from storonacore.o(.rodata.StoronaCore)
 <LI><a href="#[19e]">DucWidthGet</a> from horizonparser.o(.text.DucWidthGet) referenced from horizonparser.o(.rodata.stateHandler)
 <LI><a href="#[19d]">DucWidthSet</a> from horizonparser.o(.text.DucWidthSet) referenced from horizonparser.o(.rodata.stateHandler)
 <LI><a href="#[1e]">EXTI0_IRQHandler</a> from startup_stm32f446xx.o(.text) referenced from startup_stm32f446xx.o(RESET)
 <LI><a href="#[40]">EXTI15_10_IRQHandler</a> from startup_stm32f446xx.o(.text) referenced from startup_stm32f446xx.o(RESET)
 <LI><a href="#[1f]">EXTI1_IRQHandler</a> from startup_stm32f446xx.o(.text) referenced from startup_stm32f446xx.o(RESET)
 <LI><a href="#[20]">EXTI2_IRQHandler</a> from startup_stm32f446xx.o(.text) referenced from startup_stm32f446xx.o(RESET)
 <LI><a href="#[21]">EXTI3_IRQHandler</a> from startup_stm32f446xx.o(.text) referenced from startup_stm32f446xx.o(RESET)
 <LI><a href="#[22]">EXTI4_IRQHandler</a> from startup_stm32f446xx.o(.text) referenced from startup_stm32f446xx.o(RESET)
 <LI><a href="#[2f]">EXTI9_5_IRQHandler</a> from startup_stm32f446xx.o(.text) referenced from startup_stm32f446xx.o(RESET)
 <LI><a href="#[d1]">Error</a> from horizondriver.o(.text.Error) referenced from horizondriver.o(.rodata.HorizonDriver)
 <LI><a href="#[1b1]">Error</a> from ducparser.o(.text.Error) referenced 2 times from ducparser.o(.rodata.stateHandler)
 <LI><a href="#[11c]">Eth</a> from statusconnect.o(.text.Eth) referenced from statusconnect.o(.rodata.StatusConnect)
 <LI><a href="#[cf]">Ethernet</a> from horizondriver.o(.text.Ethernet) referenced from horizondriver.o(.rodata.HorizonDriver)
 <LI><a href="#[139]">Ethernet</a> from storonadriver.o(.text.Ethernet) referenced from storonadriver.o(.rodata.StoronaDriver)
 <LI><a href="#[6]">EthernetGet</a> from device.o(.text.EthernetGet) referenced 2 times from device.o(.data..L_MergedGlobals)
 <LI><a href="#[1a5]">EthernetGet</a> from horizonparser.o(.text.EthernetGet) referenced 2 times from horizonparser.o(.rodata.stateHandler)
 <LI><a href="#[7]">EthernetReset</a> from device.o(.text.EthernetReset) referenced 2 times from device.o(.data..L_MergedGlobals)
 <LI><a href="#[1a6]">EthernetReset</a> from horizonparser.o(.text.EthernetReset) referenced from horizonparser.o(.rodata.stateHandler)
 <LI><a href="#[5]">EthernetSet</a> from device.o(.text.EthernetSet) referenced 2 times from device.o(.data..L_MergedGlobals)
 <LI><a href="#[1a4]">EthernetSet</a> from horizonparser.o(.text.EthernetSet) referenced 2 times from horizonparser.o(.rodata.stateHandler)
 <LI><a href="#[1c]">FLASH_IRQHandler</a> from startup_stm32f446xx.o(.text) referenced from startup_stm32f446xx.o(RESET)
 <LI><a href="#[48]">FMC_IRQHandler</a> from startup_stm32f446xx.o(.text) referenced from startup_stm32f446xx.o(RESET)
 <LI><a href="#[6d]">FMPI2C1_ER_IRQHandler</a> from startup_stm32f446xx.o(.text) referenced from startup_stm32f446xx.o(RESET)
 <LI><a href="#[6c]">FMPI2C1_EV_IRQHandler</a> from startup_stm32f446xx.o(.text) referenced from startup_stm32f446xx.o(RESET)
 <LI><a href="#[65]">FPU_IRQHandler</a> from startup_stm32f446xx.o(.text) referenced from startup_stm32f446xx.o(RESET)
 <LI><a href="#[d7]">FlashMemory</a> from init.o(.text.FlashMemory) referenced from init.o(.rodata.Init)
 <LI><a href="#[1ac]">Frequency</a> from ducparser.o(.text.Frequency) referenced 2 times from ducparser.o(.rodata.stateHandler)
 <LI><a href="#[1c5]">FrequencyDdc</a> from storonaparser.o(.text.FrequencyDdc) referenced from storonaparser.o(.rodata.stateHandler)
 <LI><a href="#[1c4]">FrequencyDuc</a> from storonaparser.o(.text.FrequencyDuc) referenced from storonaparser.o(.rodata.stateHandler)
 <LI><a href="#[7f]">FrequencyGet</a> from ddcdriver.o(.text.FrequencyGet) referenced from ddcdriver.o(.rodata.DdcDriver)
 <LI><a href="#[98]">FrequencyGet</a> from ducdriver.o(.text.FrequencyGet) referenced from ducdriver.o(.rodata.DucDriver)
 <LI><a href="#[7e]">FrequencySet</a> from ddcdriver.o(.text.FrequencySet) referenced from ddcdriver.o(.rodata.DdcDriver)
 <LI><a href="#[97]">FrequencySet</a> from ducdriver.o(.text.FrequencySet) referenced from ducdriver.o(.rodata.DucDriver)
 <LI><a href="#[72]">Gain</a> from agc.o(.text.Gain) referenced from agc.o(.rodata.Agc)
 <LI><a href="#[f8]">GetSempl</a> from modulatorqfsk.o(.text.GetSempl) referenced from modulatorqfsk.o(.rodata.ModulatorQFSK)
 <LI><a href="#[d2]">Gpio</a> from init.o(.text.Gpio) referenced from init.o(.rodata.Init)
 <LI><a href="#[10]">HardFault_Handler</a> from startup_stm32f446xx.o(.text) referenced from startup_stm32f446xx.o(RESET)
 <LI><a href="#[38]">I2C1_ER_IRQHandler</a> from startup_stm32f446xx.o(.text) referenced from startup_stm32f446xx.o(RESET)
 <LI><a href="#[37]">I2C1_EV_IRQHandler</a> from startup_stm32f446xx.o(.text) referenced from startup_stm32f446xx.o(RESET)
 <LI><a href="#[3a]">I2C2_ER_IRQHandler</a> from startup_stm32f446xx.o(.text) referenced from startup_stm32f446xx.o(RESET)
 <LI><a href="#[39]">I2C2_EV_IRQHandler</a> from startup_stm32f446xx.o(.text) referenced from startup_stm32f446xx.o(RESET)
 <LI><a href="#[5f]">I2C3_ER_IRQHandler</a> from startup_stm32f446xx.o(.text) referenced from startup_stm32f446xx.o(RESET)
 <LI><a href="#[5e]">I2C3_EV_IRQHandler</a> from startup_stm32f446xx.o(.text) referenced from startup_stm32f446xx.o(RESET)
 <LI><a href="#[a5]">Init</a> from horizon.o(.text.Init) referenced from horizon.o(.rodata.Horizon)
 <LI><a href="#[d0]">Init</a> from horizondriver.o(.text.Init) referenced from horizondriver.o(.rodata.HorizonDriver)
 <LI><a href="#[11e]">Init</a> from storona.o(.text.Init) referenced from storona.o(.rodata.Storona)
 <LI><a href="#[138]">Init</a> from storonadriver.o(.text.Init) referenced from storonadriver.o(.rodata.StoronaDriver)
 <LI><a href="#[1a7]">Init</a> from horizonparser.o(.text.Init) referenced 2 times from horizonparser.o(.rodata.stateHandler)
 <LI><a href="#[8]">InitString</a> from device.o(.text.InitString) referenced 2 times from device.o(.data..L_MergedGlobals)
 <LI><a href="#[8e]">InversionSet</a> from demodulatorqfsk.o(.text.InversionSet) referenced from demodulatorqfsk.o(.rodata.DemodulatorQFSK)
 <LI><a href="#[1c7]">InversionSet</a> from storonaparser.o(.text.InversionSet) referenced from storonaparser.o(.rodata.stateHandler)
 <LI><a href="#[da]">Irq</a> from init.o(.text.Irq) referenced from init.o(.rodata.Init)
 <LI><a href="#[1a8]">MaskFind</a> from horizonparser.o(.text.MaskFind) referenced 3 times from horizonparser.o(.rodata.stateHandler)
 <LI><a href="#[11]">MemManage_Handler</a> from startup_stm32f446xx.o(.text) referenced from startup_stm32f446xx.o(RESET)
 <LI><a href="#[85]">MicroSecond</a> from delay.o(.text.MicroSecond) referenced from delay.o(.rodata.Delay)
 <LI><a href="#[86]">MilliSecond</a> from delay.o(.text.MilliSecond) referenced from delay.o(.rodata.Delay)
 <LI><a href="#[1aa]">Mode</a> from ducparser.o(.text.Mode) referenced 3 times from ducparser.o(.rodata.stateHandler)
 <LI><a href="#[7b]">ModeGet</a> from ddcdriver.o(.text.ModeGet) referenced from ddcdriver.o(.rodata.DdcDriver)
 <LI><a href="#[94]">ModeGet</a> from ducdriver.o(.text.ModeGet) referenced from ducdriver.o(.rodata.DucDriver)
 <LI><a href="#[7a]">ModeSet</a> from ddcdriver.o(.text.ModeSet) referenced from ddcdriver.o(.rodata.DdcDriver)
 <LI><a href="#[93]">ModeSet</a> from ducdriver.o(.text.ModeSet) referenced from ducdriver.o(.rodata.DucDriver)
 <LI><a href="#[f]">NMI_Handler</a> from startup_stm32f446xx.o(.text) referenced from startup_stm32f446xx.o(RESET)
 <LI><a href="#[59]">OTG_FS_IRQHandler</a> from startup_stm32f446xx.o(.text) referenced from startup_stm32f446xx.o(RESET)
 <LI><a href="#[42]">OTG_FS_WKUP_IRQHandler</a> from startup_stm32f446xx.o(.text) referenced from startup_stm32f446xx.o(RESET)
 <LI><a href="#[61]">OTG_HS_EP1_IN_IRQHandler</a> from startup_stm32f446xx.o(.text) referenced from startup_stm32f446xx.o(RESET)
 <LI><a href="#[60]">OTG_HS_EP1_OUT_IRQHandler</a> from startup_stm32f446xx.o(.text) referenced from startup_stm32f446xx.o(RESET)
 <LI><a href="#[63]">OTG_HS_IRQHandler</a> from startup_stm32f446xx.o(.text) referenced from startup_stm32f446xx.o(RESET)
 <LI><a href="#[62]">OTG_HS_WKUP_IRQHandler</a> from startup_stm32f446xx.o(.text) referenced from startup_stm32f446xx.o(RESET)
 <LI><a href="#[19]">PVD_IRQHandler</a> from startup_stm32f446xx.o(.text) referenced from startup_stm32f446xx.o(RESET)
 <LI><a href="#[1b3]">Packet</a> from ddcparser.o(.text.Packet) referenced from ddcparser.o(.rodata.stateHandler)
 <LI><a href="#[0]">Parse</a> from horizonparser.o(.text.Parse) referenced 8 times from horizonparser.o(.data..L_MergedGlobals)
 <LI><a href="#[127]">ParserBit</a> from storonacore.o(.text.ParserBit) referenced from storonacore.o(.rodata.StoronaCore)
 <LI><a href="#[129]">ParserCombinationDemodulator</a> from storonacore.o(.text.ParserCombinationDemodulator) referenced from storonacore.o(.rodata.StoronaCore)
 <LI><a href="#[128]">ParserCombinationModulator</a> from storonacore.o(.text.ParserCombinationModulator) referenced from storonacore.o(.rodata.StoronaCore)
 <LI><a href="#[b7]">ParserDdcFrequencyGet</a> from horizoncore.o(.text.ParserDdcFrequencyGet) referenced from horizoncore.o(.rodata.HorizonCore)
 <LI><a href="#[b6]">ParserDdcFrequencySet</a> from horizoncore.o(.text.ParserDdcFrequencySet) referenced from horizoncore.o(.rodata.HorizonCore)
 <LI><a href="#[b3]">ParserDdcModeGet</a> from horizoncore.o(.text.ParserDdcModeGet) referenced from horizoncore.o(.rodata.HorizonCore)
 <LI><a href="#[b2]">ParserDdcModeSet</a> from horizoncore.o(.text.ParserDdcModeSet) referenced from horizoncore.o(.rodata.HorizonCore)
 <LI><a href="#[b8]">ParserDdcReset</a> from horizoncore.o(.text.ParserDdcReset) referenced from horizoncore.o(.rodata.HorizonCore)
 <LI><a href="#[b5]">ParserDdcWidthGet</a> from horizoncore.o(.text.ParserDdcWidthGet) referenced from horizoncore.o(.rodata.HorizonCore)
 <LI><a href="#[b4]">ParserDdcWidthSet</a> from horizoncore.o(.text.ParserDdcWidthSet) referenced from horizoncore.o(.rodata.HorizonCore)
 <LI><a href="#[c1]">ParserDucBufferClear</a> from horizoncore.o(.text.ParserDucBufferClear) referenced from horizoncore.o(.rodata.HorizonCore)
 <LI><a href="#[c0]">ParserDucBufferPercent</a> from horizoncore.o(.text.ParserDucBufferPercent) referenced from horizoncore.o(.rodata.HorizonCore)
 <LI><a href="#[c2]">ParserDucBufferWrite</a> from horizoncore.o(.text.ParserDucBufferWrite) referenced from horizoncore.o(.rodata.HorizonCore)
 <LI><a href="#[be]">ParserDucFrequencyGet</a> from horizoncore.o(.text.ParserDucFrequencyGet) referenced from horizoncore.o(.rodata.HorizonCore)
 <LI><a href="#[bd]">ParserDucFrequencySet</a> from horizoncore.o(.text.ParserDucFrequencySet) referenced from horizoncore.o(.rodata.HorizonCore)
 <LI><a href="#[ba]">ParserDucModeGet</a> from horizoncore.o(.text.ParserDucModeGet) referenced from horizoncore.o(.rodata.HorizonCore)
 <LI><a href="#[b9]">ParserDucModeSet</a> from horizoncore.o(.text.ParserDucModeSet) referenced from horizoncore.o(.rodata.HorizonCore)
 <LI><a href="#[bf]">ParserDucReset</a> from horizoncore.o(.text.ParserDucReset) referenced from horizoncore.o(.rodata.HorizonCore)
 <LI><a href="#[bc]">ParserDucWidthGet</a> from horizoncore.o(.text.ParserDucWidthGet) referenced from horizoncore.o(.rodata.HorizonCore)
 <LI><a href="#[bb]">ParserDucWidthSet</a> from horizoncore.o(.text.ParserDucWidthSet) referenced from horizoncore.o(.rodata.HorizonCore)
 <LI><a href="#[c4]">ParserEthernetGet</a> from horizoncore.o(.text.ParserEthernetGet) referenced from horizoncore.o(.rodata.HorizonCore)
 <LI><a href="#[126]">ParserEthernetGet</a> from storonacore.o(.text.ParserEthernetGet) referenced from storonacore.o(.rodata.StoronaCore)
 <LI><a href="#[c5]">ParserEthernetReset</a> from horizoncore.o(.text.ParserEthernetReset) referenced from horizoncore.o(.rodata.HorizonCore)
 <LI><a href="#[c3]">ParserEthernetSet</a> from horizoncore.o(.text.ParserEthernetSet) referenced from horizoncore.o(.rodata.HorizonCore)
 <LI><a href="#[125]">ParserEthernetSet</a> from storonacore.o(.text.ParserEthernetSet) referenced from storonacore.o(.rodata.StoronaCore)
 <LI><a href="#[12b]">ParserFrequencyDdc</a> from storonacore.o(.text.ParserFrequencyDdc) referenced from storonacore.o(.rodata.StoronaCore)
 <LI><a href="#[12a]">ParserFrequencyDuc</a> from storonacore.o(.text.ParserFrequencyDuc) referenced from storonacore.o(.rodata.StoronaCore)
 <LI><a href="#[c6]">ParserInit</a> from horizoncore.o(.text.ParserInit) referenced from horizoncore.o(.rodata.HorizonCore)
 <LI><a href="#[121]">ParserInit</a> from storonacore.o(.text.ParserInit) referenced from storonacore.o(.rodata.StoronaCore)
 <LI><a href="#[12c]">ParserInversionSet</a> from storonacore.o(.text.ParserInversionSet) referenced from storonacore.o(.rodata.StoronaCore)
 <LI><a href="#[122]">ParserMode</a> from storonacore.o(.text.ParserMode) referenced from storonacore.o(.rodata.StoronaCore)
 <LI><a href="#[124]">ParserSizePacket</a> from storonacore.o(.text.ParserSizePacket) referenced from storonacore.o(.rodata.StoronaCore)
 <LI><a href="#[123]">ParserStop</a> from storonacore.o(.text.ParserStop) referenced from storonacore.o(.rodata.StoronaCore)
 <LI><a href="#[16]">PendSV_Handler</a> from startup_stm32f446xx.o(.text) referenced from startup_stm32f446xx.o(RESET)
 <LI><a href="#[13b]">Percent</a> from storonadriver.o(.text.Percent) referenced from storonadriver.o(.rodata.StoronaDriver)
 <LI><a href="#[1ad]">Percent</a> from ducparser.o(.text.Percent) referenced from ducparser.o(.rodata.stateHandler)
 <LI><a href="#[c]">PercentSet</a> from semplsender.o(.text.PercentSet) referenced 2 times from semplsender.o(.data.SemplSender)
 <LI><a href="#[69]">QUADSPI_IRQHandler</a> from startup_stm32f446xx.o(.text) referenced from startup_stm32f446xx.o(RESET)
 <LI><a href="#[1d]">RCC_IRQHandler</a> from startup_stm32f446xx.o(.text) referenced from startup_stm32f446xx.o(RESET)
 <LI><a href="#[41]">RTC_Alarm_IRQHandler</a> from startup_stm32f446xx.o(.text) referenced from startup_stm32f446xx.o(RESET)
 <LI><a href="#[1b]">RTC_WKUP_IRQHandler</a> from startup_stm32f446xx.o(.text) referenced from startup_stm32f446xx.o(RESET)
 <LI><a href="#[d8]">Rcc</a> from init.o(.text.Rcc) referenced from init.o(.rodata.Init)
 <LI><a href="#[113]">Read</a> from spi.o(.text.Read) referenced from spi.o(.rodata.Spi)
 <LI><a href="#[89]">RelativeBaudRateGet</a> from demodulatorqfsk.o(.text.RelativeBaudRateGet) referenced from demodulatorqfsk.o(.rodata.DemodulatorQFSK)
 <LI><a href="#[f5]">RelativeBaudRateGet</a> from modulatorqfsk.o(.text.RelativeBaudRateGet) referenced from modulatorqfsk.o(.rodata.ModulatorQFSK)
 <LI><a href="#[88]">RelativeBaudRateSet</a> from demodulatorqfsk.o(.text.RelativeBaudRateSet) referenced from demodulatorqfsk.o(.rodata.DemodulatorQFSK)
 <LI><a href="#[f4]">RelativeBaudRateSet</a> from modulatorqfsk.o(.text.RelativeBaudRateSet) referenced from modulatorqfsk.o(.rodata.ModulatorQFSK)
 <LI><a href="#[8b]">RelativeFrequencyShiftGet</a> from demodulatorqfsk.o(.text.RelativeFrequencyShiftGet) referenced from demodulatorqfsk.o(.rodata.DemodulatorQFSK)
 <LI><a href="#[f7]">RelativeFrequencyShiftGet</a> from modulatorqfsk.o(.text.RelativeFrequencyShiftGet) referenced from modulatorqfsk.o(.rodata.ModulatorQFSK)
 <LI><a href="#[8a]">RelativeFrequencyShiftSet</a> from demodulatorqfsk.o(.text.RelativeFrequencyShiftSet) referenced from demodulatorqfsk.o(.rodata.DemodulatorQFSK)
 <LI><a href="#[f6]">RelativeFrequencyShiftSet</a> from modulatorqfsk.o(.text.RelativeFrequencyShiftSet) referenced from modulatorqfsk.o(.rodata.ModulatorQFSK)
 <LI><a href="#[19a]">Reserved</a> from horizonparser.o(.text.Reserved) referenced 112 times from horizonparser.o(.rodata.stateHandler)
 <LI><a href="#[d]">Reset</a> from semplsender.o(.text.Reset) referenced 2 times from semplsender.o(.data.SemplSender)
 <LI><a href="#[71]">Reset</a> from agc.o(.text.Reset) referenced from agc.o(.rodata.Agc)
 <LI><a href="#[83]">Reset</a> from ddcdriver.o(.text.Reset) referenced from ddcdriver.o(.rodata.DdcDriver)
 <LI><a href="#[8f]">Reset</a> from demodulatorqfsk.o(.text.Reset) referenced from demodulatorqfsk.o(.rodata.DemodulatorQFSK)
 <LI><a href="#[9f]">Reset</a> from ducdriver.o(.text.Reset) referenced from ducdriver.o(.rodata.DucDriver)
 <LI><a href="#[fa]">Reset</a> from modulatorqfsk.o(.text.Reset) referenced from modulatorqfsk.o(.rodata.ModulatorQFSK)
 <LI><a href="#[137]">Reset</a> from storonacore.o(.text.Reset) referenced from storonacore.o(.rodata.StoronaCore)
 <LI><a href="#[e]">Reset_Handler</a> from startup_stm32f446xx.o(.text) referenced from startup_stm32f446xx.o(RESET)
 <LI><a href="#[a6]">Run</a> from horizon.o(.text.Run) referenced from horizon.o(.rodata.Horizon)
 <LI><a href="#[11f]">Run</a> from storona.o(.text.Run) referenced from storona.o(.rodata.Storona)
 <LI><a href="#[67]">SAI1_IRQHandler</a> from startup_stm32f446xx.o(.text) referenced from startup_stm32f446xx.o(RESET)
 <LI><a href="#[68]">SAI2_IRQHandler</a> from startup_stm32f446xx.o(.text) referenced from startup_stm32f446xx.o(RESET)
 <LI><a href="#[49]">SDIO_IRQHandler</a> from startup_stm32f446xx.o(.text) referenced from startup_stm32f446xx.o(RESET)
 <LI><a href="#[6b]">SPDIF_RX_IRQHandler</a> from startup_stm32f446xx.o(.text) referenced from startup_stm32f446xx.o(RESET)
 <LI><a href="#[3b]">SPI1_IRQHandler</a> from startup_stm32f446xx.o(.text) referenced from startup_stm32f446xx.o(RESET)
 <LI><a href="#[3c]">SPI2_IRQHandler</a> from startup_stm32f446xx.o(.text) referenced from startup_stm32f446xx.o(RESET)
 <LI><a href="#[4b]">SPI3_IRQHandler</a> from startup_stm32f446xx.o(.text) referenced from startup_stm32f446xx.o(RESET)
 <LI><a href="#[66]">SPI4_IRQHandler</a> from startup_stm32f446xx.o(.text) referenced from startup_stm32f446xx.o(RESET)
 <LI><a href="#[14]">SVC_Handler</a> from startup_stm32f446xx.o(.text) referenced from startup_stm32f446xx.o(RESET)
 <LI><a href="#[87]">Second</a> from delay.o(.text.Second) referenced from delay.o(.rodata.Delay)
 <LI><a href="#[84]">Show</a> from debugsempl.o(.text.Show) referenced from debugsempl.o(.rodata.DebugSempl)
 <LI><a href="#[11b]">Show</a> from statusbar.o(.text.Show) referenced from statusbar.o(.rodata.StatusBar)
 <LI><a href="#[1c0]">SizePacket</a> from storonaparser.o(.text.SizePacket) referenced from storonaparser.o(.rodata.stateHandler)
 <LI><a href="#[d6]">Spi</a> from init.o(.text.Spi) referenced from init.o(.rodata.Init)
 <LI><a href="#[82]">StatusBarFrequency</a> from ddcdriver.o(.text.StatusBarFrequency) referenced from ddcdriver.o(.rodata.DdcDriver)
 <LI><a href="#[9b]">StatusBarFrequency</a> from ducdriver.o(.text.StatusBarFrequency) referenced from ducdriver.o(.rodata.DucDriver)
 <LI><a href="#[1b0]">StatusBarFrequency</a> from ducparser.o(.text.StatusBarFrequency) referenced 2 times from ducparser.o(.rodata.stateHandler)
 <LI><a href="#[80]">StatusBarMode</a> from ddcdriver.o(.text.StatusBarMode) referenced from ddcdriver.o(.rodata.DdcDriver)
 <LI><a href="#[99]">StatusBarMode</a> from ducdriver.o(.text.StatusBarMode) referenced from ducdriver.o(.rodata.DucDriver)
 <LI><a href="#[1ae]">StatusBarMode</a> from ducparser.o(.text.StatusBarMode) referenced 2 times from ducparser.o(.rodata.stateHandler)
 <LI><a href="#[81]">StatusBarWidth</a> from ddcdriver.o(.text.StatusBarWidth) referenced from ddcdriver.o(.rodata.DdcDriver)
 <LI><a href="#[9a]">StatusBarWidth</a> from ducdriver.o(.text.StatusBarWidth) referenced from ducdriver.o(.rodata.DucDriver)
 <LI><a href="#[1af]">StatusBarWidth</a> from ducparser.o(.text.StatusBarWidth) referenced 2 times from ducparser.o(.rodata.stateHandler)
 <LI><a href="#[a7]">Stop</a> from horizon.o(.text.Stop) referenced from horizon.o(.rodata.Horizon)
 <LI><a href="#[120]">Stop</a> from storona.o(.text.Stop) referenced from storona.o(.rodata.Storona)
 <LI><a href="#[1bf]">Stop</a> from storonaparser.o(.text.Stop) referenced from storonaparser.o(.rodata.stateHandler)
 <LI><a href="#[17]">SysTick_Handler</a> from startup_stm32f446xx.o(.text) referenced from startup_stm32f446xx.o(RESET)
 <LI><a href="#[6e]">SystemInit</a> from system_stm32f4xx.o(.text.SystemInit) referenced from startup_stm32f446xx.o(.text)
 <LI><a href="#[d3]">Systick</a> from init.o(.text.Systick) referenced from init.o(.rodata.Init)
 <LI><a href="#[1a]">TAMP_STAMP_IRQHandler</a> from startup_stm32f446xx.o(.text) referenced from startup_stm32f446xx.o(RESET)
 <LI><a href="#[30]">TIM1_BRK_TIM9_IRQHandler</a> from startup_stm32f446xx.o(.text) referenced from startup_stm32f446xx.o(RESET)
 <LI><a href="#[33]">TIM1_CC_IRQHandler</a> from startup_stm32f446xx.o(.text) referenced from startup_stm32f446xx.o(RESET)
 <LI><a href="#[32]">TIM1_TRG_COM_TIM11_IRQHandler</a> from startup_stm32f446xx.o(.text) referenced from startup_stm32f446xx.o(RESET)
 <LI><a href="#[31]">TIM1_UP_TIM10_IRQHandler</a> from startup_stm32f446xx.o(.text) referenced from startup_stm32f446xx.o(RESET)
 <LI><a href="#[34]">TIM2_IRQHandler</a> from startup_stm32f446xx.o(.text) referenced from startup_stm32f446xx.o(RESET)
 <LI><a href="#[35]">TIM3_IRQHandler</a> from startup_stm32f446xx.o(.text) referenced from startup_stm32f446xx.o(RESET)
 <LI><a href="#[36]">TIM4_IRQHandler</a> from startup_stm32f446xx.o(.text) referenced from startup_stm32f446xx.o(RESET)
 <LI><a href="#[4a]">TIM5_IRQHandler</a> from startup_stm32f446xx.o(.text) referenced from startup_stm32f446xx.o(RESET)
 <LI><a href="#[4e]">TIM6_DAC_IRQHandler</a> from startup_stm32f446xx.o(.text) referenced from startup_stm32f446xx.o(RESET)
 <LI><a href="#[4f]">TIM7_IRQHandler</a> from startup_stm32f446xx.o(.text) referenced from startup_stm32f446xx.o(RESET)
 <LI><a href="#[43]">TIM8_BRK_TIM12_IRQHandler</a> from startup_stm32f446xx.o(.text) referenced from startup_stm32f446xx.o(RESET)
 <LI><a href="#[46]">TIM8_CC_IRQHandler</a> from startup_stm32f446xx.o(.text) referenced from startup_stm32f446xx.o(RESET)
 <LI><a href="#[45]">TIM8_TRG_COM_TIM14_IRQHandler</a> from startup_stm32f446xx.o(.text) referenced from startup_stm32f446xx.o(RESET)
 <LI><a href="#[44]">TIM8_UP_TIM13_IRQHandler</a> from startup_stm32f446xx.o(.text) referenced from startup_stm32f446xx.o(RESET)
 <LI><a href="#[d9]">Tim</a> from init.o(.text.Tim) referenced from init.o(.rodata.Init)
 <LI><a href="#[4c]">UART4_IRQHandler</a> from startup_stm32f446xx.o(.text) referenced from startup_stm32f446xx.o(RESET)
 <LI><a href="#[4d]">UART5_IRQHandler</a> from startup_stm32f446xx.o(.text) referenced from startup_stm32f446xx.o(RESET)
 <LI><a href="#[3d]">USART1_IRQHandler</a> from irq.o(.text.USART1_IRQHandler) referenced from startup_stm32f446xx.o(RESET)
 <LI><a href="#[3e]">USART2_IRQHandler</a> from irq.o(.text.USART2_IRQHandler) referenced from startup_stm32f446xx.o(RESET)
 <LI><a href="#[3f]">USART3_IRQHandler</a> from irq.o(.text.USART3_IRQHandler) referenced from startup_stm32f446xx.o(RESET)
 <LI><a href="#[5d]">USART6_IRQHandler</a> from startup_stm32f446xx.o(.text) referenced from startup_stm32f446xx.o(RESET)
 <LI><a href="#[d4]">Uart</a> from init.o(.text.Uart) referenced from init.o(.rodata.Init)
 <LI><a href="#[90]">Uart1</a> from dmatransfer.o(.text.Uart1) referenced from dmatransfer.o(.rodata.DmaTransfer)
 <LI><a href="#[91]">Uart2</a> from dmatransfer.o(.text.Uart2) referenced from dmatransfer.o(.rodata.DmaTransfer)
 <LI><a href="#[92]">Uart3</a> from dmatransfer.o(.text.Uart3) referenced from dmatransfer.o(.rodata.DmaTransfer)
 <LI><a href="#[b]">Update</a> from semplsender.o(.text.Update) referenced 2 times from semplsender.o(.data.SemplSender)
 <LI><a href="#[70]">Update</a> from agc.o(.text.Update) referenced from agc.o(.rodata.Agc)
 <LI><a href="#[f3]">Update</a> from loopfilter.o(.text.Update) referenced from loopfilter.o(.rodata.LoopFilter)
 <LI><a href="#[13c]">Update</a> from vco.o(.text.Update) referenced from vco.o(.rodata.Vco)
 <LI><a href="#[13]">UsageFault_Handler</a> from startup_stm32f446xx.o(.text) referenced from startup_stm32f446xx.o(RESET)
 <LI><a href="#[11d]">Usb</a> from statusconnect.o(.text.Usb) referenced from statusconnect.o(.rodata.StatusConnect)
 <LI><a href="#[db]">W5500</a> from init.o(.text.W5500) referenced from init.o(.rodata.Init)
 <LI><a href="#[18]">WWDG_IRQHandler</a> from startup_stm32f446xx.o(.text) referenced from startup_stm32f446xx.o(RESET)
 <LI><a href="#[1ab]">Width</a> from ducparser.o(.text.Width) referenced 2 times from ducparser.o(.rodata.stateHandler)
 <LI><a href="#[7d]">WidthGet</a> from ddcdriver.o(.text.WidthGet) referenced from ddcdriver.o(.rodata.DdcDriver)
 <LI><a href="#[96]">WidthGet</a> from ducdriver.o(.text.WidthGet) referenced from ducdriver.o(.rodata.DucDriver)
 <LI><a href="#[7c]">WidthSet</a> from ddcdriver.o(.text.WidthSet) referenced from ddcdriver.o(.rodata.DdcDriver)
 <LI><a href="#[95]">WidthSet</a> from ducdriver.o(.text.WidthSet) referenced from ducdriver.o(.rodata.DucDriver)
 <LI><a href="#[112]">Write</a> from spi.o(.text.Write) referenced from spi.o(.rodata.Spi)
 <LI><a href="#[6f]">__main</a> from __main.o(!!!main) referenced from startup_stm32f446xx.o(.text)
 <LI><a href="#[16a]">commonChipVersionGet</a> from wiznet.o(.text.commonChipVersionGet) referenced from wiznet.o(.rodata.Wiznet)
 <LI><a href="#[140]">commonGatewayAddressGet</a> from wiznet.o(.text.commonGatewayAddressGet) referenced from wiznet.o(.rodata.Wiznet)
 <LI><a href="#[13f]">commonGatewayAddressSet</a> from wiznet.o(.text.commonGatewayAddressSet) referenced from wiznet.o(.rodata.Wiznet)
 <LI><a href="#[14a]">commonInterruptGet</a> from wiznet.o(.text.commonInterruptGet) referenced from wiznet.o(.rodata.Wiznet)
 <LI><a href="#[148]">commonInterruptLowLevelTimerGet</a> from wiznet.o(.text.commonInterruptLowLevelTimerGet) referenced from wiznet.o(.rodata.Wiznet)
 <LI><a href="#[147]">commonInterruptLowLevelTimerSet</a> from wiznet.o(.text.commonInterruptLowLevelTimerSet) referenced from wiznet.o(.rodata.Wiznet)
 <LI><a href="#[14c]">commonInterruptMaskGet</a> from wiznet.o(.text.commonInterruptMaskGet) referenced from wiznet.o(.rodata.Wiznet)
 <LI><a href="#[14b]">commonInterruptMaskSet</a> from wiznet.o(.text.commonInterruptMaskSet) referenced from wiznet.o(.rodata.Wiznet)
 <LI><a href="#[149]">commonInterruptSet</a> from wiznet.o(.text.commonInterruptSet) referenced from wiznet.o(.rodata.Wiznet)
 <LI><a href="#[13e]">commonModeGet</a> from wiznet.o(.text.commonModeGet) referenced from wiznet.o(.rodata.Wiznet)
 <LI><a href="#[13d]">commonModeSet</a> from wiznet.o(.text.commonModeSet) referenced from wiznet.o(.rodata.Wiznet)
 <LI><a href="#[167]">commonPhyConfigurationDpxGet</a> from wiznet.o(.text.commonPhyConfigurationDpxGet) referenced from wiznet.o(.rodata.Wiznet)
 <LI><a href="#[169]">commonPhyConfigurationLnkGet</a> from wiznet.o(.text.commonPhyConfigurationLnkGet) referenced from wiznet.o(.rodata.Wiznet)
 <LI><a href="#[164]">commonPhyConfigurationOpmdGet</a> from wiznet.o(.text.commonPhyConfigurationOpmdGet) referenced from wiznet.o(.rodata.Wiznet)
 <LI><a href="#[163]">commonPhyConfigurationOpmdSet</a> from wiznet.o(.text.commonPhyConfigurationOpmdSet) referenced from wiznet.o(.rodata.Wiznet)
 <LI><a href="#[166]">commonPhyConfigurationOpmdcGet</a> from wiznet.o(.text.commonPhyConfigurationOpmdcGet) referenced from wiznet.o(.rodata.Wiznet)
 <LI><a href="#[165]">commonPhyConfigurationOpmdcSet</a> from wiznet.o(.text.commonPhyConfigurationOpmdcSet) referenced from wiznet.o(.rodata.Wiznet)
 <LI><a href="#[162]">commonPhyConfigurationRstGet</a> from wiznet.o(.text.commonPhyConfigurationRstGet) referenced from wiznet.o(.rodata.Wiznet)
 <LI><a href="#[161]">commonPhyConfigurationRstSet</a> from wiznet.o(.text.commonPhyConfigurationRstSet) referenced from wiznet.o(.rodata.Wiznet)
 <LI><a href="#[168]">commonPhyConfigurationSpdGet</a> from wiznet.o(.text.commonPhyConfigurationSpdGet) referenced from wiznet.o(.rodata.Wiznet)
 <LI><a href="#[15a]">commonPppDestinationMacAddressGet</a> from wiznet.o(.text.commonPppDestinationMacAddressGet) referenced from wiznet.o(.rodata.Wiznet)
 <LI><a href="#[159]">commonPppDestinationMacAddressSet</a> from wiznet.o(.text.commonPppDestinationMacAddressSet) referenced from wiznet.o(.rodata.Wiznet)
 <LI><a href="#[158]">commonPppLcpMagicNumberGet</a> from wiznet.o(.text.commonPppLcpMagicNumberGet) referenced from wiznet.o(.rodata.Wiznet)
 <LI><a href="#[157]">commonPppLcpMagicNumberSet</a> from wiznet.o(.text.commonPppLcpMagicNumberSet) referenced from wiznet.o(.rodata.Wiznet)
 <LI><a href="#[156]">commonPppLcpRequestTimerGet</a> from wiznet.o(.text.commonPppLcpRequestTimerGet) referenced from wiznet.o(.rodata.Wiznet)
 <LI><a href="#[155]">commonPppLcpRequestTimerSet</a> from wiznet.o(.text.commonPppLcpRequestTimerSet) referenced from wiznet.o(.rodata.Wiznet)
 <LI><a href="#[15e]">commonPppMaximumSegmentSizeGet</a> from wiznet.o(.text.commonPppMaximumSegmentSizeGet) referenced from wiznet.o(.rodata.Wiznet)
 <LI><a href="#[15d]">commonPppMaximumSegmentSizeSet</a> from wiznet.o(.text.commonPppMaximumSegmentSizeSet) referenced from wiznet.o(.rodata.Wiznet)
 <LI><a href="#[15c]">commonPppSessionIdentificationGet</a> from wiznet.o(.text.commonPppSessionIdentificationGet) referenced from wiznet.o(.rodata.Wiznet)
 <LI><a href="#[15b]">commonPppSessionIdentificationSet</a> from wiznet.o(.text.commonPppSessionIdentificationSet) referenced from wiznet.o(.rodata.Wiznet)
 <LI><a href="#[154]">commonRetryCountGet</a> from wiznet.o(.text.commonRetryCountGet) referenced from wiznet.o(.rodata.Wiznet)
 <LI><a href="#[153]">commonRetryCountSet</a> from wiznet.o(.text.commonRetryCountSet) referenced from wiznet.o(.rodata.Wiznet)
 <LI><a href="#[152]">commonRetryTimeGet</a> from wiznet.o(.text.commonRetryTimeGet) referenced from wiznet.o(.rodata.Wiznet)
 <LI><a href="#[151]">commonRetryTimeSet</a> from wiznet.o(.text.commonRetryTimeSet) referenced from wiznet.o(.rodata.Wiznet)
 <LI><a href="#[14e]">commonSocketInterruptGet</a> from wiznet.o(.text.commonSocketInterruptGet) referenced from wiznet.o(.rodata.Wiznet)
 <LI><a href="#[150]">commonSocketInterruptMaskGet</a> from wiznet.o(.text.commonSocketInterruptMaskGet) referenced from wiznet.o(.rodata.Wiznet)
 <LI><a href="#[14f]">commonSocketInterruptMaskSet</a> from wiznet.o(.text.commonSocketInterruptMaskSet) referenced from wiznet.o(.rodata.Wiznet)
 <LI><a href="#[14d]">commonSocketInterruptSet</a> from wiznet.o(.text.commonSocketInterruptSet) referenced from wiznet.o(.rodata.Wiznet)
 <LI><a href="#[144]">commonSourceHardwareAddressGet</a> from wiznet.o(.text.commonSourceHardwareAddressGet) referenced from wiznet.o(.rodata.Wiznet)
 <LI><a href="#[143]">commonSourceHardwareAddressSet</a> from wiznet.o(.text.commonSourceHardwareAddressSet) referenced from wiznet.o(.rodata.Wiznet)
 <LI><a href="#[146]">commonSourceIpAddressGet</a> from wiznet.o(.text.commonSourceIpAddressGet) referenced from wiznet.o(.rodata.Wiznet)
 <LI><a href="#[145]">commonSourceIpAddressSet</a> from wiznet.o(.text.commonSourceIpAddressSet) referenced from wiznet.o(.rodata.Wiznet)
 <LI><a href="#[142]">commonSubnetMaskAddressGet</a> from wiznet.o(.text.commonSubnetMaskAddressGet) referenced from wiznet.o(.rodata.Wiznet)
 <LI><a href="#[141]">commonSubnetMaskAddressSet</a> from wiznet.o(.text.commonSubnetMaskAddressSet) referenced from wiznet.o(.rodata.Wiznet)
 <LI><a href="#[15f]">commonUnreachableIpAddressGet</a> from wiznet.o(.text.commonUnreachableIpAddressGet) referenced from wiznet.o(.rodata.Wiznet)
 <LI><a href="#[160]">commonUnreachablePortGet</a> from wiznet.o(.text.commonUnreachablePortGet) referenced from wiznet.o(.rodata.Wiznet)
 <LI><a href="#[78]">complexAbs</a> from iq.o(.text.complexAbs) referenced from iq.o(.rodata.Complex)
 <LI><a href="#[79]">complexAbsInSquare</a> from iq.o(.text.complexAbsInSquare) referenced from iq.o(.rodata.Complex)
 <LI><a href="#[76]">complexAdd</a> from iq.o(.text.complexAdd) referenced from iq.o(.rodata.Complex)
 <LI><a href="#[75]">complexMultiply</a> from iq.o(.text.complexMultiply) referenced from iq.o(.rodata.Complex)
 <LI><a href="#[77]">complexSub</a> from iq.o(.text.complexSub) referenced from iq.o(.rodata.Complex)
 <LI><a href="#[a4]">flashEraseSector</a> from flash.o(.text.flashEraseSector) referenced from flash.o(.rodata.Flash)
 <LI><a href="#[a2]">flashLock</a> from flash.o(.text.flashLock) referenced from flash.o(.rodata.Flash)
 <LI><a href="#[a1]">flashRead</a> from flash.o(.text.flashRead) referenced from flash.o(.rodata.Flash)
 <LI><a href="#[a3]">flashUnlock</a> from flash.o(.text.flashUnlock) referenced from flash.o(.rodata.Flash)
 <LI><a href="#[a0]">flashWrite</a> from flash.o(.text.flashWrite) referenced from flash.o(.rodata.Flash)
 <LI><a href="#[dc]">ledUpdate</a> from led.o(.text.ledUpdate) referenced from led.o(.rodata.Led)
 <LI><a href="#[df]">listClear</a> from list.o(.text.listClear) referenced from list.o(.rodata.List)
 <LI><a href="#[de]">listCopy</a> from list.o(.text.listCopy) referenced from list.o(.rodata.List)
 <LI><a href="#[dd]">listCount</a> from list.o(.text.listCount) referenced from list.o(.rodata.List)
 <LI><a href="#[e1]">listIndexRead</a> from list.o(.text.listIndexRead) referenced from list.o(.rodata.List)
 <LI><a href="#[e0]">listIndexWrite</a> from list.o(.text.listIndexWrite) referenced from list.o(.rodata.List)
 <LI><a href="#[ec]">listReadByte</a> from list.o(.text.listReadByte) referenced from list.o(.rodata.List)
 <LI><a href="#[f2]">listReadComplex</a> from list.o(.text.listReadComplex) referenced from list.o(.rodata.List)
 <LI><a href="#[f1]">listReadFloat</a> from list.o(.text.listReadFloat) referenced from list.o(.rodata.List)
 <LI><a href="#[f0]">listReadInt</a> from list.o(.text.listReadInt) referenced from list.o(.rodata.List)
 <LI><a href="#[ee]">listReadShort</a> from list.o(.text.listReadShort) referenced from list.o(.rodata.List)
 <LI><a href="#[eb]">listReadUbyte</a> from list.o(.text.listReadUbyte) referenced from list.o(.rodata.List)
 <LI><a href="#[ef]">listReadUint</a> from list.o(.text.listReadUint) referenced from list.o(.rodata.List)
 <LI><a href="#[ed]">listReadUshort</a> from list.o(.text.listReadUshort) referenced from list.o(.rodata.List)
 <LI><a href="#[e3]">listWriteByte</a> from list.o(.text.listWriteByte) referenced from list.o(.rodata.List)
 <LI><a href="#[e9]">listWriteComplex</a> from list.o(.text.listWriteComplex) referenced from list.o(.rodata.List)
 <LI><a href="#[e8]">listWriteFloat</a> from list.o(.text.listWriteFloat) referenced from list.o(.rodata.List)
 <LI><a href="#[e7]">listWriteInt</a> from list.o(.text.listWriteInt) referenced from list.o(.rodata.List)
 <LI><a href="#[e5]">listWriteShort</a> from list.o(.text.listWriteShort) referenced from list.o(.rodata.List)
 <LI><a href="#[ea]">listWriteString</a> from list.o(.text.listWriteString) referenced from list.o(.rodata.List)
 <LI><a href="#[e2]">listWriteUbyte</a> from list.o(.text.listWriteUbyte) referenced from list.o(.rodata.List)
 <LI><a href="#[e6]">listWriteUint</a> from list.o(.text.listWriteUint) referenced from list.o(.rodata.List)
 <LI><a href="#[e4]">listWriteUshort</a> from list.o(.text.listWriteUshort) referenced from list.o(.rodata.List)
 <LI><a href="#[100]">printByte</a> from print.o(.text.printByte) referenced from print.o(.rodata.Print)
 <LI><a href="#[102]">printComplex</a> from print.o(.text.printComplex) referenced from print.o(.rodata.Print)
 <LI><a href="#[104]">printConstString</a> from print.o(.text.printConstString) referenced from print.o(.rodata.Print)
 <LI><a href="#[101]">printFloat</a> from print.o(.text.printFloat) referenced from print.o(.rodata.Print)
 <LI><a href="#[fc]">printInt</a> from print.o(.text.printInt) referenced from print.o(.rodata.Print)
 <LI><a href="#[10a]">printLnByte</a> from print.o(.text.printLnByte) referenced from print.o(.rodata.PrintLn)
 <LI><a href="#[10c]">printLnComplex</a> from print.o(.text.printLnComplex) referenced from print.o(.rodata.PrintLn)
 <LI><a href="#[10e]">printLnConstString</a> from print.o(.text.printLnConstString) referenced from print.o(.rodata.PrintLn)
 <LI><a href="#[10b]">printLnFloat</a> from print.o(.text.printLnFloat) referenced from print.o(.rodata.PrintLn)
 <LI><a href="#[106]">printLnInt</a> from print.o(.text.printLnInt) referenced from print.o(.rodata.PrintLn)
 <LI><a href="#[108]">printLnShort</a> from print.o(.text.printLnShort) referenced from print.o(.rodata.PrintLn)
 <LI><a href="#[10d]">printLnString</a> from print.o(.text.printLnString) referenced from print.o(.rodata.PrintLn)
 <LI><a href="#[109]">printLnUbyte</a> from print.o(.text.printLnUbyte) referenced from print.o(.rodata.PrintLn)
 <LI><a href="#[105]">printLnUint</a> from print.o(.text.printLnUint) referenced from print.o(.rodata.PrintLn)
 <LI><a href="#[107]">printLnUshort</a> from print.o(.text.printLnUshort) referenced from print.o(.rodata.PrintLn)
 <LI><a href="#[fe]">printShort</a> from print.o(.text.printShort) referenced from print.o(.rodata.Print)
 <LI><a href="#[103]">printString</a> from print.o(.text.printString) referenced from print.o(.rodata.Print)
 <LI><a href="#[ff]">printUbyte</a> from print.o(.text.printUbyte) referenced from print.o(.rodata.Print)
 <LI><a href="#[fb]">printUint</a> from print.o(.text.printUint) referenced from print.o(.rodata.Print)
 <LI><a href="#[fd]">printUshort</a> from print.o(.text.printUshort) referenced from print.o(.rodata.Print)
 <LI><a href="#[16e]">socketCommandGet</a> from wiznet.o(.text.socketCommandGet) referenced from wiznet.o(.rodata.Wiznet)
 <LI><a href="#[16d]">socketCommandSet</a> from wiznet.o(.text.socketCommandSet) referenced from wiznet.o(.rodata.Wiznet)
 <LI><a href="#[175]">socketDestinationHardwareAddressGet</a> from wiznet.o(.text.socketDestinationHardwareAddressGet) referenced from wiznet.o(.rodata.Wiznet)
 <LI><a href="#[174]">socketDestinationHardwareAddressSet</a> from wiznet.o(.text.socketDestinationHardwareAddressSet) referenced from wiznet.o(.rodata.Wiznet)
 <LI><a href="#[177]">socketDestinationIpAddressGet</a> from wiznet.o(.text.socketDestinationIpAddressGet) referenced from wiznet.o(.rodata.Wiznet)
 <LI><a href="#[176]">socketDestinationIpAddressSet</a> from wiznet.o(.text.socketDestinationIpAddressSet) referenced from wiznet.o(.rodata.Wiznet)
 <LI><a href="#[179]">socketDestinationPortGet</a> from wiznet.o(.text.socketDestinationPortGet) referenced from wiznet.o(.rodata.Wiznet)
 <LI><a href="#[178]">socketDestinationPortSet</a> from wiznet.o(.text.socketDestinationPortSet) referenced from wiznet.o(.rodata.Wiznet)
 <LI><a href="#[18f]">socketFragmentOffsetInIpHeaderGet</a> from wiznet.o(.text.socketFragmentOffsetInIpHeaderGet) referenced from wiznet.o(.rodata.Wiznet)
 <LI><a href="#[18e]">socketFragmentOffsetInIpHeaderSet</a> from wiznet.o(.text.socketFragmentOffsetInIpHeaderSet) referenced from wiznet.o(.rodata.Wiznet)
 <LI><a href="#[170]">socketInterruptGet</a> from wiznet.o(.text.socketInterruptGet) referenced from wiznet.o(.rodata.Wiznet)
 <LI><a href="#[18d]">socketInterruptMaskGet</a> from wiznet.o(.text.socketInterruptMaskGet) referenced from wiznet.o(.rodata.Wiznet)
 <LI><a href="#[18c]">socketInterruptMaskSet</a> from wiznet.o(.text.socketInterruptMaskSet) referenced from wiznet.o(.rodata.Wiznet)
 <LI><a href="#[16f]">socketInterruptSet</a> from wiznet.o(.text.socketInterruptSet) referenced from wiznet.o(.rodata.Wiznet)
 <LI><a href="#[17d]">socketIpTosGet</a> from wiznet.o(.text.socketIpTosGet) referenced from wiznet.o(.rodata.Wiznet)
 <LI><a href="#[17c]">socketIpTosSet</a> from wiznet.o(.text.socketIpTosSet) referenced from wiznet.o(.rodata.Wiznet)
 <LI><a href="#[17f]">socketIpTtlGet</a> from wiznet.o(.text.socketIpTtlGet) referenced from wiznet.o(.rodata.Wiznet)
 <LI><a href="#[17e]">socketIpTtlSet</a> from wiznet.o(.text.socketIpTtlSet) referenced from wiznet.o(.rodata.Wiznet)
 <LI><a href="#[191]">socketKeepAliveTimerGet</a> from wiznet.o(.text.socketKeepAliveTimerGet) referenced from wiznet.o(.rodata.Wiznet)
 <LI><a href="#[190]">socketKeepAliveTimerSet</a> from wiznet.o(.text.socketKeepAliveTimerSet) referenced from wiznet.o(.rodata.Wiznet)
 <LI><a href="#[17b]">socketMaximumSegmentSizeGet</a> from wiznet.o(.text.socketMaximumSegmentSizeGet) referenced from wiznet.o(.rodata.Wiznet)
 <LI><a href="#[17a]">socketMaximumSegmentSizeSet</a> from wiznet.o(.text.socketMaximumSegmentSizeSet) referenced from wiznet.o(.rodata.Wiznet)
 <LI><a href="#[16c]">socketModeGet</a> from wiznet.o(.text.socketModeGet) referenced from wiznet.o(.rodata.Wiznet)
 <LI><a href="#[16b]">socketModeSet</a> from wiznet.o(.text.socketModeSet) referenced from wiznet.o(.rodata.Wiznet)
 <LI><a href="#[10f]">socketRead</a> from socket.o(.text.socketRead) referenced from socket.o(.rodata.Socket)
 <LI><a href="#[181]">socketReceiveBufferSizeGet</a> from wiznet.o(.text.socketReceiveBufferSizeGet) referenced from wiznet.o(.rodata.Wiznet)
 <LI><a href="#[180]">socketReceiveBufferSizeSet</a> from wiznet.o(.text.socketReceiveBufferSizeSet) referenced from wiznet.o(.rodata.Wiznet)
 <LI><a href="#[18a]">socketRxReadPointerGet</a> from wiznet.o(.text.socketRxReadPointerGet) referenced from wiznet.o(.rodata.Wiznet)
 <LI><a href="#[189]">socketRxReadPointerSet</a> from wiznet.o(.text.socketRxReadPointerSet) referenced from wiznet.o(.rodata.Wiznet)
 <LI><a href="#[188]">socketRxReceivedSizeGet</a> from wiznet.o(.text.socketRxReceivedSizeGet) referenced from wiznet.o(.rodata.Wiznet)
 <LI><a href="#[18b]">socketRxWritePointerGet</a> from wiznet.o(.text.socketRxWritePointerGet) referenced from wiznet.o(.rodata.Wiznet)
 <LI><a href="#[173]">socketSourcePortGet</a> from wiznet.o(.text.socketSourcePortGet) referenced from wiznet.o(.rodata.Wiznet)
 <LI><a href="#[172]">socketSourcePortSet</a> from wiznet.o(.text.socketSourcePortSet) referenced from wiznet.o(.rodata.Wiznet)
 <LI><a href="#[111]">socketStateMachine</a> from socket.o(.text.socketStateMachine) referenced from socket.o(.rodata.Socket)
 <LI><a href="#[171]">socketStatusGet</a> from wiznet.o(.text.socketStatusGet) referenced from wiznet.o(.rodata.Wiznet)
 <LI><a href="#[183]">socketTransmitBufferSizeGet</a> from wiznet.o(.text.socketTransmitBufferSizeGet) referenced from wiznet.o(.rodata.Wiznet)
 <LI><a href="#[182]">socketTransmitBufferSizeSet</a> from wiznet.o(.text.socketTransmitBufferSizeSet) referenced from wiznet.o(.rodata.Wiznet)
 <LI><a href="#[184]">socketTxFreeSizeGet</a> from wiznet.o(.text.socketTxFreeSizeGet) referenced from wiznet.o(.rodata.Wiznet)
 <LI><a href="#[185]">socketTxReadPointerGet</a> from wiznet.o(.text.socketTxReadPointerGet) referenced from wiznet.o(.rodata.Wiznet)
 <LI><a href="#[187]">socketTxWritePointerGet</a> from wiznet.o(.text.socketTxWritePointerGet) referenced from wiznet.o(.rodata.Wiznet)
 <LI><a href="#[186]">socketTxWritePointerSet</a> from wiznet.o(.text.socketTxWritePointerSet) referenced from wiznet.o(.rodata.Wiznet)
 <LI><a href="#[110]">socketWrite</a> from socket.o(.text.socketWrite) referenced from socket.o(.rodata.Socket)
</UL>
<P>
<H3>
Global Symbols
</H3>
<P><STRONG><a name="[6f]"></a>__main</STRONG> (Thumb, 8 bytes, Stack size 0 bytes, __main.o(!!!main))
<BR><BR>[Calls]<UL><LI><a href="#[1cc]">&gt;&gt;</a>&nbsp;&nbsp;&nbsp;__rt_entry
<LI><a href="#[1cb]">&gt;&gt;</a>&nbsp;&nbsp;&nbsp;__scatterload
</UL>
<BR>[Address Reference Count : 1]<UL><LI> startup_stm32f446xx.o(.text)
</UL>
<P><STRONG><a name="[1cb]"></a>__scatterload</STRONG> (Thumb, 0 bytes, Stack size unknown bytes, __scatter.o(!!!scatter))
<BR><BR>[Called By]<UL><LI><a href="#[6f]">&gt;&gt;</a>&nbsp;&nbsp;&nbsp;__main
</UL>

<P><STRONG><a name="[1cd]"></a>__scatterload_rt2</STRONG> (Thumb, 44 bytes, Stack size unknown bytes, __scatter.o(!!!scatter), UNUSED)
<BR><BR>[Calls]<UL><LI><a href="#[1cc]">&gt;&gt;</a>&nbsp;&nbsp;&nbsp;__rt_entry
</UL>

<P><STRONG><a name="[1ee]"></a>__scatterload_rt2_thumb_only</STRONG> (Thumb, 0 bytes, Stack size unknown bytes, __scatter.o(!!!scatter), UNUSED)

<P><STRONG><a name="[1ef]"></a>__scatterload_null</STRONG> (Thumb, 0 bytes, Stack size unknown bytes, __scatter.o(!!!scatter), UNUSED)

<P><STRONG><a name="[1f0]"></a>__decompress</STRONG> (Thumb, 90 bytes, Stack size unknown bytes, __dczerorl2.o(!!dczerorl2), UNUSED)

<P><STRONG><a name="[1f1]"></a>__decompress1</STRONG> (Thumb, 0 bytes, Stack size unknown bytes, __dczerorl2.o(!!dczerorl2), UNUSED)

<P><STRONG><a name="[1f2]"></a>__scatterload_zeroinit</STRONG> (Thumb, 28 bytes, Stack size unknown bytes, __scatter_zi.o(!!handler_zi), UNUSED)

<P><STRONG><a name="[1d3]"></a>__rt_lib_init</STRONG> (Thumb, 0 bytes, Stack size unknown bytes, libinit.o(.ARM.Collect$$libinit$$00000000))
<BR><BR>[Called By]<UL><LI><a href="#[1d2]">&gt;&gt;</a>&nbsp;&nbsp;&nbsp;__rt_entry_li
</UL>

<P><STRONG><a name="[1ce]"></a>__rt_lib_init_fp_1</STRONG> (Thumb, 0 bytes, Stack size unknown bytes, libinit2.o(.ARM.Collect$$libinit$$00000001))
<BR><BR>[Calls]<UL><LI><a href="#[1cf]">&gt;&gt;</a>&nbsp;&nbsp;&nbsp;_fp_init
</UL>

<P><STRONG><a name="[1f3]"></a>__rt_lib_init_alloca_1</STRONG> (Thumb, 0 bytes, Stack size unknown bytes, libinit2.o(.ARM.Collect$$libinit$$0000002E))

<P><STRONG><a name="[1f4]"></a>__rt_lib_init_argv_1</STRONG> (Thumb, 0 bytes, Stack size unknown bytes, libinit2.o(.ARM.Collect$$libinit$$0000002C))

<P><STRONG><a name="[1f5]"></a>__rt_lib_init_atexit_1</STRONG> (Thumb, 0 bytes, Stack size unknown bytes, libinit2.o(.ARM.Collect$$libinit$$0000001B))

<P><STRONG><a name="[1f6]"></a>__rt_lib_init_clock_1</STRONG> (Thumb, 0 bytes, Stack size unknown bytes, libinit2.o(.ARM.Collect$$libinit$$00000021))

<P><STRONG><a name="[1f7]"></a>__rt_lib_init_cpp_1</STRONG> (Thumb, 0 bytes, Stack size unknown bytes, libinit2.o(.ARM.Collect$$libinit$$00000032))

<P><STRONG><a name="[1f8]"></a>__rt_lib_init_exceptions_1</STRONG> (Thumb, 0 bytes, Stack size unknown bytes, libinit2.o(.ARM.Collect$$libinit$$00000030))

<P><STRONG><a name="[1f9]"></a>__rt_lib_init_fp_trap_1</STRONG> (Thumb, 0 bytes, Stack size unknown bytes, libinit2.o(.ARM.Collect$$libinit$$0000001F))

<P><STRONG><a name="[1fa]"></a>__rt_lib_init_getenv_1</STRONG> (Thumb, 0 bytes, Stack size unknown bytes, libinit2.o(.ARM.Collect$$libinit$$00000023))

<P><STRONG><a name="[1fb]"></a>__rt_lib_init_heap_1</STRONG> (Thumb, 0 bytes, Stack size unknown bytes, libinit2.o(.ARM.Collect$$libinit$$0000000A))

<P><STRONG><a name="[1fc]"></a>__rt_lib_init_lc_collate_1</STRONG> (Thumb, 0 bytes, Stack size unknown bytes, libinit2.o(.ARM.Collect$$libinit$$00000011))

<P><STRONG><a name="[1fd]"></a>__rt_lib_init_lc_ctype_1</STRONG> (Thumb, 0 bytes, Stack size unknown bytes, libinit2.o(.ARM.Collect$$libinit$$00000013))

<P><STRONG><a name="[1fe]"></a>__rt_lib_init_lc_monetary_1</STRONG> (Thumb, 0 bytes, Stack size unknown bytes, libinit2.o(.ARM.Collect$$libinit$$00000015))

<P><STRONG><a name="[1ff]"></a>__rt_lib_init_lc_numeric_1</STRONG> (Thumb, 0 bytes, Stack size unknown bytes, libinit2.o(.ARM.Collect$$libinit$$00000017))

<P><STRONG><a name="[200]"></a>__rt_lib_init_lc_time_1</STRONG> (Thumb, 0 bytes, Stack size unknown bytes, libinit2.o(.ARM.Collect$$libinit$$00000019))

<P><STRONG><a name="[201]"></a>__rt_lib_init_preinit_1</STRONG> (Thumb, 0 bytes, Stack size unknown bytes, libinit2.o(.ARM.Collect$$libinit$$00000004))

<P><STRONG><a name="[202]"></a>__rt_lib_init_rand_1</STRONG> (Thumb, 0 bytes, Stack size unknown bytes, libinit2.o(.ARM.Collect$$libinit$$0000000E))

<P><STRONG><a name="[203]"></a>__rt_lib_init_return</STRONG> (Thumb, 0 bytes, Stack size unknown bytes, libinit2.o(.ARM.Collect$$libinit$$00000033))

<P><STRONG><a name="[204]"></a>__rt_lib_init_signal_1</STRONG> (Thumb, 0 bytes, Stack size unknown bytes, libinit2.o(.ARM.Collect$$libinit$$0000001D))

<P><STRONG><a name="[205]"></a>__rt_lib_init_stdio_1</STRONG> (Thumb, 0 bytes, Stack size unknown bytes, libinit2.o(.ARM.Collect$$libinit$$00000025))

<P><STRONG><a name="[206]"></a>__rt_lib_init_user_alloc_1</STRONG> (Thumb, 0 bytes, Stack size unknown bytes, libinit2.o(.ARM.Collect$$libinit$$0000000C))

<P><STRONG><a name="[1d8]"></a>__rt_lib_shutdown</STRONG> (Thumb, 0 bytes, Stack size unknown bytes, libshutdown.o(.ARM.Collect$$libshutdown$$00000000))
<BR><BR>[Called By]<UL><LI><a href="#[1d7]">&gt;&gt;</a>&nbsp;&nbsp;&nbsp;__rt_exit_ls
</UL>

<P><STRONG><a name="[207]"></a>__rt_lib_shutdown_cpp_1</STRONG> (Thumb, 0 bytes, Stack size unknown bytes, libshutdown2.o(.ARM.Collect$$libshutdown$$00000002))

<P><STRONG><a name="[208]"></a>__rt_lib_shutdown_fp_trap_1</STRONG> (Thumb, 0 bytes, Stack size unknown bytes, libshutdown2.o(.ARM.Collect$$libshutdown$$00000007))

<P><STRONG><a name="[209]"></a>__rt_lib_shutdown_heap_1</STRONG> (Thumb, 0 bytes, Stack size unknown bytes, libshutdown2.o(.ARM.Collect$$libshutdown$$0000000F))

<P><STRONG><a name="[20a]"></a>__rt_lib_shutdown_return</STRONG> (Thumb, 0 bytes, Stack size unknown bytes, libshutdown2.o(.ARM.Collect$$libshutdown$$00000010))

<P><STRONG><a name="[20b]"></a>__rt_lib_shutdown_signal_1</STRONG> (Thumb, 0 bytes, Stack size unknown bytes, libshutdown2.o(.ARM.Collect$$libshutdown$$0000000A))

<P><STRONG><a name="[20c]"></a>__rt_lib_shutdown_stdio_1</STRONG> (Thumb, 0 bytes, Stack size unknown bytes, libshutdown2.o(.ARM.Collect$$libshutdown$$00000004))

<P><STRONG><a name="[20d]"></a>__rt_lib_shutdown_user_alloc_1</STRONG> (Thumb, 0 bytes, Stack size unknown bytes, libshutdown2.o(.ARM.Collect$$libshutdown$$0000000C))

<P><STRONG><a name="[1cc]"></a>__rt_entry</STRONG> (Thumb, 0 bytes, Stack size unknown bytes, __rtentry.o(.ARM.Collect$$rtentry$$00000000))
<BR><BR>[Called By]<UL><LI><a href="#[6f]">&gt;&gt;</a>&nbsp;&nbsp;&nbsp;__main
<LI><a href="#[1cd]">&gt;&gt;</a>&nbsp;&nbsp;&nbsp;__scatterload_rt2
</UL>

<P><STRONG><a name="[20e]"></a>__rt_entry_presh_1</STRONG> (Thumb, 0 bytes, Stack size unknown bytes, __rtentry2.o(.ARM.Collect$$rtentry$$00000002))

<P><STRONG><a name="[1d0]"></a>__rt_entry_sh</STRONG> (Thumb, 0 bytes, Stack size unknown bytes, __rtentry4.o(.ARM.Collect$$rtentry$$00000004))
<BR><BR>[Stack]<UL><LI>Max Depth = 8 + Unknown Stack Size
<LI>Call Chain = __rt_entry_sh &rArr; __user_setup_stackheap
</UL>
<BR>[Calls]<UL><LI><a href="#[1d1]">&gt;&gt;</a>&nbsp;&nbsp;&nbsp;__user_setup_stackheap
</UL>

<P><STRONG><a name="[1d2]"></a>__rt_entry_li</STRONG> (Thumb, 0 bytes, Stack size unknown bytes, __rtentry2.o(.ARM.Collect$$rtentry$$0000000A))
<BR><BR>[Calls]<UL><LI><a href="#[1d3]">&gt;&gt;</a>&nbsp;&nbsp;&nbsp;__rt_lib_init
</UL>

<P><STRONG><a name="[20f]"></a>__rt_entry_postsh_1</STRONG> (Thumb, 0 bytes, Stack size unknown bytes, __rtentry2.o(.ARM.Collect$$rtentry$$00000009))

<P><STRONG><a name="[1d4]"></a>__rt_entry_main</STRONG> (Thumb, 0 bytes, Stack size unknown bytes, __rtentry2.o(.ARM.Collect$$rtentry$$0000000D))
<BR><BR>[Stack]<UL><LI>Max Depth = 48 + Unknown Stack Size
<LI>Call Chain = __rt_entry_main &rArr; main
</UL>
<BR>[Calls]<UL><LI><a href="#[1d5]">&gt;&gt;</a>&nbsp;&nbsp;&nbsp;main
<LI><a href="#[1d6]">&gt;&gt;</a>&nbsp;&nbsp;&nbsp;exit
</UL>

<P><STRONG><a name="[210]"></a>__rt_entry_postli_1</STRONG> (Thumb, 0 bytes, Stack size unknown bytes, __rtentry2.o(.ARM.Collect$$rtentry$$0000000C))

<P><STRONG><a name="[1e0]"></a>__rt_exit</STRONG> (Thumb, 0 bytes, Stack size unknown bytes, rtexit.o(.ARM.Collect$$rtexit$$00000000))
<BR><BR>[Called By]<UL><LI><a href="#[1d6]">&gt;&gt;</a>&nbsp;&nbsp;&nbsp;exit
</UL>

<P><STRONG><a name="[1d7]"></a>__rt_exit_ls</STRONG> (Thumb, 0 bytes, Stack size unknown bytes, rtexit2.o(.ARM.Collect$$rtexit$$00000003))
<BR><BR>[Calls]<UL><LI><a href="#[1d8]">&gt;&gt;</a>&nbsp;&nbsp;&nbsp;__rt_lib_shutdown
</UL>

<P><STRONG><a name="[211]"></a>__rt_exit_prels_1</STRONG> (Thumb, 0 bytes, Stack size unknown bytes, rtexit2.o(.ARM.Collect$$rtexit$$00000002))

<P><STRONG><a name="[1d9]"></a>__rt_exit_exit</STRONG> (Thumb, 0 bytes, Stack size unknown bytes, rtexit2.o(.ARM.Collect$$rtexit$$00000004))
<BR><BR>[Calls]<UL><LI><a href="#[1da]">&gt;&gt;</a>&nbsp;&nbsp;&nbsp;_sys_exit
</UL>

<P><STRONG><a name="[e]"></a>Reset_Handler</STRONG> (Thumb, 8 bytes, Stack size 0 bytes, startup_stm32f446xx.o(.text))
<BR>[Address Reference Count : 1]<UL><LI> startup_stm32f446xx.o(RESET)
</UL>
<P><STRONG><a name="[f]"></a>NMI_Handler</STRONG> (Thumb, 2 bytes, Stack size 0 bytes, startup_stm32f446xx.o(.text))
<BR><BR>[Calls]<UL><LI><a href="#[f]">&gt;&gt;</a>&nbsp;&nbsp;&nbsp;NMI_Handler
</UL>
<BR>[Called By]<UL><LI><a href="#[f]">&gt;&gt;</a>&nbsp;&nbsp;&nbsp;NMI_Handler
</UL>
<BR>[Address Reference Count : 1]<UL><LI> startup_stm32f446xx.o(RESET)
</UL>
<P><STRONG><a name="[10]"></a>HardFault_Handler</STRONG> (Thumb, 2 bytes, Stack size 0 bytes, startup_stm32f446xx.o(.text))
<BR><BR>[Calls]<UL><LI><a href="#[10]">&gt;&gt;</a>&nbsp;&nbsp;&nbsp;HardFault_Handler
</UL>
<BR>[Called By]<UL><LI><a href="#[10]">&gt;&gt;</a>&nbsp;&nbsp;&nbsp;HardFault_Handler
</UL>
<BR>[Address Reference Count : 1]<UL><LI> startup_stm32f446xx.o(RESET)
</UL>
<P><STRONG><a name="[11]"></a>MemManage_Handler</STRONG> (Thumb, 2 bytes, Stack size 0 bytes, startup_stm32f446xx.o(.text))
<BR><BR>[Calls]<UL><LI><a href="#[11]">&gt;&gt;</a>&nbsp;&nbsp;&nbsp;MemManage_Handler
</UL>
<BR>[Called By]<UL><LI><a href="#[11]">&gt;&gt;</a>&nbsp;&nbsp;&nbsp;MemManage_Handler
</UL>
<BR>[Address Reference Count : 1]<UL><LI> startup_stm32f446xx.o(RESET)
</UL>
<P><STRONG><a name="[12]"></a>BusFault_Handler</STRONG> (Thumb, 2 bytes, Stack size 0 bytes, startup_stm32f446xx.o(.text))
<BR><BR>[Calls]<UL><LI><a href="#[12]">&gt;&gt;</a>&nbsp;&nbsp;&nbsp;BusFault_Handler
</UL>
<BR>[Called By]<UL><LI><a href="#[12]">&gt;&gt;</a>&nbsp;&nbsp;&nbsp;BusFault_Handler
</UL>
<BR>[Address Reference Count : 1]<UL><LI> startup_stm32f446xx.o(RESET)
</UL>
<P><STRONG><a name="[13]"></a>UsageFault_Handler</STRONG> (Thumb, 2 bytes, Stack size 0 bytes, startup_stm32f446xx.o(.text))
<BR><BR>[Calls]<UL><LI><a href="#[13]">&gt;&gt;</a>&nbsp;&nbsp;&nbsp;UsageFault_Handler
</UL>
<BR>[Called By]<UL><LI><a href="#[13]">&gt;&gt;</a>&nbsp;&nbsp;&nbsp;UsageFault_Handler
</UL>
<BR>[Address Reference Count : 1]<UL><LI> startup_stm32f446xx.o(RESET)
</UL>
<P><STRONG><a name="[14]"></a>SVC_Handler</STRONG> (Thumb, 2 bytes, Stack size 0 bytes, startup_stm32f446xx.o(.text))
<BR><BR>[Calls]<UL><LI><a href="#[14]">&gt;&gt;</a>&nbsp;&nbsp;&nbsp;SVC_Handler
</UL>
<BR>[Called By]<UL><LI><a href="#[14]">&gt;&gt;</a>&nbsp;&nbsp;&nbsp;SVC_Handler
</UL>
<BR>[Address Reference Count : 1]<UL><LI> startup_stm32f446xx.o(RESET)
</UL>
<P><STRONG><a name="[15]"></a>DebugMon_Handler</STRONG> (Thumb, 2 bytes, Stack size 0 bytes, startup_stm32f446xx.o(.text))
<BR><BR>[Calls]<UL><LI><a href="#[15]">&gt;&gt;</a>&nbsp;&nbsp;&nbsp;DebugMon_Handler
</UL>
<BR>[Called By]<UL><LI><a href="#[15]">&gt;&gt;</a>&nbsp;&nbsp;&nbsp;DebugMon_Handler
</UL>
<BR>[Address Reference Count : 1]<UL><LI> startup_stm32f446xx.o(RESET)
</UL>
<P><STRONG><a name="[16]"></a>PendSV_Handler</STRONG> (Thumb, 2 bytes, Stack size 0 bytes, startup_stm32f446xx.o(.text))
<BR><BR>[Calls]<UL><LI><a href="#[16]">&gt;&gt;</a>&nbsp;&nbsp;&nbsp;PendSV_Handler
</UL>
<BR>[Called By]<UL><LI><a href="#[16]">&gt;&gt;</a>&nbsp;&nbsp;&nbsp;PendSV_Handler
</UL>
<BR>[Address Reference Count : 1]<UL><LI> startup_stm32f446xx.o(RESET)
</UL>
<P><STRONG><a name="[17]"></a>SysTick_Handler</STRONG> (Thumb, 2 bytes, Stack size 0 bytes, startup_stm32f446xx.o(.text))
<BR><BR>[Calls]<UL><LI><a href="#[17]">&gt;&gt;</a>&nbsp;&nbsp;&nbsp;SysTick_Handler
</UL>
<BR>[Called By]<UL><LI><a href="#[17]">&gt;&gt;</a>&nbsp;&nbsp;&nbsp;SysTick_Handler
</UL>
<BR>[Address Reference Count : 1]<UL><LI> startup_stm32f446xx.o(RESET)
</UL>
<P><STRONG><a name="[2a]"></a>ADC_IRQHandler</STRONG> (Thumb, 0 bytes, Stack size 0 bytes, startup_stm32f446xx.o(.text))
<BR><BR>[Calls]<UL><LI><a href="#[2a]">&gt;&gt;</a>&nbsp;&nbsp;&nbsp;ADC_IRQHandler
</UL>
<BR>[Called By]<UL><LI><a href="#[2a]">&gt;&gt;</a>&nbsp;&nbsp;&nbsp;ADC_IRQHandler
</UL>
<BR>[Address Reference Count : 1]<UL><LI> startup_stm32f446xx.o(RESET)
</UL>
<P><STRONG><a name="[2c]"></a>CAN1_RX0_IRQHandler</STRONG> (Thumb, 0 bytes, Stack size 0 bytes, startup_stm32f446xx.o(.text))
<BR>[Address Reference Count : 1]<UL><LI> startup_stm32f446xx.o(RESET)
</UL>
<P><STRONG><a name="[2d]"></a>CAN1_RX1_IRQHandler</STRONG> (Thumb, 0 bytes, Stack size 0 bytes, startup_stm32f446xx.o(.text))
<BR>[Address Reference Count : 1]<UL><LI> startup_stm32f446xx.o(RESET)
</UL>
<P><STRONG><a name="[2e]"></a>CAN1_SCE_IRQHandler</STRONG> (Thumb, 0 bytes, Stack size 0 bytes, startup_stm32f446xx.o(.text))
<BR>[Address Reference Count : 1]<UL><LI> startup_stm32f446xx.o(RESET)
</UL>
<P><STRONG><a name="[2b]"></a>CAN1_TX_IRQHandler</STRONG> (Thumb, 0 bytes, Stack size 0 bytes, startup_stm32f446xx.o(.text))
<BR>[Address Reference Count : 1]<UL><LI> startup_stm32f446xx.o(RESET)
</UL>
<P><STRONG><a name="[56]"></a>CAN2_RX0_IRQHandler</STRONG> (Thumb, 0 bytes, Stack size 0 bytes, startup_stm32f446xx.o(.text))
<BR>[Address Reference Count : 1]<UL><LI> startup_stm32f446xx.o(RESET)
</UL>
<P><STRONG><a name="[57]"></a>CAN2_RX1_IRQHandler</STRONG> (Thumb, 0 bytes, Stack size 0 bytes, startup_stm32f446xx.o(.text))
<BR>[Address Reference Count : 1]<UL><LI> startup_stm32f446xx.o(RESET)
</UL>
<P><STRONG><a name="[58]"></a>CAN2_SCE_IRQHandler</STRONG> (Thumb, 0 bytes, Stack size 0 bytes, startup_stm32f446xx.o(.text))
<BR>[Address Reference Count : 1]<UL><LI> startup_stm32f446xx.o(RESET)
</UL>
<P><STRONG><a name="[55]"></a>CAN2_TX_IRQHandler</STRONG> (Thumb, 0 bytes, Stack size 0 bytes, startup_stm32f446xx.o(.text))
<BR>[Address Reference Count : 1]<UL><LI> startup_stm32f446xx.o(RESET)
</UL>
<P><STRONG><a name="[6a]"></a>CEC_IRQHandler</STRONG> (Thumb, 0 bytes, Stack size 0 bytes, startup_stm32f446xx.o(.text))
<BR>[Address Reference Count : 1]<UL><LI> startup_stm32f446xx.o(RESET)
</UL>
<P><STRONG><a name="[64]"></a>DCMI_IRQHandler</STRONG> (Thumb, 0 bytes, Stack size 0 bytes, startup_stm32f446xx.o(.text))
<BR>[Address Reference Count : 1]<UL><LI> startup_stm32f446xx.o(RESET)
</UL>
<P><STRONG><a name="[23]"></a>DMA1_Stream0_IRQHandler</STRONG> (Thumb, 0 bytes, Stack size 0 bytes, startup_stm32f446xx.o(.text))
<BR>[Address Reference Count : 1]<UL><LI> startup_stm32f446xx.o(RESET)
</UL>
<P><STRONG><a name="[24]"></a>DMA1_Stream1_IRQHandler</STRONG> (Thumb, 0 bytes, Stack size 0 bytes, startup_stm32f446xx.o(.text))
<BR>[Address Reference Count : 1]<UL><LI> startup_stm32f446xx.o(RESET)
</UL>
<P><STRONG><a name="[25]"></a>DMA1_Stream2_IRQHandler</STRONG> (Thumb, 0 bytes, Stack size 0 bytes, startup_stm32f446xx.o(.text))
<BR>[Address Reference Count : 1]<UL><LI> startup_stm32f446xx.o(RESET)
</UL>
<P><STRONG><a name="[26]"></a>DMA1_Stream3_IRQHandler</STRONG> (Thumb, 0 bytes, Stack size 0 bytes, startup_stm32f446xx.o(.text))
<BR>[Address Reference Count : 1]<UL><LI> startup_stm32f446xx.o(RESET)
</UL>
<P><STRONG><a name="[27]"></a>DMA1_Stream4_IRQHandler</STRONG> (Thumb, 0 bytes, Stack size 0 bytes, startup_stm32f446xx.o(.text))
<BR>[Address Reference Count : 1]<UL><LI> startup_stm32f446xx.o(RESET)
</UL>
<P><STRONG><a name="[28]"></a>DMA1_Stream5_IRQHandler</STRONG> (Thumb, 0 bytes, Stack size 0 bytes, startup_stm32f446xx.o(.text))
<BR>[Address Reference Count : 1]<UL><LI> startup_stm32f446xx.o(RESET)
</UL>
<P><STRONG><a name="[29]"></a>DMA1_Stream6_IRQHandler</STRONG> (Thumb, 0 bytes, Stack size 0 bytes, startup_stm32f446xx.o(.text))
<BR>[Address Reference Count : 1]<UL><LI> startup_stm32f446xx.o(RESET)
</UL>
<P><STRONG><a name="[47]"></a>DMA1_Stream7_IRQHandler</STRONG> (Thumb, 0 bytes, Stack size 0 bytes, startup_stm32f446xx.o(.text))
<BR>[Address Reference Count : 1]<UL><LI> startup_stm32f446xx.o(RESET)
</UL>
<P><STRONG><a name="[50]"></a>DMA2_Stream0_IRQHandler</STRONG> (Thumb, 0 bytes, Stack size 0 bytes, startup_stm32f446xx.o(.text))
<BR>[Address Reference Count : 1]<UL><LI> startup_stm32f446xx.o(RESET)
</UL>
<P><STRONG><a name="[51]"></a>DMA2_Stream1_IRQHandler</STRONG> (Thumb, 0 bytes, Stack size 0 bytes, startup_stm32f446xx.o(.text))
<BR>[Address Reference Count : 1]<UL><LI> startup_stm32f446xx.o(RESET)
</UL>
<P><STRONG><a name="[52]"></a>DMA2_Stream2_IRQHandler</STRONG> (Thumb, 0 bytes, Stack size 0 bytes, startup_stm32f446xx.o(.text))
<BR>[Address Reference Count : 1]<UL><LI> startup_stm32f446xx.o(RESET)
</UL>
<P><STRONG><a name="[53]"></a>DMA2_Stream3_IRQHandler</STRONG> (Thumb, 0 bytes, Stack size 0 bytes, startup_stm32f446xx.o(.text))
<BR>[Address Reference Count : 1]<UL><LI> startup_stm32f446xx.o(RESET)
</UL>
<P><STRONG><a name="[54]"></a>DMA2_Stream4_IRQHandler</STRONG> (Thumb, 0 bytes, Stack size 0 bytes, startup_stm32f446xx.o(.text))
<BR>[Address Reference Count : 1]<UL><LI> startup_stm32f446xx.o(RESET)
</UL>
<P><STRONG><a name="[5a]"></a>DMA2_Stream5_IRQHandler</STRONG> (Thumb, 0 bytes, Stack size 0 bytes, startup_stm32f446xx.o(.text))
<BR>[Address Reference Count : 1]<UL><LI> startup_stm32f446xx.o(RESET)
</UL>
<P><STRONG><a name="[5b]"></a>DMA2_Stream6_IRQHandler</STRONG> (Thumb, 0 bytes, Stack size 0 bytes, startup_stm32f446xx.o(.text))
<BR>[Address Reference Count : 1]<UL><LI> startup_stm32f446xx.o(RESET)
</UL>
<P><STRONG><a name="[5c]"></a>DMA2_Stream7_IRQHandler</STRONG> (Thumb, 0 bytes, Stack size 0 bytes, startup_stm32f446xx.o(.text))
<BR>[Address Reference Count : 1]<UL><LI> startup_stm32f446xx.o(RESET)
</UL>
<P><STRONG><a name="[1e]"></a>EXTI0_IRQHandler</STRONG> (Thumb, 0 bytes, Stack size 0 bytes, startup_stm32f446xx.o(.text))
<BR>[Address Reference Count : 1]<UL><LI> startup_stm32f446xx.o(RESET)
</UL>
<P><STRONG><a name="[40]"></a>EXTI15_10_IRQHandler</STRONG> (Thumb, 0 bytes, Stack size 0 bytes, startup_stm32f446xx.o(.text))
<BR>[Address Reference Count : 1]<UL><LI> startup_stm32f446xx.o(RESET)
</UL>
<P><STRONG><a name="[1f]"></a>EXTI1_IRQHandler</STRONG> (Thumb, 0 bytes, Stack size 0 bytes, startup_stm32f446xx.o(.text))
<BR>[Address Reference Count : 1]<UL><LI> startup_stm32f446xx.o(RESET)
</UL>
<P><STRONG><a name="[20]"></a>EXTI2_IRQHandler</STRONG> (Thumb, 0 bytes, Stack size 0 bytes, startup_stm32f446xx.o(.text))
<BR>[Address Reference Count : 1]<UL><LI> startup_stm32f446xx.o(RESET)
</UL>
<P><STRONG><a name="[21]"></a>EXTI3_IRQHandler</STRONG> (Thumb, 0 bytes, Stack size 0 bytes, startup_stm32f446xx.o(.text))
<BR>[Address Reference Count : 1]<UL><LI> startup_stm32f446xx.o(RESET)
</UL>
<P><STRONG><a name="[22]"></a>EXTI4_IRQHandler</STRONG> (Thumb, 0 bytes, Stack size 0 bytes, startup_stm32f446xx.o(.text))
<BR>[Address Reference Count : 1]<UL><LI> startup_stm32f446xx.o(RESET)
</UL>
<P><STRONG><a name="[2f]"></a>EXTI9_5_IRQHandler</STRONG> (Thumb, 0 bytes, Stack size 0 bytes, startup_stm32f446xx.o(.text))
<BR>[Address Reference Count : 1]<UL><LI> startup_stm32f446xx.o(RESET)
</UL>
<P><STRONG><a name="[1c]"></a>FLASH_IRQHandler</STRONG> (Thumb, 0 bytes, Stack size 0 bytes, startup_stm32f446xx.o(.text))
<BR>[Address Reference Count : 1]<UL><LI> startup_stm32f446xx.o(RESET)
</UL>
<P><STRONG><a name="[48]"></a>FMC_IRQHandler</STRONG> (Thumb, 0 bytes, Stack size 0 bytes, startup_stm32f446xx.o(.text))
<BR>[Address Reference Count : 1]<UL><LI> startup_stm32f446xx.o(RESET)
</UL>
<P><STRONG><a name="[6d]"></a>FMPI2C1_ER_IRQHandler</STRONG> (Thumb, 0 bytes, Stack size 0 bytes, startup_stm32f446xx.o(.text))
<BR>[Address Reference Count : 1]<UL><LI> startup_stm32f446xx.o(RESET)
</UL>
<P><STRONG><a name="[6c]"></a>FMPI2C1_EV_IRQHandler</STRONG> (Thumb, 0 bytes, Stack size 0 bytes, startup_stm32f446xx.o(.text))
<BR>[Address Reference Count : 1]<UL><LI> startup_stm32f446xx.o(RESET)
</UL>
<P><STRONG><a name="[65]"></a>FPU_IRQHandler</STRONG> (Thumb, 0 bytes, Stack size 0 bytes, startup_stm32f446xx.o(.text))
<BR>[Address Reference Count : 1]<UL><LI> startup_stm32f446xx.o(RESET)
</UL>
<P><STRONG><a name="[38]"></a>I2C1_ER_IRQHandler</STRONG> (Thumb, 0 bytes, Stack size 0 bytes, startup_stm32f446xx.o(.text))
<BR>[Address Reference Count : 1]<UL><LI> startup_stm32f446xx.o(RESET)
</UL>
<P><STRONG><a name="[37]"></a>I2C1_EV_IRQHandler</STRONG> (Thumb, 0 bytes, Stack size 0 bytes, startup_stm32f446xx.o(.text))
<BR>[Address Reference Count : 1]<UL><LI> startup_stm32f446xx.o(RESET)
</UL>
<P><STRONG><a name="[3a]"></a>I2C2_ER_IRQHandler</STRONG> (Thumb, 0 bytes, Stack size 0 bytes, startup_stm32f446xx.o(.text))
<BR>[Address Reference Count : 1]<UL><LI> startup_stm32f446xx.o(RESET)
</UL>
<P><STRONG><a name="[39]"></a>I2C2_EV_IRQHandler</STRONG> (Thumb, 0 bytes, Stack size 0 bytes, startup_stm32f446xx.o(.text))
<BR>[Address Reference Count : 1]<UL><LI> startup_stm32f446xx.o(RESET)
</UL>
<P><STRONG><a name="[5f]"></a>I2C3_ER_IRQHandler</STRONG> (Thumb, 0 bytes, Stack size 0 bytes, startup_stm32f446xx.o(.text))
<BR>[Address Reference Count : 1]<UL><LI> startup_stm32f446xx.o(RESET)
</UL>
<P><STRONG><a name="[5e]"></a>I2C3_EV_IRQHandler</STRONG> (Thumb, 0 bytes, Stack size 0 bytes, startup_stm32f446xx.o(.text))
<BR>[Address Reference Count : 1]<UL><LI> startup_stm32f446xx.o(RESET)
</UL>
<P><STRONG><a name="[59]"></a>OTG_FS_IRQHandler</STRONG> (Thumb, 0 bytes, Stack size 0 bytes, startup_stm32f446xx.o(.text))
<BR>[Address Reference Count : 1]<UL><LI> startup_stm32f446xx.o(RESET)
</UL>
<P><STRONG><a name="[42]"></a>OTG_FS_WKUP_IRQHandler</STRONG> (Thumb, 0 bytes, Stack size 0 bytes, startup_stm32f446xx.o(.text))
<BR>[Address Reference Count : 1]<UL><LI> startup_stm32f446xx.o(RESET)
</UL>
<P><STRONG><a name="[61]"></a>OTG_HS_EP1_IN_IRQHandler</STRONG> (Thumb, 0 bytes, Stack size 0 bytes, startup_stm32f446xx.o(.text))
<BR>[Address Reference Count : 1]<UL><LI> startup_stm32f446xx.o(RESET)
</UL>
<P><STRONG><a name="[60]"></a>OTG_HS_EP1_OUT_IRQHandler</STRONG> (Thumb, 0 bytes, Stack size 0 bytes, startup_stm32f446xx.o(.text))
<BR>[Address Reference Count : 1]<UL><LI> startup_stm32f446xx.o(RESET)
</UL>
<P><STRONG><a name="[63]"></a>OTG_HS_IRQHandler</STRONG> (Thumb, 0 bytes, Stack size 0 bytes, startup_stm32f446xx.o(.text))
<BR>[Address Reference Count : 1]<UL><LI> startup_stm32f446xx.o(RESET)
</UL>
<P><STRONG><a name="[62]"></a>OTG_HS_WKUP_IRQHandler</STRONG> (Thumb, 0 bytes, Stack size 0 bytes, startup_stm32f446xx.o(.text))
[...]
</UL>
<P><STRONG><a name="[115]"></a>DdcWidth</STRONG> (Thumb, 12 bytes, Stack size 0 bytes, statusbar.o(.text.DdcWidth))
<BR>[Address Reference Count : 1]<UL><LI> statusbar.o(.rodata.StatusBar)
</UL>
<P><STRONG><a name="[119]"></a>DucFrequency</STRONG> (Thumb, 12 bytes, Stack size 0 bytes, statusbar.o(.text.DucFrequency))
<BR>[Address Reference Count : 1]<UL><LI> statusbar.o(.rodata.StatusBar)
</UL>
<P><STRONG><a name="[117]"></a>DucMode</STRONG> (Thumb, 12 bytes, Stack size 0 bytes, statusbar.o(.text.DucMode))
<BR>[Address Reference Count : 1]<UL><LI> statusbar.o(.rodata.StatusBar)
</UL>
<P><STRONG><a name="[11a]"></a>DucPercent</STRONG> (Thumb, 12 bytes, Stack size 0 bytes, statusbar.o(.text.DucPercent))
<BR>[Address Reference Count : 1]<UL><LI> statusbar.o(.rodata.StatusBar)
</UL>
<P><STRONG><a name="[118]"></a>DucWidth</STRONG> (Thumb, 12 bytes, Stack size 0 bytes, statusbar.o(.text.DucWidth))
<BR>[Address Reference Count : 1]<UL><LI> statusbar.o(.rodata.StatusBar)
</UL>
<P><STRONG><a name="[11b]"></a>Show</STRONG> (Thumb, 416 bytes, Stack size 40 bytes, statusbar.o(.text.Show))
<BR><BR>[Stack]<UL><LI>Max Depth = 72<LI>Call Chain = Show &rArr; PrintTimer
</UL>
<BR>[Calls]<UL><LI><a href="#[1e4]">&gt;&gt;</a>&nbsp;&nbsp;&nbsp;PrintTimer
<LI><a href="#[1e5]">&gt;&gt;</a>&nbsp;&nbsp;&nbsp;PrintStringFinish
</UL>
<BR>[Address Reference Count : 1]<UL><LI> statusbar.o(.rodata.StatusBar)
</UL>
<P><STRONG><a name="[1c9]"></a>Bit</STRONG> (Thumb, 96 bytes, Stack size 16 bytes, storonaparser.o(.text.Bit))
<BR><BR>[Stack]<UL><LI>Max Depth = 16<LI>Call Chain = Bit
</UL>
<BR>[Address Reference Count : 1]<UL><LI> storonaparser.o(.rodata.stateHandler)
</UL>
<P><STRONG><a name="[1c6]"></a>CombinationDemodulator</STRONG> (Thumb, 188 bytes, Stack size 24 bytes, storonaparser.o(.text.CombinationDemodulator))
<BR><BR>[Stack]<UL><LI>Max Depth = 24<LI>Call Chain = CombinationDemodulator
</UL>
<BR>[Address Reference Count : 1]<UL><LI> storonaparser.o(.rodata.stateHandler)
</UL>
<P><STRONG><a name="[1c3]"></a>CombinationModulator</STRONG> (Thumb, 184 bytes, Stack size 24 bytes, storonaparser.o(.text.CombinationModulator))
<BR><BR>[Stack]<UL><LI>Max Depth = 24<LI>Call Chain = CombinationModulator
</UL>
<BR>[Address Reference Count : 1]<UL><LI> storonaparser.o(.rodata.stateHandler)
</UL>
<P><STRONG><a name="[1ca]"></a>Default</STRONG> (Thumb, 166 bytes, Stack size 16 bytes, storonaparser.o(.text.Default))
<BR><BR>[Stack]<UL><LI>Max Depth = 16<LI>Call Chain = Default
</UL>
<BR>[Address Reference Count : 1]<UL><LI> storonaparser.o(.rodata.stateHandler)
</UL>
<P><STRONG><a name="[1c2]"></a>EthernetGet</STRONG> (Thumb, 60 bytes, Stack size 8 bytes, storonaparser.o(.text.EthernetGet))
<BR><BR>[Stack]<UL><LI>Max Depth = 8<LI>Call Chain = EthernetGet
</UL>
<BR>[Address Reference Count : 1]<UL><LI> storonaparser.o(.rodata.stateHandler)
</UL>
<P><STRONG><a name="[1c1]"></a>EthernetSet</STRONG> (Thumb, 112 bytes, Stack size 16 bytes, storonaparser.o(.text.EthernetSet))
<BR><BR>[Stack]<UL><LI>Max Depth = 16<LI>Call Chain = EthernetSet
</UL>
<BR>[Address Reference Count : 1]<UL><LI> storonaparser.o(.rodata.stateHandler)
</UL>
<P><STRONG><a name="[1c5]"></a>FrequencyDdc</STRONG> (Thumb, 92 bytes, Stack size 16 bytes, storonaparser.o(.text.FrequencyDdc))
<BR><BR>[Stack]<UL><LI>Max Depth = 16<LI>Call Chain = FrequencyDdc
</UL>
<BR>[Address Reference Count : 1]<UL><LI> storonaparser.o(.rodata.stateHandler)
</UL>
<P><STRONG><a name="[1c4]"></a>FrequencyDuc</STRONG> (Thumb, 92 bytes, Stack size 16 bytes, storonaparser.o(.text.FrequencyDuc))
<BR><BR>[Stack]<UL><LI>Max Depth = 16<LI>Call Chain = FrequencyDuc
</UL>
<BR>[Address Reference Count : 1]<UL><LI> storonaparser.o(.rodata.stateHandler)
</UL>
<P><STRONG><a name="[1bd]"></a>Init</STRONG> (Thumb, 52 bytes, Stack size 8 bytes, storonaparser.o(.text.Init))
<BR><BR>[Stack]<UL><LI>Max Depth = 8<LI>Call Chain = Init
</UL>
<BR>[Address Reference Count : 1]<UL><LI> storonaparser.o(.rodata.stateHandler)
</UL>
<P><STRONG><a name="[1c7]"></a>InversionSet</STRONG> (Thumb, 152 bytes, Stack size 16 bytes, storonaparser.o(.text.InversionSet))
<BR><BR>[Stack]<UL><LI>Max Depth = 16<LI>Call Chain = InversionSet
</UL>
<BR>[Address Reference Count : 1]<UL><LI> storonaparser.o(.rodata.stateHandler)
</UL>
<P><STRONG><a name="[1be]"></a>Mode</STRONG> (Thumb, 80 bytes, Stack size 16 bytes, storonaparser.o(.text.Mode))
<BR><BR>[Stack]<UL><LI>Max Depth = 16<LI>Call Chain = Mode
</UL>
<BR>[Address Reference Count : 1]<UL><LI> storonaparser.o(.rodata.stateHandler)
</UL>
<P><STRONG><a name="[9]"></a>Parse</STRONG> (Thumb, 196 bytes, Stack size 32 bytes, storonaparser.o(.text.Parse))
<BR><BR>[Stack]<UL><LI>Max Depth = 32<LI>Call Chain = Parse
</UL>
<BR>[Address Reference Count : 1]<UL><LI> storonaparser.o(.data..L_MergedGlobals)
</UL>
<P><STRONG><a name="[1c8]"></a>Reserved</STRONG> (Thumb, 80 bytes, Stack size 8 bytes, storonaparser.o(.text.Reserved))
<BR><BR>[Stack]<UL><LI>Max Depth = 8<LI>Call Chain = Reserved
</UL>
<BR>[Address Reference Count : 1]<UL><LI> storonaparser.o(.rodata.stateHandler)
</UL>
<P><STRONG><a name="[1c0]"></a>SizePacket</STRONG> (Thumb, 88 bytes, Stack size 16 bytes, storonaparser.o(.text.SizePacket))
<BR><BR>[Stack]<UL><LI>Max Depth = 16<LI>Call Chain = SizePacket
</UL>
<BR>[Address Reference Count : 1]<UL><LI> storonaparser.o(.rodata.stateHandler)
</UL>
<P><STRONG><a name="[1bf]"></a>Stop</STRONG> (Thumb, 52 bytes, Stack size 8 bytes, storonaparser.o(.text.Stop))
<BR><BR>[Stack]<UL><LI>Max Depth = 8<LI>Call Chain = Stop
</UL>
<BR>[Address Reference Count : 1]<UL><LI> storonaparser.o(.rodata.stateHandler)
</UL>
<P><STRONG><a name="[11e]"></a>Init</STRONG> (Thumb, 252 bytes, Stack size 32 bytes, storona.o(.text.Init))
<BR><BR>[Stack]<UL><LI>Max Depth = 32<LI>Call Chain = Init
</UL>
<BR>[Address Reference Count : 1]<UL><LI> storona.o(.rodata.Storona)
</UL>
<P><STRONG><a name="[11f]"></a>Run</STRONG> (Thumb, 72 bytes, Stack size 16 bytes, storona.o(.text.Run))
<BR><BR>[Stack]<UL><LI>Max Depth = 16<LI>Call Chain = Run
</UL>
<BR>[Address Reference Count : 1]<UL><LI> storona.o(.rodata.Storona)
</UL>
<P><STRONG><a name="[120]"></a>Stop</STRONG> (Thumb, 100 bytes, Stack size 8 bytes, storona.o(.text.Stop))
<BR><BR>[Stack]<UL><LI>Max Depth = 8<LI>Call Chain = Stop
</UL>
<BR>[Address Reference Count : 1]<UL><LI> storona.o(.rodata.Storona)
</UL>
<P><STRONG><a name="[13a]"></a>Bit</STRONG> (Thumb, 68 bytes, Stack size 0 bytes, storonadriver.o(.text.Bit))
<BR>[Address Reference Count : 1]<UL><LI> storonadriver.o(.rodata.StoronaDriver)
</UL>
<P><STRONG><a name="[139]"></a>Ethernet</STRONG> (Thumb, 252 bytes, Stack size 56 bytes, storonadriver.o(.text.Ethernet))
<BR><BR>[Stack]<UL><LI>Max Depth = 56<LI>Call Chain = Ethernet
</UL>
<BR>[Address Reference Count : 1]<UL><LI> storonadriver.o(.rodata.StoronaDriver)
</UL>
<P><STRONG><a name="[138]"></a>Init</STRONG> (Thumb, 64 bytes, Stack size 8 bytes, storonadriver.o(.text.Init))
<BR><BR>[Stack]<UL><LI>Max Depth = 8<LI>Call Chain = Init
</UL>
<BR>[Address Reference Count : 1]<UL><LI> storonadriver.o(.rodata.StoronaDriver)
</UL>
<P><STRONG><a name="[13b]"></a>Percent</STRONG> (Thumb, 22 bytes, Stack size 0 bytes, storonadriver.o(.text.Percent))
<BR>[Address Reference Count : 1]<UL><LI> storonadriver.o(.rodata.StoronaDriver)
</UL>
<P><STRONG><a name="[136]"></a>DdcError</STRONG> (Thumb, 2 bytes, Stack size 0 bytes, storonacore.o(.text.DdcError))
<BR>[Address Reference Count : 1]<UL><LI> storonacore.o(.rodata.StoronaCore)
</UL>
<P><STRONG><a name="[134]"></a>DdcFrequency</STRONG> (Thumb, 2 bytes, Stack size 0 bytes, storonacore.o(.text.DdcFrequency))
<BR>[Address Reference Count : 1]<UL><LI> storonacore.o(.rodata.StoronaCore)
</UL>
<P><STRONG><a name="[132]"></a>DdcMode</STRONG> (Thumb, 2 bytes, Stack size 0 bytes, storonacore.o(.text.DdcMode))
<BR>[Address Reference Count : 1]<UL><LI> storonacore.o(.rodata.StoronaCore)
</UL>
<P><STRONG><a name="[135]"></a>DdcSempl</STRONG> (Thumb, 12 bytes, Stack size 0 bytes, storonacore.o(.text.DdcSempl))
<BR>[Address Reference Count : 1]<UL><LI> storonacore.o(.rodata.StoronaCore)
</UL>
<P><STRONG><a name="[133]"></a>DdcWidth</STRONG> (Thumb, 2 bytes, Stack size 0 bytes, storonacore.o(.text.DdcWidth))
<BR>[Address Reference Count : 1]<UL><LI> storonacore.o(.rodata.StoronaCore)
</UL>
<P><STRONG><a name="[131]"></a>DucError</STRONG> (Thumb, 2 bytes, Stack size 0 bytes, storonacore.o(.text.DucError))
<BR>[Address Reference Count : 1]<UL><LI> storonacore.o(.rodata.StoronaCore)
</UL>
<P><STRONG><a name="[12f]"></a>DucFrequency</STRONG> (Thumb, 2 bytes, Stack size 0 bytes, storonacore.o(.text.DucFrequency))
<BR>[Address Reference Count : 1]<UL><LI> storonacore.o(.rodata.StoronaCore)
</UL>
<P><STRONG><a name="[12d]"></a>DucMode</STRONG> (Thumb, 2 bytes, Stack size 0 bytes, storonacore.o(.text.DucMode))
<BR>[Address Reference Count : 1]<UL><LI> storonacore.o(.rodata.StoronaCore)
</UL>
<P><STRONG><a name="[130]"></a>DucPercent</STRONG> (Thumb, 12 bytes, Stack size 0 bytes, storonacore.o(.text.DucPercent))
<BR>[Address Reference Count : 1]<UL><LI> storonacore.o(.rodata.StoronaCore)
</UL>
<P><STRONG><a name="[12e]"></a>DucWidth</STRONG> (Thumb, 2 bytes, Stack size 0 bytes, storonacore.o(.text.DucWidth))
<BR>[Address Reference Count : 1]<UL><LI> storonacore.o(.rodata.StoronaCore)
</UL>
<P><STRONG><a name="[127]"></a>ParserBit</STRONG> (Thumb, 12 bytes, Stack size 0 bytes, storonacore.o(.text.ParserBit))
<BR>[Address Reference Count : 1]<UL><LI> storonacore.o(.rodata.StoronaCore)
</UL>
<P><STRONG><a name="[129]"></a>ParserCombinationDemodulator</STRONG> (Thumb, 12 bytes, Stack size 0 bytes, storonacore.o(.text.ParserCombinationDemodulator))
<BR>[Address Reference Count : 1]<UL><LI> storonacore.o(.rodata.StoronaCore)
</UL>
<P><STRONG><a name="[128]"></a>ParserCombinationModulator</STRONG> (Thumb, 12 bytes, Stack size 0 bytes, storonacore.o(.text.ParserCombinationModulator))
<BR>[Address Reference Count : 1]<UL><LI> storonacore.o(.rodata.StoronaCore)
</UL>
<P><STRONG><a name="[126]"></a>ParserEthernetGet</STRONG> (Thumb, 52 bytes, Stack size 16 bytes, storonacore.o(.text.ParserEthernetGet))
<BR><BR>[Stack]<UL><LI>Max Depth = 16<LI>Call Chain = ParserEthernetGet
</UL>
<BR>[Address Reference Count : 1]<UL><LI> storonacore.o(.rodata.StoronaCore)
</UL>
<P><STRONG><a name="[125]"></a>ParserEthernetSet</STRONG> (Thumb, 38 bytes, Stack size 8 bytes, storonacore.o(.text.ParserEthernetSet))
<BR><BR>[Stack]<UL><LI>Max Depth = 8<LI>Call Chain = ParserEthernetSet
</UL>
<BR>[Address Reference Count : 1]<UL><LI> storonacore.o(.rodata.StoronaCore)
</UL>
<P><STRONG><a name="[12b]"></a>ParserFrequencyDdc</STRONG> (Thumb, 12 bytes, Stack size 0 bytes, storonacore.o(.text.ParserFrequencyDdc))
<BR>[Address Reference Count : 1]<UL><LI> storonacore.o(.rodata.StoronaCore)
</UL>
<P><STRONG><a name="[12a]"></a>ParserFrequencyDuc</STRONG> (Thumb, 12 bytes, Stack size 0 bytes, storonacore.o(.text.ParserFrequencyDuc))
<BR>[Address Reference Count : 1]<UL><LI> storonacore.o(.rodata.StoronaCore)
</UL>
<P><STRONG><a name="[121]"></a>ParserInit</STRONG> (Thumb, 12 bytes, Stack size 0 bytes, storonacore.o(.text.ParserInit))
<BR>[Address Reference Count : 1]<UL><LI> storonacore.o(.rodata.StoronaCore)
</UL>
<P><STRONG><a name="[12c]"></a>ParserInversionSet</STRONG> (Thumb, 12 bytes, Stack size 0 bytes, storonacore.o(.text.ParserInversionSet))
<BR>[Address Reference Count : 1]<UL><LI> storonacore.o(.rodata.StoronaCore)
</UL>
<P><STRONG><a name="[122]"></a>ParserMode</STRONG> (Thumb, 260 bytes, Stack size 32 bytes, storonacore.o(.text.ParserMode))
<BR><BR>[Stack]<UL><LI>Max Depth = 32<LI>Call Chain = ParserMode
</UL>
<BR>[Address Reference Count : 1]<UL><LI> storonacore.o(.rodata.StoronaCore)
</UL>
<P><STRONG><a name="[124]"></a>ParserSizePacket</STRONG> (Thumb, 2 bytes, Stack size 0 bytes, storonacore.o(.text.ParserSizePacket))
<BR>[Address Reference Count : 1]<UL><LI> storonacore.o(.rodata.StoronaCore)
</UL>
<P><STRONG><a name="[123]"></a>ParserStop</STRONG> (Thumb, 50 bytes, Stack size 8 bytes, storonacore.o(.text.ParserStop))
<BR><BR>[Stack]<UL><LI>Max Depth = 8<LI>Call Chain = ParserStop
</UL>
<BR>[Address Reference Count : 1]<UL><LI> storonacore.o(.rodata.StoronaCore)
</UL>
<P><STRONG><a name="[137]"></a>Reset</STRONG> (Thumb, 14 bytes, Stack size 0 bytes, storonacore.o(.text.Reset))
<BR>[Address Reference Count : 1]<UL><LI> storonacore.o(.rodata.StoronaCore)
</UL>
<P><STRONG><a name="[f9]"></a>CombinationSet</STRONG> (Thumb, 32 bytes, Stack size 0 bytes, modulatorqfsk.o(.text.CombinationSet))
<BR>[Address Reference Count : 1]<UL><LI> modulatorqfsk.o(.rodata.ModulatorQFSK)
</UL>
<P><STRONG><a name="[f8]"></a>GetSempl</STRONG> (Thumb, 204 bytes, Stack size 16 bytes, modulatorqfsk.o(.text.GetSempl))
<BR><BR>[Stack]<UL><LI>Max Depth = 16<LI>Call Chain = GetSempl
</UL>
<BR>[Address Reference Count : 1]<UL><LI> modulatorqfsk.o(.rodata.ModulatorQFSK)
</UL>
<P><STRONG><a name="[f5]"></a>RelativeBaudRateGet</STRONG> (Thumb, 14 bytes, Stack size 0 bytes, modulatorqfsk.o(.text.RelativeBaudRateGet))
<BR>[Address Reference Count : 1]<UL><LI> modulatorqfsk.o(.rodata.ModulatorQFSK)
</UL>
<P><STRONG><a name="[f4]"></a>RelativeBaudRateSet</STRONG> (Thumb, 196 bytes, Stack size 40 bytes, modulatorqfsk.o(.text.RelativeBaudRateSet))
<BR><BR>[Stack]<UL><LI>Max Depth = 76<LI>Call Chain = RelativeBaudRateSet &rArr; __hardfp_sinf &rArr; __mathlib_rredf2
</UL>
<BR>[Calls]<UL><LI><a href="#[1e2]">&gt;&gt;</a>&nbsp;&nbsp;&nbsp;__hardfp_sinf
<LI><a href="#[1e1]">&gt;&gt;</a>&nbsp;&nbsp;&nbsp;__hardfp_cosf
</UL>
<BR>[Address Reference Count : 1]<UL><LI> modulatorqfsk.o(.rodata.ModulatorQFSK)
</UL>
<P><STRONG><a name="[f7]"></a>RelativeFrequencyShiftGet</STRONG> (Thumb, 14 bytes, Stack size 0 bytes, modulatorqfsk.o(.text.RelativeFrequencyShiftGet))
<BR>[Address Reference Count : 1]<UL><LI> modulatorqfsk.o(.rodata.ModulatorQFSK)
</UL>
<P><STRONG><a name="[f6]"></a>RelativeFrequencyShiftSet</STRONG> (Thumb, 80 bytes, Stack size 16 bytes, modulatorqfsk.o(.text.RelativeFrequencyShiftSet))
<BR><BR>[Stack]<UL><LI>Max Depth = 52<LI>Call Chain = RelativeFrequencyShiftSet &rArr; __hardfp_sinf &rArr; __mathlib_rredf2
</UL>
<BR>[Calls]<UL><LI><a href="#[1e2]">&gt;&gt;</a>&nbsp;&nbsp;&nbsp;__hardfp_sinf
<LI><a href="#[1e1]">&gt;&gt;</a>&nbsp;&nbsp;&nbsp;__hardfp_cosf
</UL>
<BR>[Address Reference Count : 1]<UL><LI> modulatorqfsk.o(.rodata.ModulatorQFSK)
</UL>
<P><STRONG><a name="[fa]"></a>Reset</STRONG> (Thumb, 70 bytes, Stack size 0 bytes, modulatorqfsk.o(.text.Reset))
<BR>[Address Reference Count : 1]<UL><LI> modulatorqfsk.o(.rodata.ModulatorQFSK)
</UL>
<P><STRONG><a name="[8c]"></a>AddSempl</STRONG> (Thumb, 2024 bytes, Stack size 104 bytes, demodulatorqfsk.o(.text.AddSempl))
<BR><BR>[Stack]<UL><LI>Max Depth = 104<LI>Call Chain = AddSempl
</UL>
<BR>[Address Reference Count : 1]<UL><LI> demodulatorqfsk.o(.rodata.DemodulatorQFSK)
</UL>
<P><STRONG><a name="[8d]"></a>CombinationSet</STRONG> (Thumb, 32 bytes, Stack size 0 bytes, demodulatorqfsk.o(.text.CombinationSet))
<BR>[Address Reference Count : 1]<UL><LI> demodulatorqfsk.o(.rodata.DemodulatorQFSK)
</UL>
<P><STRONG><a name="[8e]"></a>InversionSet</STRONG> (Thumb, 12 bytes, Stack size 0 bytes, demodulatorqfsk.o(.text.InversionSet))
<BR>[Address Reference Count : 1]<UL><LI> demodulatorqfsk.o(.rodata.DemodulatorQFSK)
</UL>
<P><STRONG><a name="[89]"></a>RelativeBaudRateGet</STRONG> (Thumb, 14 bytes, Stack size 0 bytes, demodulatorqfsk.o(.text.RelativeBaudRateGet))
<BR>[Address Reference Count : 1]<UL><LI> demodulatorqfsk.o(.rodata.DemodulatorQFSK)
</UL>
<P><STRONG><a name="[88]"></a>RelativeBaudRateSet</STRONG> (Thumb, 468 bytes, Stack size 64 bytes, demodulatorqfsk.o(.text.RelativeBaudRateSet))
<BR><BR>[Stack]<UL><LI>Max Depth = 100<LI>Call Chain = RelativeBaudRateSet &rArr; __hardfp_sinf &rArr; __mathlib_rredf2
</UL>
<BR>[Calls]<UL><LI><a href="#[1e2]">&gt;&gt;</a>&nbsp;&nbsp;&nbsp;__hardfp_sinf
<LI><a href="#[1e1]">&gt;&gt;</a>&nbsp;&nbsp;&nbsp;__hardfp_cosf
</UL>
<BR>[Address Reference Count : 1]<UL><LI> demodulatorqfsk.o(.rodata.DemodulatorQFSK)
</UL>
<P><STRONG><a name="[8b]"></a>RelativeFrequencyShiftGet</STRONG> (Thumb, 14 bytes, Stack size 0 bytes, demodulatorqfsk.o(.text.RelativeFrequencyShiftGet))
<BR>[Address Reference Count : 1]<UL><LI> demodulatorqfsk.o(.rodata.DemodulatorQFSK)
</UL>
<P><STRONG><a name="[8a]"></a>RelativeFrequencyShiftSet</STRONG> (Thumb, 84 bytes, Stack size 16 bytes, demodulatorqfsk.o(.text.RelativeFrequencyShiftSet))
<BR><BR>[Stack]<UL><LI>Max Depth = 52<LI>Call Chain = RelativeFrequencyShiftSet &rArr; __hardfp_sinf &rArr; __mathlib_rredf2
</UL>
<BR>[Calls]<UL><LI><a href="#[1e2]">&gt;&gt;</a>&nbsp;&nbsp;&nbsp;__hardfp_sinf
<LI><a href="#[1e1]">&gt;&gt;</a>&nbsp;&nbsp;&nbsp;__hardfp_cosf
</UL>
<BR>[Address Reference Count : 1]<UL><LI> demodulatorqfsk.o(.rodata.DemodulatorQFSK)
</UL>
<P><STRONG><a name="[8f]"></a>Reset</STRONG> (Thumb, 342 bytes, Stack size 36 bytes, demodulatorqfsk.o(.text.Reset))
<BR><BR>[Stack]<UL><LI>Max Depth = 36<LI>Call Chain = Reset
</UL>
<BR>[Address Reference Count : 1]<UL><LI> demodulatorqfsk.o(.rodata.DemodulatorQFSK)
</UL>
<P><STRONG><a name="[c]"></a>PercentSet</STRONG> (Thumb, 12 bytes, Stack size 0 bytes, semplsender.o(.text.PercentSet))
<BR>[Address Reference Count : 1]<UL><LI> semplsender.o(.data.SemplSender)
</UL>
<P><STRONG><a name="[d]"></a>Reset</STRONG> (Thumb, 14 bytes, Stack size 0 bytes, semplsender.o(.text.Reset))
<BR>[Address Reference Count : 1]<UL><LI> semplsender.o(.data.SemplSender)
</UL>
<P><STRONG><a name="[b]"></a>Update</STRONG> (Thumb, 100 bytes, Stack size 16 bytes, semplsender.o(.text.Update))
<BR><BR>[Stack]<UL><LI>Max Depth = 16<LI>Call Chain = Update
</UL>
<BR>[Address Reference Count : 1]<UL><LI> semplsender.o(.data.SemplSender)
</UL>
<P><STRONG><a name="[73]"></a>BitAdd</STRONG> (Thumb, 88 bytes, Stack size 16 bytes, bitbuffer.o(.text.BitAdd))
<BR><BR>[Stack]<UL><LI>Max Depth = 16<LI>Call Chain = BitAdd
</UL>
<BR>[Address Reference Count : 1]<UL><LI> bitbuffer.o(.rodata.BitBuffer)
</UL>
<P><STRONG><a name="[74]"></a>BitGet</STRONG> (Thumb, 144 bytes, Stack size 24 bytes, bitbuffer.o(.text.BitGet))
<BR><BR>[Stack]<UL><LI>Max Depth = 24<LI>Call Chain = BitGet
</UL>
<BR>[Address Reference Count : 1]<UL><LI> bitbuffer.o(.rodata.BitBuffer)
</UL>
<P><STRONG><a name="[84]"></a>Show</STRONG> (Thumb, 88 bytes, Stack size 24 bytes, debugsempl.o(.text.Show))
<BR><BR>[Stack]<UL><LI>Max Depth = 24<LI>Call Chain = Show
</UL>
<BR>[Address Reference Count : 1]<UL><LI> debugsempl.o(.rodata.DebugSempl)
</UL>
<P><STRONG><a name="[13c]"></a>Update</STRONG> (Thumb, 68 bytes, Stack size 16 bytes, vco.o(.text.Update))
<BR><BR>[Stack]<UL><LI>Max Depth = 16<LI>Call Chain = Update
</UL>
<BR>[Address Reference Count : 1]<UL><LI> vco.o(.rodata.Vco)
</UL>
<P><STRONG><a name="[f3]"></a>Update</STRONG> (Thumb, 128 bytes, Stack size 0 bytes, loopfilter.o(.text.Update))
<BR>[Address Reference Count : 1]<UL><LI> loopfilter.o(.rodata.LoopFilter)
</UL>
<P><STRONG><a name="[72]"></a>Gain</STRONG> (Thumb, 30 bytes, Stack size 0 bytes, agc.o(.text.Gain))
<BR>[Address Reference Count : 1]<UL><LI> agc.o(.rodata.Agc)
</UL>
<P><STRONG><a name="[71]"></a>Reset</STRONG> (Thumb, 34 bytes, Stack size 16 bytes, agc.o(.text.Reset))
<BR><BR>[Stack]<UL><LI>Max Depth = 20<LI>Call Chain = Reset &rArr; __aeabi_memclr4
</UL>
<BR>[Calls]<UL><LI><a href="#[1e3]">&gt;&gt;</a>&nbsp;&nbsp;&nbsp;__aeabi_memclr4
</UL>
<BR>[Address Reference Count : 1]<UL><LI> agc.o(.rodata.Agc)
</UL>
<P><STRONG><a name="[70]"></a>Update</STRONG> (Thumb, 136 bytes, Stack size 8 bytes, agc.o(.text.Update))
<BR><BR>[Stack]<UL><LI>Max Depth = 24<LI>Call Chain = Update &rArr; __hardfp_log10f &rArr; __set_errno
</UL>
<BR>[Calls]<UL><LI><a href="#[1e6]">&gt;&gt;</a>&nbsp;&nbsp;&nbsp;__hardfp_log10f
</UL>
<BR>[Address Reference Count : 1]<UL><LI> agc.o(.rodata.Agc)
</UL><P>
<H3>
Undefined Global Symbols
</H3><HR></body></html>
