<html>
<body>
<pre>
<h1>µVision Build Log</h1>
<h2>Tool Versions:</h2>
IDE-Version: µVision V5.30.0.0
Copyright (C) 2020 ARM Ltd and ARM Germany GmbH. All rights reserved.
License Information: Ihor Sh, Home, LIC=W9630-BQHBU-QGW7I-TYXZP-SQ462-NM0LQ
 
Tool Versions:
Toolchain:       MDK-ARM Professional  Version: 5.30.0.0
Toolchain Path:  D:\Keil_v5\ARM\ARMCLANG\Bin
C Compiler:      ArmClang.exe V6.14
Assembler:       Armasm.exe V6.14
Linker/Locator:  ArmLink.exe V6.14
Library Manager: ArmAr.exe V6.14
Hex Converter:   FromElf.exe V6.14
CPU DLL:         SARMCM3.DLL V5.30.0.0
Dialog DLL:      DCM.DLL V1.17.3.0
Target DLL:      STLink\ST-LINKIII-KEIL_SWO.dll V3.0.1.0
Dialog DLL:      TCM.DLL V1.42.0.0
 
<h2>Project:</h2>
D:\Horizon+\Horizon.uvprojx
Project File Date:  05/13/2020

<h2>Output:</h2>
*** Using Compiler 'V6.14', folder: 'D:\Keil_v5\ARM\ARMCLANG\Bin'
Rebuild target 'Horizon+'
compiling main.c...
compiling delay.c...
compiling init.c...
compiling flash.c...
compiling spi.c...
compiling wiznet.c...
compiling iq.c...
compiling list.c...
compiling dmaTransfer.c...
compiling print.c...
compiling button.c...
compiling led.c...
compiling statusConnect.c...
compiling horizonParser.c...
compiling horizonCore.c...
compiling horizonDriver.c...
compiling horizon.c...
compiling irq.c...
compiling socket.c...
compiling ducDriver.c...
compiling ducParser.c...
compiling ddcDriver.c...
compiling ddcParser.c...
compiling statusBar.c...
compiling device.c...
compiling storonaParser.c...
compiling storona.c...
compiling storonaDriver.c...
compiling storonaCore.c...
compiling modulatorQFSK.c...
compiling semplSender.c...
compiling bitBuffer.c...
compiling demodulatorQFSK.c...
compiling vco.c...
compiling debugSempl.c...
compiling loopFilter.c...
compiling timeErrorDetect.c...
assembling startup_stm32f446xx.s...
compiling agc.c...
compiling system_stm32f4xx.c...
linking...
Program Size: Code=35624 RO-data=3864 RW-data=664 ZI-data=57312  
FromELF: creating hex file...
".\Objects\Horizon.axf" - 0 Error(s), 0 Warning(s).

<h2>Software Packages used:</h2>

Package Vendor: ARM
                http://www.keil.com/pack/ARM.CMSIS.5.7.0.pack
                ARM.CMSIS.5.7.0
                CMSIS (Cortex Microcontroller Software Interface Standard)
   * Component: CORE Version: 5.4.0

Package Vendor: Keil
                http://www.keil.com/pack/Keil.STM32F4xx_DFP.2.14.0.pack
                Keil.STM32F4xx_DFP.2.14.0
                STMicroelectronics STM32F4 Series Device Support, Drivers and Examples
   * Component: Startup Version: 2.6.3

<h2>Collection of Component include folders:</h2>
  .\RTE\_Horizon_
  D:\Keil_v5\Packs\ARM\CMSIS\5.7.0\CMSIS\Core\Include
  D:\Keil_v5\Packs\Keil\STM32F4xx_DFP\2.14.0\Drivers\CMSIS\Device\ST\STM32F4xx\Include

<h2>Collection of Component Files used:</h2>

   * Component: ARM::CMSIS:CORE:5.4.0

   * Component: Keil::Device:Startup:2.6.3
      Source file:   MDK\Device\Source\ARM\STM32F446xx_OPT.s
      Include file:  Drivers\CMSIS\Device\ST\STM32F4xx\Include\stm32f4xx.h
      Source file:   MDK\Device\Source\ARM\STM32F4xx_OTP.s
      Source file:   Drivers\CMSIS\Device\ST\STM32F4xx\Source\Templates\arm\startup_stm32f446xx.s
      Source file:   Drivers\CMSIS\Device\ST\STM32F4xx\Source\Templates\system_stm32f4xx.c
Build Time Elapsed:  00:00:07
</pre>
</body>
</html>
