Component: ARM Compiler 6.14 Tool: armlink [5db06800]

==============================================================================

Section Cross References

    main.o(.text.main) refers to print.o(.rodata.Print) for Print
    main.o(.text.main) refers to main.o(.data.Welcome) for Welcome
    main.o(.text.main) refers to statusbar.o(.rodata.StatusBar) for StatusBar
    main.o(.text.main) refers to ddcparser.o(.data..L_MergedGlobals) for DdcParser
    main.o(.text.main) refers to ducparser.o(.data..L_MergedGlobals) for DucParser
    main.o(.text.main) refers to init.o(.rodata.Init) for Init
    main.o(.text.main) refers to wiznet.o(.rodata.Wiznet) for Wiznet
    main.o(.text.main) refers to storona.o(.rodata.Storona) for Storona
    main.o(.text.main) refers to horizon.o(.rodata.Horizon) for Horizon
    main.o(.text.main) refers to main.o(.bss..L_MergedGlobals) for .L_MergedGlobals
    main.o(.text.main) refers to socket.o(.rodata.Socket) for Socket
    main.o(.text.main) refers to dmatransfer.o(.rodata.DmaTransfer) for DmaTransfer
    main.o(.text.main) refers to debugsempl.o(.data.Sempls) for Sempls
    main.o(.text.main) refers to led.o(.rodata.Led) for Led
    main.o(.text.main) refers to list.o(.rodata.List) for List
    main.o(.text.main) refers to ddcdriver.o(.data.listDdcDriver) for listDdcDriver
    main.o(.text.main) refers to ducdriver.o(.data.listDucDriver) for listDucDriver
    main.o(.text.main) refers to irq.o(.data.listDdcRx) for listDdcRx
    main.o(.text.main) refers to irq.o(.data.listDucRx) for listDucRx
    main.o(.text.main) refers to button.o(.data.Button) for Button
    main.o(.text.main) refers to print.o(.data..L_MergedGlobals) for listPrint
    main.o(.ARM.exidx.text.main) refers to main.o(.text.main) for [Anonymous Symbol]
    main.o(.data.Welcome) refers to main.o(.rodata.str1.1) for .L.str
    init.o(.ARM.exidx.text.Gpio) refers to init.o(.text.Gpio) for [Anonymous Symbol]
    init.o(.ARM.exidx.text.Systick) refers to init.o(.text.Systick) for [Anonymous Symbol]
    init.o(.ARM.exidx.text.Uart) refers to init.o(.text.Uart) for [Anonymous Symbol]
    init.o(.ARM.exidx.text.Dma) refers to init.o(.text.Dma) for [Anonymous Symbol]
    init.o(.ARM.exidx.text.Spi) refers to init.o(.text.Spi) for [Anonymous Symbol]
    init.o(.ARM.exidx.text.FlashMemory) refers to init.o(.text.FlashMemory) for [Anonymous Symbol]
    init.o(.ARM.exidx.text.Rcc) refers to init.o(.text.Rcc) for [Anonymous Symbol]
    init.o(.ARM.exidx.text.Tim) refers to init.o(.text.Tim) for [Anonymous Symbol]
    init.o(.ARM.exidx.text.Irq) refers to init.o(.text.Irq) for [Anonymous Symbol]
    init.o(.text.W5500) refers to flash.o(.rodata.Flash) for Flash
    init.o(.text.W5500) refers to device.o(.data..L_MergedGlobals) for Device
    init.o(.ARM.exidx.text.W5500) refers to init.o(.text.W5500) for [Anonymous Symbol]
    init.o(.rodata.Init) refers to init.o(.text.Gpio) for Gpio
    init.o(.rodata.Init) refers to init.o(.text.Systick) for Systick
    init.o(.rodata.Init) refers to init.o(.text.Uart) for Uart
    init.o(.rodata.Init) refers to init.o(.text.Dma) for Dma
    init.o(.rodata.Init) refers to init.o(.text.Spi) for Spi
    init.o(.rodata.Init) refers to init.o(.text.FlashMemory) for FlashMemory
    init.o(.rodata.Init) refers to init.o(.text.Rcc) for Rcc
    init.o(.rodata.Init) refers to init.o(.text.Tim) for Tim
    init.o(.rodata.Init) refers to init.o(.text.Irq) for Irq
    init.o(.rodata.Init) refers to init.o(.text.W5500) for W5500
    delay.o(.ARM.exidx.text.MicroSecond) refers to delay.o(.text.MicroSecond) for [Anonymous Symbol]
    delay.o(.ARM.exidx.text.MilliSecond) refers to delay.o(.text.MilliSecond) for [Anonymous Symbol]
    delay.o(.ARM.exidx.text.Second) refers to delay.o(.text.Second) for [Anonymous Symbol]
    delay.o(.rodata.Delay) refers to delay.o(.text.MicroSecond) for MicroSecond
    delay.o(.rodata.Delay) refers to delay.o(.text.MilliSecond) for MilliSecond
    delay.o(.rodata.Delay) refers to delay.o(.text.Second) for Second
    wiznet.o(.text.commonModeSet) refers to spi.o(.rodata.Spi) for Spi
    wiznet.o(.ARM.exidx.text.commonModeSet) refers to wiznet.o(.text.commonModeSet) for [Anonymous Symbol]
    wiznet.o(.text.commonModeGet) refers to spi.o(.rodata.Spi) for Spi
    wiznet.o(.ARM.exidx.text.commonModeGet) refers to wiznet.o(.text.commonModeGet) for [Anonymous Symbol]
    wiznet.o(.text.commonGatewayAddressSet) refers to spi.o(.rodata.Spi) for Spi
    wiznet.o(.ARM.exidx.text.commonGatewayAddressSet) refers to wiznet.o(.text.commonGatewayAddressSet) for [Anonymous Symbol]
    wiznet.o(.text.commonGatewayAddressGet) refers to spi.o(.rodata.Spi) for Spi
    wiznet.o(.text.commonGatewayAddressGet) refers to wiznet.o(.bss.wiznetReadWord.data) for wiznetReadWord.data
    wiznet.o(.ARM.exidx.text.commonGatewayAddressGet) refers to wiznet.o(.text.commonGatewayAddressGet) for [Anonymous Symbol]
    wiznet.o(.text.commonSubnetMaskAddressSet) refers to spi.o(.rodata.Spi) for Spi
[...]
    SysTick_Handler                          0x080002bd   Thumb Code     2  startup_stm32f446xx.o(.text)
    ADC_IRQHandler                           0x080002bf   Thumb Code     0  startup_stm32f446xx.o(.text)
    CAN1_RX0_IRQHandler                      0x080002bf   Thumb Code     0  startup_stm32f446xx.o(.text)
    CAN1_RX1_IRQHandler                      0x080002bf   Thumb Code     0  startup_stm32f446xx.o(.text)
    CAN1_SCE_IRQHandler                      0x080002bf   Thumb Code     0  startup_stm32f446xx.o(.text)
    CAN1_TX_IRQHandler                       0x080002bf   Thumb Code     0  startup_stm32f446xx.o(.text)
    CAN2_RX0_IRQHandler                      0x080002bf   Thumb Code     0  startup_stm32f446xx.o(.text)
    CAN2_RX1_IRQHandler                      0x080002bf   Thumb Code     0  startup_stm32f446xx.o(.text)
    CAN2_SCE_IRQHandler                      0x080002bf   Thumb Code     0  startup_stm32f446xx.o(.text)
    CAN2_TX_IRQHandler                       0x080002bf   Thumb Code     0  startup_stm32f446xx.o(.text)
    CEC_IRQHandler                           0x080002bf   Thumb Code     0  startup_stm32f446xx.o(.text)
    DCMI_IRQHandler                          0x080002bf   Thumb Code     0  startup_stm32f446xx.o(.text)
    DMA1_Stream0_IRQHandler                  0x080002bf   Thumb Code     0  startup_stm32f446xx.o(.text)
    DMA1_Stream1_IRQHandler                  0x080002bf   Thumb Code     0  startup_stm32f446xx.o(.text)
    DMA1_Stream2_IRQHandler                  0x080002bf   Thumb Code     0  startup_stm32f446xx.o(.text)
    DMA1_Stream3_IRQHandler                  0x080002bf   Thumb Code     0  startup_stm32f446xx.o(.text)
    DMA1_Stream4_IRQHandler                  0x080002bf   Thumb Code     0  startup_stm32f446xx.o(.text)
    DMA1_Stream5_IRQHandler                  0x080002bf   Thumb Code     0  startup_stm32f446xx.o(.text)
    DMA1_Stream6_IRQHandler                  0x080002bf   Thumb Code     0  startup_stm32f446xx.o(.text)
    DMA1_Stream7_IRQHandler                  0x080002bf   Thumb Code     0  startup_stm32f446xx.o(.text)
    DMA2_Stream0_IRQHandler                  0x080002bf   Thumb Code     0  startup_stm32f446xx.o(.text)
    DMA2_Stream1_IRQHandler                  0x080002bf   Thumb Code     0  startup_stm32f446xx.o(.text)
    DMA2_Stream2_IRQHandler                  0x080002bf   Thumb Code     0  startup_stm32f446xx.o(.text)
    DMA2_Stream3_IRQHandler                  0x080002bf   Thumb Code     0  startup_stm32f446xx.o(.text)
    DMA2_Stream4_IRQHandler                  0x080002bf   Thumb Code     0  startup_stm32f446xx.o(.text)
    DMA2_Stream5_IRQHandler                  0x080002bf   Thumb Code     0  startup_stm32f446xx.o(.text)
    DMA2_Stream6_IRQHandler                  0x080002bf   Thumb Code     0  startup_stm32f446xx.o(.text)
    DMA2_Stream7_IRQHandler                  0x080002bf   Thumb Code     0  startup_stm32f446xx.o(.text)
    EXTI0_IRQHandler                         0x080002bf   Thumb Code     0  startup_stm32f446xx.o(.text)
    EXTI15_10_IRQHandler                     0x080002bf   Thumb Code     0  startup_stm32f446xx.o(.text)
    EXTI1_IRQHandler                         0x080002bf   Thumb Code     0  startup_stm32f446xx.o(.text)
    EXTI2_IRQHandler                         0x080002bf   Thumb Code     0  startup_stm32f446xx.o(.text)
    EXTI3_IRQHandler                         0x080002bf   Thumb Code     0  startup_stm32f446xx.o(.text)
    EXTI4_IRQHandler                         0x080002bf   Thumb Code     0  startup_stm32f446xx.o(.text)
    EXTI9_5_IRQHandler                       0x080002bf   Thumb Code     0  startup_stm32f446xx.o(.text)
    FLASH_IRQHandler                         0x080002bf   Thumb Code     0  startup_stm32f446xx.o(.text)
    FMC_IRQHandler                           0x080002bf   Thumb Code     0  startup_stm32f446xx.o(.text)
    FMPI2C1_ER_IRQHandler                    0x080002bf   Thumb Code     0  startup_stm32f446xx.o(.text)
    FMPI2C1_EV_IRQHandler                    0x080002bf   Thumb Code     0  startup_stm32f446xx.o(.text)
    FPU_IRQHandler                           0x080002bf   Thumb Code     0  startup_stm32f446xx.o(.text)
    I2C1_ER_IRQHandler                       0x080002bf   Thumb Code     0  startup_stm32f446xx.o(.text)
    I2C1_EV_IRQHandler                       0x080002bf   Thumb Code     0  startup_stm32f446xx.o(.text)
    I2C2_ER_IRQHandler                       0x080002bf   Thumb Code     0  startup_stm32f446xx.o(.text)
    I2C2_EV_IRQHandler                       0x080002bf   Thumb Code     0  startup_stm32f446xx.o(.text)
    I2C3_ER_IRQHandler                       0x080002bf   Thumb Code     0  startup_stm32f446xx.o(.text)
    I2C3_EV_IRQHandler                       0x080002bf   Thumb Code     0  startup_stm32f446xx.o(.text)
    OTG_FS_IRQHandler                        0x080002bf   Thumb Code     0  startup_stm32f446xx.o(.text)
    OTG_FS_WKUP_IRQHandler                   0x080002bf   Thumb Code     0  startup_stm32f446xx.o(.text)
    OTG_HS_EP1_IN_IRQHandler                 0x080002bf   Thumb Code     0  startup_stm32f446xx.o(.text)
    OTG_HS_EP1_OUT_IRQHandler                0x080002bf   Thumb Code     0  startup_stm32f446xx.o(.text)
    OTG_HS_IRQHandler                        0x080002bf   Thumb Code     0  startup_stm32f446xx.o(.text)
    OTG_HS_WKUP_IRQHandler                   0x080002bf   Thumb Code     0  startup_stm32f446xx.o(.text)
    PVD_IRQHandler                           0x080002bf   Thumb Code     0  startup_stm32f446xx.o(.text)
    QUADSPI_IRQHandler                       0x080002bf   Thumb Code     0  startup_stm32f446xx.o(.text)
    RCC_IRQHandler                           0x080002bf   Thumb Code     0  startup_stm32f446xx.o(.text)
    RTC_Alarm_IRQHandler                     0x080002bf   Thumb Code     0  startup_stm32f446xx.o(.text)
    RTC_WKUP_IRQHandler                      0x080002bf   Thumb Code     0  startup_stm32f446xx.o(.text)
    SAI1_IRQHandler                          0x080002bf   Thumb Code     0  startup_stm32f446xx.o(.text)
    SAI2_IRQHandler                          0x080002bf   Thumb Code     0  startup_stm32f446xx.o(.text)
    SDIO_IRQHandler                          0x080002bf   Thumb Code     0  startup_stm32f446xx.o(.text)
    SPDIF_RX_IRQHandler                      0x080002bf   Thumb Code     0  startup_stm32f446xx.o(.text)
    SPI1_IRQHandler                          0x080002bf   Thumb Code     0  startup_stm32f446xx.o(.text)
    SPI2_IRQHandler                          0x080002bf   Thumb Code     0  startup_stm32f446xx.o(.text)
    SPI3_IRQHandler                          0x080002bf   Thumb Code     0  startup_stm32f446xx.o(.text)
    SPI4_IRQHandler                          0x080002bf   Thumb Code     0  startup_stm32f446xx.o(.text)
    TAMP_STAMP_IRQHandler                    0x080002bf   Thumb Code     0  startup_stm32f446xx.o(.text)
    TIM1_BRK_TIM9_IRQHandler                 0x080002bf   Thumb Code     0  startup_stm32f446xx.o(.text)
    TIM1_CC_IRQHandler                       0x080002bf   Thumb Code     0  startup_stm32f446xx.o(.text)
    TIM1_TRG_COM_TIM11_IRQHandler            0x080002bf   Thumb Code     0  startup_stm32f446xx.o(.text)
    TIM1_UP_TIM10_IRQHandler                 0x080002bf   Thumb Code     0  startup_stm32f446xx.o(.text)
    TIM2_IRQHandler                          0x080002bf   Thumb Code     0  startup_stm32f446xx.o(.text)
    TIM3_IRQHandler                          0x080002bf   Thumb Code     0  startup_stm32f446xx.o(.text)
    TIM4_IRQHandler                          0x080002bf   Thumb Code     0  startup_stm32f446xx.o(.text)
    TIM5_IRQHandler                          0x080002bf   Thumb Code     0  startup_stm32f446xx.o(.text)
    TIM6_DAC_IRQHandler                      0x080002bf   Thumb Code     0  startup_stm32f446xx.o(.text)
    TIM7_IRQHandler                          0x080002bf   Thumb Code     0  startup_stm32f446xx.o(.text)
    TIM8_BRK_TIM12_IRQHandler                0x080002bf   Thumb Code     0  startup_stm32f446xx.o(.text)
    TIM8_CC_IRQHandler                       0x080002bf   Thumb Code     0  startup_stm32f446xx.o(.text)
    TIM8_TRG_COM_TIM14_IRQHandler            0x080002bf   Thumb Code     0  startup_stm32f446xx.o(.text)
    TIM8_UP_TIM13_IRQHandler                 0x080002bf   Thumb Code     0  startup_stm32f446xx.o(.text)
    UART4_IRQHandler                         0x080002bf   Thumb Code     0  startup_stm32f446xx.o(.text)
    UART5_IRQHandler                         0x080002bf   Thumb Code     0  startup_stm32f446xx.o(.text)
    USART6_IRQHandler                        0x080002bf   Thumb Code     0  startup_stm32f446xx.o(.text)
    WWDG_IRQHandler                          0x080002bf   Thumb Code     0  startup_stm32f446xx.o(.text)
    __user_initial_stackheap                 0x080002c1   Thumb Code     0  startup_stm32f446xx.o(.text)
    __aeabi_memclr4                          0x080002e5   Thumb Code     0  rt_memclr_w.o(.text)
    __aeabi_memclr8                          0x080002e5   Thumb Code     0  rt_memclr_w.o(.text)
    __rt_memclr_w                            0x080002e5   Thumb Code    78  rt_memclr_w.o(.text)
    _memset_w                                0x080002e9   Thumb Code     0  rt_memclr_w.o(.text)
    __use_two_region_memory                  0x08000333   Thumb Code     2  heapauxi.o(.text)
    __rt_heap_escrow$2region                 0x08000335   Thumb Code     2  heapauxi.o(.text)
    __rt_heap_expand$2region                 0x08000337   Thumb Code     2  heapauxi.o(.text)
    __read_errno                             0x08000339   Thumb Code    10  _rserrno.o(.text)
    __set_errno                              0x08000343   Thumb Code    12  _rserrno.o(.text)
    __aeabi_errno_addr                       0x08000351   Thumb Code     8  rt_errno_addr_intlibspace.o(.text)
    __errno$intlibspace                      0x08000351   Thumb Code     0  rt_errno_addr_intlibspace.o(.text)
    __rt_errno_addr$intlibspace              0x08000351   Thumb Code     0  rt_errno_addr_intlibspace.o(.text)
    __user_libspace                          0x08000359   Thumb Code     8  libspace.o(.text)
    __user_perproc_libspace                  0x08000359   Thumb Code     0  libspace.o(.text)
    __user_perthread_libspace                0x08000359   Thumb Code     0  libspace.o(.text)
    __user_setup_stackheap                   0x08000361   Thumb Code    74  sys_stackheap_outer.o(.text)
    exit                                     0x080003ab   Thumb Code    18  exit.o(.text)
    _sys_exit                                0x080003bd   Thumb Code     8  sys_exit.o(.text)
    __I$use$semihosting                      0x080003c9   Thumb Code     0  use_no_semi.o(.text)
    __use_no_semihosting_swi                 0x080003c9   Thumb Code     2  use_no_semi.o(.text)
    __semihosting_library_function           0x080003cb   Thumb Code     0  indicate_semi.o(.text)
    PrintStringFinish                        0x08003975   Thumb Code    76  print.o(.text.PrintStringFinish)
    PrintTimer                               0x080039c1   Thumb Code   238  print.o(.text.PrintTimer)
    SystemInit                               0x08004b89   Thumb Code    86  system_stm32f4xx.o(.text.SystemInit)
    USART1_IRQHandler                        0x08004c29   Thumb Code    36  irq.o(.text.USART1_IRQHandler)
    USART2_IRQHandler                        0x08004c4d   Thumb Code    36  irq.o(.text.USART2_IRQHandler)
    USART3_IRQHandler                        0x08004c71   Thumb Code    36  irq.o(.text.USART3_IRQHandler)
    main                                     0x08006c15   Thumb Code   528  main.o(.text.main)
    __ARM_fpclassifyf                        0x0800870f   Thumb Code    38  fpclassifyf.o(i.__ARM_fpclassifyf)
    __hardfp_cosf                            0x08008735   Thumb Code   280  cosf.o(i.__hardfp_cosf)
    __hardfp_log10f                          0x08008885   Thumb Code   332  log10f.o(i.__hardfp_log10f)
    __hardfp_sinf                            0x08008a05   Thumb Code   344  sinf.o(i.__hardfp_sinf)
    __mathlib_flt_divzero                    0x08008b95   Thumb Code    14  funder.o(i.__mathlib_flt_divzero)
    __mathlib_flt_infnan                     0x08008ba9   Thumb Code     6  funder.o(i.__mathlib_flt_infnan)
    __mathlib_flt_invalid                    0x08008bb1   Thumb Code    10  funder.o(i.__mathlib_flt_invalid)
    __mathlib_flt_underflow                  0x08008bc1   Thumb Code    10  funder.o(i.__mathlib_flt_underflow)
    __mathlib_rredf2                         0x08008bd1   Thumb Code   316  rredf.o(i.__mathlib_rredf2)
    _fp_init                                 0x08008d25   Thumb Code    26  fpinit.o(x$fpl$fpinit)
    __fplib_config_fpu_vfp                   0x08008d3d   Thumb Code     0  fpinit.o(x$fpl$fpinit)
    __fplib_config_pureend_doubles           0x08008d3d   Thumb Code     0  fpinit.o(x$fpl$fpinit)
    __I$use$fp                               0x08008d3e   Number         0  usenofp.o(x$fpl$usenofp)
    Agc                                      0x08008ed4   Data          12  agc.o(.rodata.Agc)
    BitBuffer                                0x08008ee0   Data           8  bitbuffer.o(.rodata.BitBuffer)
    Complex                                  0x08008ee8   Data          20  iq.o(.rodata.Complex)
    DdcDriver                                0x08008efc   Data          40  ddcdriver.o(.rodata.DdcDriver)
    DebugSempl                               0x08008f24   Data           4  debugsempl.o(.rodata.DebugSempl)
    Delay                                    0x08008f28   Data          12  delay.o(.rodata.Delay)
    DemodulatorQFSK                          0x08008f34   Data          32  demodulatorqfsk.o(.rodata.DemodulatorQFSK)
    DmaTransfer                              0x08008f54   Data          12  dmatransfer.o(.rodata.DmaTransfer)
    DucDriver                                0x08008f60   Data          52  ducdriver.o(.rodata.DucDriver)
    Flash                                    0x08008f94   Data          20  flash.o(.rodata.Flash)
    Horizon                                  0x08008fa8   Data          12  horizon.o(.rodata.Horizon)
    HorizonCore                              0x08008fb4   Data         124  horizoncore.o(.rodata.HorizonCore)
    HorizonDriver                            0x08009030   Data          44  horizondriver.o(.rodata.HorizonDriver)
    Init                                     0x0800905c   Data          40  init.o(.rodata.Init)
    Led                                      0x08009084   Data           4  led.o(.rodata.Led)
    List                                     0x08009088   Data          88  list.o(.rodata.List)
    LoopFilter                               0x080090e0   Data           4  loopfilter.o(.rodata.LoopFilter)
    ModulatorQFSK                            0x080090e4   Data          28  modulatorqfsk.o(.rodata.ModulatorQFSK)
    Print                                    0x08009100   Data          40  print.o(.rodata.Print)
    PrintLn                                  0x08009128   Data          40  print.o(.rodata.PrintLn)
    Socket                                   0x08009150   Data          12  socket.o(.rodata.Socket)
    Spi                                      0x0800915c   Data           8  spi.o(.rodata.Spi)
    StatusBar                                0x08009164   Data          32  statusbar.o(.rodata.StatusBar)
    StatusConnect                            0x08009184   Data           8  statusconnect.o(.rodata.StatusConnect)
    Storona                                  0x0800918c   Data          12  storona.o(.rodata.Storona)
    StoronaCore                              0x08009198   Data          92  storonacore.o(.rodata.StoronaCore)
    StoronaDriver                            0x080091f4   Data          16  storonadriver.o(.rodata.StoronaDriver)
    Vco                                      0x08009204   Data           4  vco.o(.rodata.Vco)
    Wiznet                                   0x08009208   Data         340  wiznet.o(.rodata.Wiznet)
    Region$$Table$$Base                      0x08009a74   Number         0  anon$$obj.o(Region$$Table)
    Region$$Table$$Limit                     0x08009a94   Number         0  anon$$obj.o(Region$$Table)
    listPrint                                0x20000000   Data          20  print.o(.data..L_MergedGlobals)
    HorizonParser                            0x20000038   Data          88  horizonparser.o(.data..L_MergedGlobals)
    DucParser                                0x20000094   Data          40  ducparser.o(.data..L_MergedGlobals)
    DdcParser                                0x200000c0   Data          36  ddcparser.o(.data..L_MergedGlobals)
    Device                                   0x200000e8   Data          28  device.o(.data..L_MergedGlobals)
    StoronaParser                            0x20000108   Data          52  storonaparser.o(.data..L_MergedGlobals)
    Button                                   0x20000194   Data           4  button.o(.data.Button)
    SemplSender                              0x200001a0   Data          16  semplsender.o(.data.SemplSender)
    Sempls                                   0x200001b0   Data          20  debugsempl.o(.data.Sempls)
    Welcome                                  0x200001c4   Data           4  main.o(.data.Welcome)
    listBitBuffer                            0x200001c8   Data          20  bitbuffer.o(.data.listBitBuffer)
    listDdcDriver                            0x200001dc   Data          20  ddcdriver.o(.data.listDdcDriver)
    listDdcRx                                0x200001f0   Data          20  irq.o(.data.listDdcRx)
    listDucDriver                            0x20000204   Data          20  ducdriver.o(.data.listDucDriver)
    listDucRx                                0x20000218   Data          20  irq.o(.data.listDucRx)
    listHorizonDriver                        0x2000022c   Data          20  horizondriver.o(.data.listHorizonDriver)
    listStoronaDriver                        0x20000268   Data          20  storonadriver.o(.data.listStoronaDriver)
    listUsbRx                                0x2000027c   Data          20  irq.o(.data.listUsbRx)
    __libspace_start                         0x20000298   Data          96  libspace.o(.bss)
    __temporary_stack_top$libspace           0x200002f8   Data           0  libspace.o(.bss)



==============================================================================

Memory Map of the image

  Image Entry point : 0x080001c5

  Load Region LR_IROM1 (Base: 0x08000000, Size: 0x00009d30, Max: 0x00080000, ABSOLUTE, COMPRESSED[0x00009b60])

    Execution Region ER_IROM1 (Exec base: 0x08000000, Load base: 0x08000000, Size: 0x00009a94, Max: 0x00080000, ABSOLUTE)

    Exec Addr    Load Addr    Size         Type   Attr      Idx    E Section Name        Object

    0x08000000   0x08000000   0x000001c4   Data   RO         1179    RESET               startup_stm32f446xx.o
    0x080001c4   0x080001c4   0x00000008   Code   RO         1207  * !!!main             c_w.l(__main.o)
    0x080001cc   0x080001cc   0x00000034   Code   RO         1437    !!!scatter          c_w.l(__scatter.o)
    0x08000200   0x08000200   0x0000005a   Code   RO         1435    !!dczerorl2         c_w.l(__dczerorl2.o)
    0x0800025a   0x0800025a   0x00000002   PAD
    0x0800025c   0x0800025c   0x0000001c   Code   RO         1439    !!handler_zi        c_w.l(__scatter_zi.o)
    0x08000278   0x08000278   0x00000002   Code   RO         1302    .ARM.Collect$$libinit$$00000000  c_w.l(libinit.o)
    0x0800027a   0x0800027a   0x00000004   Code   RO         1305    .ARM.Collect$$libinit$$00000001  c_w.l(libinit2.o)
    0x0800027e   0x0800027e   0x00000000   Code   RO         1308    .ARM.Collect$$libinit$$00000004  c_w.l(libinit2.o)
    0x0800027e   0x0800027e   0x00000000   Code   RO         1311    .ARM.Collect$$libinit$$0000000A  c_w.l(libinit2.o)
    0x0800027e   0x0800027e   0x00000000   Code   RO         1313    .ARM.Collect$$libinit$$0000000C  c_w.l(libinit2.o)
    0x0800027e   0x0800027e   0x00000000   Code   RO         1315    .ARM.Collect$$libinit$$0000000E  c_w.l(libinit2.o)
    0x0800027e   0x0800027e   0x00000000   Code   RO         1318    .ARM.Collect$$libinit$$00000011  c_w.l(libinit2.o)
    0x0800027e   0x0800027e   0x00000000   Code   RO         1320    .ARM.Collect$$libinit$$00000013  c_w.l(libinit2.o)
    0x0800027e   0x0800027e   0x00000000   Code   RO         1322    .ARM.Collect$$libinit$$00000015  c_w.l(libinit2.o)
    0x0800027e   0x0800027e   0x00000000   Code   RO         1324    .ARM.Collect$$libinit$$00000017  c_w.l(libinit2.o)
    0x0800027e   0x0800027e   0x00000000   Code   RO         1326    .ARM.Collect$$libinit$$00000019  c_w.l(libinit2.o)
    0x0800027e   0x0800027e   0x00000000   Code   RO         1328    .ARM.Collect$$libinit$$0000001B  c_w.l(libinit2.o)
    0x0800027e   0x0800027e   0x00000000   Code   RO         1330    .ARM.Collect$$libinit$$0000001D  c_w.l(libinit2.o)
    0x0800027e   0x0800027e   0x00000000   Code   RO         1332    .ARM.Collect$$libinit$$0000001F  c_w.l(libinit2.o)
    0x0800027e   0x0800027e   0x00000000   Code   RO         1334    .ARM.Collect$$libinit$$00000021  c_w.l(libinit2.o)
    0x0800027e   0x0800027e   0x00000000   Code   RO         1336    .ARM.Collect$$libinit$$00000023  c_w.l(libinit2.o)
    0x0800027e   0x0800027e   0x00000000   Code   RO         1338    .ARM.Collect$$libinit$$00000025  c_w.l(libinit2.o)
    0x0800027e   0x0800027e   0x00000000   Code   RO         1342    .ARM.Collect$$libinit$$0000002C  c_w.l(libinit2.o)
    0x0800027e   0x0800027e   0x00000000   Code   RO         1344    .ARM.Collect$$libinit$$0000002E  c_w.l(libinit2.o)
    0x0800027e   0x0800027e   0x00000000   Code   RO         1346    .ARM.Collect$$libinit$$00000030  c_w.l(libinit2.o)
    0x0800027e   0x0800027e   0x00000000   Code   RO         1348    .ARM.Collect$$libinit$$00000032  c_w.l(libinit2.o)
    0x0800027e   0x0800027e   0x00000002   Code   RO         1349    .ARM.Collect$$libinit$$00000033  c_w.l(libinit2.o)
    0x08000280   0x08000280   0x00000002   Code   RO         1371    .ARM.Collect$$libshutdown$$00000000  c_w.l(libshutdown.o)
    0x08000282   0x08000282   0x00000000   Code   RO         1386    .ARM.Collect$$libshutdown$$00000002  c_w.l(libshutdown2.o)
    0x08000282   0x08000282   0x00000000   Code   RO         1388    .ARM.Collect$$libshutdown$$00000004  c_w.l(libshutdown2.o)
    0x08000282   0x08000282   0x00000000   Code   RO         1391    .ARM.Collect$$libshutdown$$00000007  c_w.l(libshutdown2.o)
    0x08000282   0x08000282   0x00000000   Code   RO         1394    .ARM.Collect$$libshutdown$$0000000A  c_w.l(libshutdown2.o)
    0x08000282   0x08000282   0x00000000   Code   RO         1396    .ARM.Collect$$libshutdown$$0000000C  c_w.l(libshutdown2.o)
    0x08000282   0x08000282   0x00000000   Code   RO         1399    .ARM.Collect$$libshutdown$$0000000F  c_w.l(libshutdown2.o)
    0x08000282   0x08000282   0x00000002   Code   RO         1400    .ARM.Collect$$libshutdown$$00000010  c_w.l(libshutdown2.o)
    0x08000284   0x08000284   0x00000000   Code   RO         1247    .ARM.Collect$$rtentry$$00000000  c_w.l(__rtentry.o)
    0x08000284   0x08000284   0x00000000   Code   RO         1271    .ARM.Collect$$rtentry$$00000002  c_w.l(__rtentry2.o)
    0x08000284   0x08000284   0x00000006   Code   RO         1283    .ARM.Collect$$rtentry$$00000004  c_w.l(__rtentry4.o)
    0x0800028a   0x0800028a   0x00000000   Code   RO         1273    .ARM.Collect$$rtentry$$00000009  c_w.l(__rtentry2.o)
    0x0800028a   0x0800028a   0x00000004   Code   RO         1274    .ARM.Collect$$rtentry$$0000000A  c_w.l(__rtentry2.o)
    0x0800028e   0x0800028e   0x00000000   Code   RO         1276    .ARM.Collect$$rtentry$$0000000C  c_w.l(__rtentry2.o)
    0x0800028e   0x0800028e   0x00000008   Code   RO         1277    .ARM.Collect$$rtentry$$0000000D  c_w.l(__rtentry2.o)
    0x08000296   0x08000296   0x00000002   Code   RO         1303    .ARM.Collect$$rtexit$$00000000  c_w.l(rtexit.o)
    0x08000298   0x08000298   0x00000000   Code   RO         1351    .ARM.Collect$$rtexit$$00000002  c_w.l(rtexit2.o)
    0x08000298   0x08000298   0x00000004   Code   RO         1352    .ARM.Collect$$rtexit$$00000003  c_w.l(rtexit2.o)
    0x0800029c   0x0800029c   0x00000006   Code   RO         1353    .ARM.Collect$$rtexit$$00000004  c_w.l(rtexit2.o)
    0x080002a2   0x080002a2   0x00000002   PAD
    0x080002a4   0x080002a4   0x00000040   Code   RO         1180    .text               startup_stm32f446xx.o
    0x080002e4   0x080002e4   0x0000004e   Code   RO         1203    .text               c_w.l(rt_memclr_w.o)
    0x08000332   0x08000332   0x00000006   Code   RO         1205    .text               c_w.l(heapauxi.o)
    0x08000338   0x08000338   0x00000016   Code   RO         1248    .text               c_w.l(_rserrno.o)
    0x0800034e   0x0800034e   0x00000002   PAD
    0x08000350   0x08000350   0x00000008   Code   RO         1288    .text               c_w.l(rt_errno_addr_intlibspace.o)
    0x08000358   0x08000358   0x00000008   Code   RO         1290    .text               c_w.l(libspace.o)
    0x08000360   0x08000360   0x0000004a   Code   RO         1293    .text               c_w.l(sys_stackheap_outer.o)
    0x080003aa   0x080003aa   0x00000012   Code   RO         1295    .text               c_w.l(exit.o)
    0x080003bc   0x080003bc   0x0000000c   Code   RO         1361    .text               c_w.l(sys_exit.o)
    0x080003c8   0x080003c8   0x00000002   Code   RO         1376    .text               c_w.l(use_no_semi.o)
    0x080003ca   0x080003ca   0x00000000   Code   RO         1378    .text               c_w.l(indicate_semi.o)
    0x080003ca   0x080003ca   0x00000002   PAD
    0x080003cc   0x080003cc   0x000007e8   Code   RO         1050    .text.AddSempl      demodulatorqfsk.o
    0x08000bb4   0x08000bb4   0x00000060   Code   RO          907    .text.Bit           storonaparser.o
    0x08000c14   0x08000c14   0x00000044   Code   RO          944    .text.Bit           storonadriver.o
    0x08000c58   0x08000c58   0x00000058   Code   RO         1093    .text.BitAdd        bitbuffer.o
    0x08000cb0   0x08000cb0   0x00000090   Code   RO         1095    .text.BitGet        bitbuffer.o
    0x08000d40   0x08000d40   0x0000002c   Code   RO          711    .text.BufferClear   ducdriver.o
    0x08000d6c   0x08000d6c   0x0000002c   Code   RO          709    .text.BufferPercent  ducdriver.o
    0x08000d98   0x08000d98   0x000000a0   Code   RO          713    .text.BufferWrite   ducdriver.o
    0x08000e38   0x08000e38   0x000000c0   Code   RO          430    .text.Check         button.o
    0x08000ef8   0x08000ef8   0x000000bc   Code   RO          901    .text.CombinationDemodulator  storonaparser.o
    0x08000fb4   0x08000fb4   0x000000b8   Code   RO          895    .text.CombinationModulator  storonaparser.o
    0x0800106c   0x0800106c   0x00000020   Code   RO         1027    .text.CombinationSet  modulatorqfsk.o
    0x0800108c   0x0800108c   0x00000020   Code   RO         1052    .text.CombinationSet  demodulatorqfsk.o
    0x080010ac   0x080010ac   0x0000000c   Code   RO          573    .text.DdcError      horizoncore.o
    0x080010b8   0x080010b8   0x00000002   Code   RO         1003    .text.DdcError      storonacore.o
    0x080010ba   0x080010ba   0x00000002   PAD
    0x080010bc   0x080010bc   0x00000058   Code   RO          533    .text.DdcFrequency  horizondriver.o
    0x08001114   0x08001114   0x0000000c   Code   RO          569    .text.DdcFrequency  horizoncore.o
    0x08001120   0x08001120   0x0000000c   Code   RO          857    .text.DdcFrequency  statusbar.o
    0x0800112c   0x0800112c   0x00000002   Code   RO          999    .text.DdcFrequency  storonacore.o
    0x0800112e   0x0800112e   0x00000002   PAD
    0x08001130   0x08001130   0x0000004c   Code   RO          484    .text.DdcFrequencyGet  horizonparser.o
    0x0800117c   0x0800117c   0x0000005c   Code   RO          482    .text.DdcFrequencySet  horizonparser.o
    0x080011d8   0x080011d8   0x00000054   Code   RO          529    .text.DdcMode       horizondriver.o
    0x0800122c   0x0800122c   0x0000000c   Code   RO          565    .text.DdcMode       horizoncore.o
    0x08001238   0x08001238   0x0000000c   Code   RO          853    .text.DdcMode       statusbar.o
    0x08001244   0x08001244   0x00000002   Code   RO          995    .text.DdcMode       storonacore.o
    0x08001246   0x08001246   0x00000002   PAD
    0x08001248   0x08001248   0x00000048   Code   RO          476    .text.DdcModeGet    horizonparser.o
    0x08001290   0x08001290   0x00000058   Code   RO          474    .text.DdcModeSet    horizonparser.o
    0x080012e8   0x080012e8   0x00000044   Code   RO          486    .text.DdcReset      horizonparser.o
    0x0800132c   0x0800132c   0x00000090   Code   RO          535    .text.DdcSempl      horizondriver.o
    0x080013bc   0x080013bc   0x0000000c   Code   RO          571    .text.DdcSempl      horizoncore.o
    0x080013c8   0x080013c8   0x0000000c   Code   RO         1001    .text.DdcSempl      storonacore.o
    0x080013d4   0x080013d4   0x00000054   Code   RO          531    .text.DdcWidth      horizondriver.o
    0x08001428   0x08001428   0x0000000c   Code   RO          567    .text.DdcWidth      horizoncore.o
    0x08001434   0x08001434   0x0000000c   Code   RO          855    .text.DdcWidth      statusbar.o
    0x08001440   0x08001440   0x00000002   Code   RO          997    .text.DdcWidth      storonacore.o
    0x08001442   0x08001442   0x00000002   PAD
    0x08001444   0x08001444   0x00000048   Code   RO          480    .text.DdcWidthGet   horizonparser.o
    0x0800148c   0x0800148c   0x00000058   Code   RO          478    .text.DdcWidthSet   horizonparser.o
    0x080014e4   0x080014e4   0x0000000c   Code   RO          831    .text.DebugGet      device.o
    0x080014f0   0x080014f0   0x0000001a   Code   RO          829    .text.DebugSet      device.o
    0x0800150a   0x0800150a   0x00000002   PAD
    0x0800150c   0x0800150c   0x000000a6   Code   RO          909    .text.Default       storonaparser.o
    0x080015b2   0x080015b2   0x00000002   PAD
    0x080015b4   0x080015b4   0x0000008e   Code   RO           21    .text.Dma           init.o
    0x08001642   0x08001642   0x00000002   PAD
    0x08001644   0x08001644   0x0000004c   Code   RO          504    .text.DucBufferClear  horizonparser.o
    0x08001690   0x08001690   0x0000004c   Code   RO          506    .text.DucBufferPercent  horizonparser.o
    0x080016dc   0x080016dc   0x00000060   Code   RO          472    .text.DucBufferWrite  horizonparser.o
    0x0800173c   0x0800173c   0x0000000c   Code   RO          583    .text.DucError      horizoncore.o
    0x08001748   0x08001748   0x00000002   Code   RO          993    .text.DucError      storonacore.o
    0x0800174a   0x0800174a   0x00000002   PAD
    0x0800174c   0x0800174c   0x00000058   Code   RO          541    .text.DucFrequency  horizondriver.o
    0x080017a4   0x080017a4   0x0000000c   Code   RO          579    .text.DucFrequency  horizoncore.o
    0x080017b0   0x080017b0   0x0000000c   Code   RO          863    .text.DucFrequency  statusbar.o
    0x080017bc   0x080017bc   0x00000002   Code   RO          989    .text.DucFrequency  storonacore.o
    0x080017be   0x080017be   0x00000002   PAD
    0x080017c0   0x080017c0   0x0000004c   Code   RO          500    .text.DucFrequencyGet  horizonparser.o
    0x0800180c   0x0800180c   0x0000005c   Code   RO          498    .text.DucFrequencySet  horizonparser.o
    0x08001868   0x08001868   0x00000054   Code   RO          537    .text.DucMode       horizondriver.o
    0x080018bc   0x080018bc   0x0000000c   Code   RO          575    .text.DucMode       horizoncore.o
    0x080018c8   0x080018c8   0x0000000c   Code   RO          859    .text.DucMode       statusbar.o
    0x080018d4   0x080018d4   0x00000002   Code   RO          985    .text.DucMode       storonacore.o
    0x080018d6   0x080018d6   0x00000002   PAD
    0x080018d8   0x080018d8   0x00000048   Code   RO          492    .text.DucModeGet    horizonparser.o
    0x08001920   0x08001920   0x00000058   Code   RO          490    .text.DucModeSet    horizonparser.o
    0x08001978   0x08001978   0x0000002e   Code   RO          543    .text.DucPercent    horizondriver.o
    0x080019a6   0x080019a6   0x00000002   PAD
    0x080019a8   0x080019a8   0x0000000c   Code   RO          581    .text.DucPercent    horizoncore.o
    0x080019b4   0x080019b4   0x0000000c   Code   RO          865    .text.DucPercent    statusbar.o
    0x080019c0   0x080019c0   0x0000000c   Code   RO          991    .text.DucPercent    storonacore.o
    0x080019cc   0x080019cc   0x00000044   Code   RO          502    .text.DucReset      horizonparser.o
    0x08001a10   0x08001a10   0x00000054   Code   RO          539    .text.DucWidth      horizondriver.o
    0x08001a64   0x08001a64   0x0000000c   Code   RO          577    .text.DucWidth      horizoncore.o
    0x08001a70   0x08001a70   0x0000000c   Code   RO          861    .text.DucWidth      statusbar.o
    0x08001a7c   0x08001a7c   0x00000002   Code   RO          987    .text.DucWidth      storonacore.o
    0x08001a7e   0x08001a7e   0x00000002   PAD
    0x08001a80   0x08001a80   0x00000048   Code   RO          496    .text.DucWidthGet   horizonparser.o
    0x08001ac8   0x08001ac8   0x00000058   Code   RO          494    .text.DucWidthSet   horizonparser.o
    0x08001b20   0x08001b20   0x00000050   Code   RO          549    .text.Error         horizondriver.o
    0x08001b70   0x08001b70   0x00000064   Code   RO          749    .text.Error         ducparser.o
    0x08001bd4   0x08001bd4   0x00000064   Code   RO          814    .text.Error         ddcparser.o
    0x08001c38   0x08001c38   0x00000060   Code   RO          453    .text.Eth           statusconnect.o
    0x08001c98   0x08001c98   0x00000118   Code   RO          545    .text.Ethernet      horizondriver.o
    0x08001db0   0x08001db0   0x000000fc   Code   RO          942    .text.Ethernet      storonadriver.o
    0x08001eac   0x08001eac   0x00000048   Code   RO          510    .text.EthernetGet   horizonparser.o
    0x08001ef4   0x08001ef4   0x00000028   Code   RO          835    .text.EthernetGet   device.o
    0x08001f1c   0x08001f1c   0x0000003c   Code   RO          893    .text.EthernetGet   storonaparser.o
    0x08001f58   0x08001f58   0x00000048   Code   RO          512    .text.EthernetReset  horizonparser.o
    0x08001fa0   0x08001fa0   0x0000000e   Code   RO          837    .text.EthernetReset  device.o
    0x08001fae   0x08001fae   0x00000002   PAD
    0x08001fb0   0x08001fb0   0x00000078   Code   RO          508    .text.EthernetSet   horizonparser.o
    0x08002028   0x08002028   0x00000180   Code   RO          833    .text.EthernetSet   device.o
    0x080021a8   0x080021a8   0x00000070   Code   RO          891    .text.EthernetSet   storonaparser.o
    0x08002218   0x08002218   0x0000002a   Code   RO           25    .text.FlashMemory   init.o
    0x08002242   0x08002242   0x00000002   PAD
    0x08002244   0x08002244   0x00000026   Code   RO          739    .text.Frequency     ducparser.o
    0x0800226a   0x0800226a   0x00000002   PAD
    0x0800226c   0x0800226c   0x00000026   Code   RO          806    .text.Frequency     ddcparser.o
    0x08002292   0x08002292   0x00000002   PAD
    0x08002294   0x08002294   0x0000005c   Code   RO          899    .text.FrequencyDdc  storonaparser.o
    0x080022f0   0x080022f0   0x0000005c   Code   RO          897    .text.FrequencyDuc  storonaparser.o
    0x0800234c   0x0800234c   0x0000002c   Code   RO          701    .text.FrequencyGet  ducdriver.o
    0x08002378   0x08002378   0x0000002c   Code   RO          774    .text.FrequencyGet  ddcdriver.o
    0x080023a4   0x080023a4   0x0000002e   Code   RO          699    .text.FrequencySet  ducdriver.o
    0x080023d2   0x080023d2   0x00000002   PAD
    0x080023d4   0x080023d4   0x0000002e   Code   RO          772    .text.FrequencySet  ddcdriver.o
    0x08002402   0x08002402   0x00000002   PAD
    0x08002404   0x08002404   0x0000001e   Code   RO         1165    .text.Gain          agc.o
    0x08002422   0x08002422   0x00000002   PAD
    0x08002424   0x08002424   0x000000cc   Code   RO         1025    .text.GetSempl      modulatorqfsk.o
    0x080024f0   0x080024f0   0x0000039a   Code   RO           15    .text.Gpio          init.o
    0x0800288a   0x0800288a   0x00000002   PAD
    0x0800288c   0x0800288c   0x00000040   Code   RO          514    .text.Init          horizonparser.o
    0x080028cc   0x080028cc   0x00000054   Code   RO          547    .text.Init          horizondriver.o
    0x08002920   0x08002920   0x000000cc   Code   RO          636    .text.Init          horizon.o
    0x080029ec   0x080029ec   0x00000034   Code   RO          883    .text.Init          storonaparser.o
    0x08002a20   0x08002a20   0x000000fc   Code   RO          923    .text.Init          storona.o
    0x08002b1c   0x08002b1c   0x00000040   Code   RO          940    .text.Init          storonadriver.o
    0x08002b5c   0x08002b5c   0x0000000a   Code   RO          839    .text.InitString    device.o
    0x08002b66   0x08002b66   0x00000002   PAD
    0x08002b68   0x08002b68   0x00000098   Code   RO          903    .text.InversionSet  storonaparser.o
    0x08002c00   0x08002c00   0x0000000c   Code   RO         1054    .text.InversionSet  demodulatorqfsk.o
    0x08002c0c   0x08002c0c   0x00000026   Code   RO           31    .text.Irq           init.o
    0x08002c32   0x08002c32   0x00000002   PAD
    0x08002c34   0x08002c34   0x00000046   Code   RO          516    .text.MaskFind      horizonparser.o
    0x08002c7a   0x08002c7a   0x00000002   PAD
    0x08002c7c   0x08002c7c   0x00000046   Code   RO          751    .text.MaskFind      ducparser.o
    0x08002cc2   0x08002cc2   0x00000002   PAD
    0x08002cc4   0x08002cc4   0x00000046   Code   RO          816    .text.MaskFind      ddcparser.o
    0x08002d0a   0x08002d0a   0x00000002   PAD
    0x08002d0c   0x08002d0c   0x000001fc   Code   RO           44    .text.MicroSecond   delay.o
    0x08002f08   0x08002f08   0x00000208   Code   RO           46    .text.MilliSecond   delay.o
    0x08003110   0x08003110   0x00000026   Code   RO          735    .text.Mode          ducparser.o
    0x08003136   0x08003136   0x00000002   PAD
    0x08003138   0x08003138   0x00000026   Code   RO          802    .text.Mode          ddcparser.o
    0x0800315e   0x0800315e   0x00000002   PAD
    0x08003160   0x08003160   0x00000050   Code   RO          885    .text.Mode          storonaparser.o
    0x080031b0   0x080031b0   0x0000002c   Code   RO          693    .text.ModeGet       ducdriver.o
    0x080031dc   0x080031dc   0x0000002c   Code   RO          766    .text.ModeGet       ddcdriver.o
    0x08003208   0x08003208   0x0000002e   Code   RO          691    .text.ModeSet       ducdriver.o
    0x08003236   0x08003236   0x00000002   PAD
    0x08003238   0x08003238   0x0000002e   Code   RO          764    .text.ModeSet       ddcdriver.o
    0x08003266   0x08003266   0x00000002   PAD
    0x08003268   0x08003268   0x00000054   Code   RO          798    .text.Packet        ddcparser.o
    0x080032bc   0x080032bc   0x000000d4   Code   RO          470    .text.Parse         horizonparser.o
    0x08003390   0x08003390   0x000000d4   Code   RO          731    .text.Parse         ducparser.o
    0x08003464   0x08003464   0x000000d4   Code   RO          796    .text.Parse         ddcparser.o
    0x08003538   0x08003538   0x000000c4   Code   RO          881    .text.Parse         storonaparser.o
    0x080035fc   0x080035fc   0x0000000c   Code   RO          973    .text.ParserBit     storonacore.o
    0x08003608   0x08003608   0x0000000c   Code   RO          977    .text.ParserCombinationDemodulator  storonacore.o
    0x08003614   0x08003614   0x0000000c   Code   RO          975    .text.ParserCombinationModulator  storonacore.o
    0x08003620   0x08003620   0x0000000c   Code   RO          595    .text.ParserDdcFrequencyGet  horizoncore.o
    0x0800362c   0x0800362c   0x0000000c   Code   RO          593    .text.ParserDdcFrequencySet  horizoncore.o
    0x08003638   0x08003638   0x0000000c   Code   RO          587    .text.ParserDdcModeGet  horizoncore.o
    0x08003644   0x08003644   0x0000000c   Code   RO          585    .text.ParserDdcModeSet  horizoncore.o
    0x08003650   0x08003650   0x0000000c   Code   RO          597    .text.ParserDdcReset  horizoncore.o
    0x0800365c   0x0800365c   0x0000000c   Code   RO          591    .text.ParserDdcWidthGet  horizoncore.o
    0x08003668   0x08003668   0x0000000c   Code   RO          589    .text.ParserDdcWidthSet  horizoncore.o
    0x08003674   0x08003674   0x0000000c   Code   RO          615    .text.ParserDucBufferClear  horizoncore.o
    0x08003680   0x08003680   0x0000000c   Code   RO          613    .text.ParserDucBufferPercent  horizoncore.o
    0x0800368c   0x0800368c   0x0000000c   Code   RO          617    .text.ParserDucBufferWrite  horizoncore.o
    0x08003698   0x08003698   0x0000000c   Code   RO          609    .text.ParserDucFrequencyGet  horizoncore.o
    0x080036a4   0x080036a4   0x0000000c   Code   RO          607    .text.ParserDucFrequencySet  horizoncore.o
    0x080036b0   0x080036b0   0x0000000c   Code   RO          601    .text.ParserDucModeGet  horizoncore.o
    0x080036bc   0x080036bc   0x0000000c   Code   RO          599    .text.ParserDucModeSet  horizoncore.o
    0x080036c8   0x080036c8   0x0000000c   Code   RO          611    .text.ParserDucReset  horizoncore.o
    0x080036d4   0x080036d4   0x0000000c   Code   RO          605    .text.ParserDucWidthGet  horizoncore.o
    0x080036e0   0x080036e0   0x0000000c   Code   RO          603    .text.ParserDucWidthSet  horizoncore.o
    0x080036ec   0x080036ec   0x00000030   Code   RO          621    .text.ParserEthernetGet  horizoncore.o
    0x0800371c   0x0800371c   0x00000034   Code   RO          971    .text.ParserEthernetGet  storonacore.o
    0x08003750   0x08003750   0x0000000c   Code   RO          623    .text.ParserEthernetReset  horizoncore.o
    0x0800375c   0x0800375c   0x0000000c   Code   RO          619    .text.ParserEthernetSet  horizoncore.o
    0x08003768   0x08003768   0x00000026   Code   RO          969    .text.ParserEthernetSet  storonacore.o
    0x0800378e   0x0800378e   0x00000002   PAD
    0x08003790   0x08003790   0x0000000c   Code   RO          981    .text.ParserFrequencyDdc  storonacore.o
    0x0800379c   0x0800379c   0x0000000c   Code   RO          979    .text.ParserFrequencyDuc  storonacore.o
    0x080037a8   0x080037a8   0x00000020   Code   RO          625    .text.ParserInit    horizoncore.o
    0x080037c8   0x080037c8   0x0000000c   Code   RO          961    .text.ParserInit    storonacore.o
    0x080037d4   0x080037d4   0x0000000c   Code   RO          983    .text.ParserInversionSet  storonacore.o
    0x080037e0   0x080037e0   0x00000104   Code   RO          963    .text.ParserMode    storonacore.o
    0x080038e4   0x080038e4   0x00000002   Code   RO          967    .text.ParserSizePacket  storonacore.o
    0x080038e6   0x080038e6   0x00000002   PAD
    0x080038e8   0x080038e8   0x00000032   Code   RO          965    .text.ParserStop    storonacore.o
    0x0800391a   0x0800391a   0x00000002   PAD
    0x0800391c   0x0800391c   0x00000034   Code   RO          741    .text.Percent       ducparser.o
    0x08003950   0x08003950   0x00000016   Code   RO          946    .text.Percent       storonadriver.o
    0x08003966   0x08003966   0x00000002   PAD
    0x08003968   0x08003968   0x0000000c   Code   RO         1079    .text.PercentSet    semplsender.o
    0x08003974   0x08003974   0x0000004c   Code   RO          354    .text.PrintStringFinish  print.o
    0x080039c0   0x080039c0   0x000000ee   Code   RO          356    .text.PrintTimer    print.o
    0x08003aae   0x08003aae   0x00000002   PAD
    0x08003ab0   0x08003ab0   0x000000d4   Code   RO           27    .text.Rcc           init.o
    0x08003b84   0x08003b84   0x0000002c   Code   RO          245    .text.Read          spi.o
    0x08003bb0   0x08003bb0   0x0000000e   Code   RO         1019    .text.RelativeBaudRateGet  modulatorqfsk.o
    0x08003bbe   0x08003bbe   0x00000002   PAD
    0x08003bc0   0x08003bc0   0x0000000e   Code   RO         1044    .text.RelativeBaudRateGet  demodulatorqfsk.o
    0x08003bce   0x08003bce   0x00000002   PAD
    0x08003bd0   0x08003bd0   0x000000c4   Code   RO         1017    .text.RelativeBaudRateSet  modulatorqfsk.o
    0x08003c94   0x08003c94   0x000001d4   Code   RO         1042    .text.RelativeBaudRateSet  demodulatorqfsk.o
    0x08003e68   0x08003e68   0x0000000e   Code   RO         1023    .text.RelativeFrequencyShiftGet  modulatorqfsk.o
    0x08003e76   0x08003e76   0x00000002   PAD
    0x08003e78   0x08003e78   0x0000000e   Code   RO         1048    .text.RelativeFrequencyShiftGet  demodulatorqfsk.o
    0x08003e86   0x08003e86   0x00000002   PAD
    0x08003e88   0x08003e88   0x00000050   Code   RO         1021    .text.RelativeFrequencyShiftSet  modulatorqfsk.o
    0x08003ed8   0x08003ed8   0x00000054   Code   RO         1046    .text.RelativeFrequencyShiftSet  demodulatorqfsk.o
    0x08003f2c   0x08003f2c   0x00000084   Code   RO          488    .text.Reserved      horizonparser.o
    0x08003fb0   0x08003fb0   0x0000008c   Code   RO          733    .text.Reserved      ducparser.o
    0x0800403c   0x0800403c   0x0000008c   Code   RO          800    .text.Reserved      ddcparser.o
    0x080040c8   0x080040c8   0x00000050   Code   RO          905    .text.Reserved      storonaparser.o
    0x08004118   0x08004118   0x0000002c   Code   RO          715    .text.Reset         ducdriver.o
    0x08004144   0x08004144   0x0000002c   Code   RO          782    .text.Reset         ddcdriver.o
    0x08004170   0x08004170   0x0000000e   Code   RO         1005    .text.Reset         storonacore.o
    0x0800417e   0x0800417e   0x00000002   PAD
    0x08004180   0x08004180   0x00000046   Code   RO         1029    .text.Reset         modulatorqfsk.o
    0x080041c6   0x080041c6   0x00000002   PAD
    0x080041c8   0x080041c8   0x00000156   Code   RO         1056    .text.Reset         demodulatorqfsk.o
    0x0800431e   0x0800431e   0x00000002   PAD
    0x08004320   0x08004320   0x0000000e   Code   RO         1081    .text.Reset         semplsender.o
    0x0800432e   0x0800432e   0x00000002   PAD
    0x08004330   0x08004330   0x00000022   Code   RO         1163    .text.Reset         agc.o
    0x08004352   0x08004352   0x00000002   PAD
    0x08004354   0x08004354   0x0000003c   Code   RO          638    .text.Run           horizon.o
    0x08004390   0x08004390   0x00000048   Code   RO          925    .text.Run           storona.o
    0x080043d8   0x080043d8   0x00000208   Code   RO           48    .text.Second        delay.o
    0x080045e0   0x080045e0   0x000001a0   Code   RO          867    .text.Show          statusbar.o
    0x08004780   0x08004780   0x00000058   Code   RO         1110    .text.Show          debugsempl.o
    0x080047d8   0x080047d8   0x00000058   Code   RO          889    .text.SizePacket    storonaparser.o
    0x08004830   0x08004830   0x00000062   Code   RO           23    .text.Spi           init.o
    0x08004892   0x08004892   0x00000002   PAD
    0x08004894   0x08004894   0x0000002c   Code   RO          707    .text.StatusBarFrequency  ducdriver.o
    0x080048c0   0x080048c0   0x00000026   Code   RO          747    .text.StatusBarFrequency  ducparser.o
    0x080048e6   0x080048e6   0x00000002   PAD
    0x080048e8   0x080048e8   0x0000002c   Code   RO          780    .text.StatusBarFrequency  ddcdriver.o
    0x08004914   0x08004914   0x00000026   Code   RO          812    .text.StatusBarFrequency  ddcparser.o
    0x0800493a   0x0800493a   0x00000002   PAD
    0x0800493c   0x0800493c   0x0000002c   Code   RO          703    .text.StatusBarMode  ducdriver.o
    0x08004968   0x08004968   0x00000026   Code   RO          743    .text.StatusBarMode  ducparser.o
    0x0800498e   0x0800498e   0x00000002   PAD
    0x08004990   0x08004990   0x0000002c   Code   RO          776    .text.StatusBarMode  ddcdriver.o
    0x080049bc   0x080049bc   0x00000026   Code   RO          808    .text.StatusBarMode  ddcparser.o
    0x080049e2   0x080049e2   0x00000002   PAD
    0x080049e4   0x080049e4   0x0000002c   Code   RO          705    .text.StatusBarWidth  ducdriver.o
    0x08004a10   0x08004a10   0x00000026   Code   RO          745    .text.StatusBarWidth  ducparser.o
    0x08004a36   0x08004a36   0x00000002   PAD
    0x08004a38   0x08004a38   0x0000002c   Code   RO          778    .text.StatusBarWidth  ddcdriver.o
    0x08004a64   0x08004a64   0x00000026   Code   RO          810    .text.StatusBarWidth  ddcparser.o
    0x08004a8a   0x08004a8a   0x00000002   PAD
    0x08004a8c   0x08004a8c   0x00000064   Code   RO          640    .text.Stop          horizon.o
    0x08004af0   0x08004af0   0x00000034   Code   RO          887    .text.Stop          storonaparser.o
    0x08004b24   0x08004b24   0x00000064   Code   RO          927    .text.Stop          storona.o
    0x08004b88   0x08004b88   0x00000056   Code   RO         1187    .text.SystemInit    system_stm32f4xx.o
    0x08004bde   0x08004bde   0x00000002   PAD
    0x08004be0   0x08004be0   0x00000016   Code   RO           17    .text.Systick       init.o
    0x08004bf6   0x08004bf6   0x00000002   PAD
    0x08004bf8   0x08004bf8   0x0000002e   Code   RO           29    .text.Tim           init.o
    0x08004c26   0x08004c26   0x00000002   PAD
    0x08004c28   0x08004c28   0x00000024   Code   RO          671    .text.USART1_IRQHandler  irq.o
    0x08004c4c   0x08004c4c   0x00000024   Code   RO          673    .text.USART2_IRQHandler  irq.o
    0x08004c70   0x08004c70   0x00000024   Code   RO          675    .text.USART3_IRQHandler  irq.o
    0x08004c94   0x08004c94   0x000000d2   Code   RO           19    .text.Uart          init.o
    0x08004d66   0x08004d66   0x00000002   PAD
    0x08004d68   0x08004d68   0x00000082   Code   RO          415    .text.Uart1         dmatransfer.o
    0x08004dea   0x08004dea   0x00000002   PAD
    0x08004dec   0x08004dec   0x00000082   Code   RO          417    .text.Uart2         dmatransfer.o
    0x08004e6e   0x08004e6e   0x00000002   PAD
    0x08004e70   0x08004e70   0x00000076   Code   RO          419    .text.Uart3         dmatransfer.o
    0x08004ee6   0x08004ee6   0x00000002   PAD
    0x08004ee8   0x08004ee8   0x00000064   Code   RO         1077    .text.Update        semplsender.o
    0x08004f4c   0x08004f4c   0x00000044   Code   RO         1123    .text.Update        vco.o
    0x08004f90   0x08004f90   0x00000080   Code   RO         1150    .text.Update        loopfilter.o
    0x08005010   0x08005010   0x00000088   Code   RO         1161    .text.Update        agc.o
    0x08005098   0x08005098   0x00000054   Code   RO          455    .text.Usb           statusconnect.o
    0x080050ec   0x080050ec   0x0000002a   Code   RO           33    .text.W5500         init.o
    0x08005116   0x08005116   0x00000002   PAD
    0x08005118   0x08005118   0x00000026   Code   RO          737    .text.Width         ducparser.o
    0x0800513e   0x0800513e   0x00000002   PAD
    0x08005140   0x08005140   0x00000026   Code   RO          804    .text.Width         ddcparser.o
    0x08005166   0x08005166   0x00000002   PAD
    0x08005168   0x08005168   0x0000002c   Code   RO          697    .text.WidthGet      ducdriver.o
    0x08005194   0x08005194   0x0000002c   Code   RO          770    .text.WidthGet      ddcdriver.o
    0x080051c0   0x080051c0   0x0000002e   Code   RO          695    .text.WidthSet      ducdriver.o
    0x080051ee   0x080051ee   0x00000002   PAD
    0x080051f0   0x080051f0   0x0000002e   Code   RO          768    .text.WidthSet      ddcdriver.o
    0x0800521e   0x0800521e   0x00000002   PAD
    0x08005220   0x08005220   0x00000028   Code   RO          243    .text.Write         spi.o
    0x08005248   0x08005248   0x00000022   Code   RO          149    .text.commonChipVersionGet  wiznet.o
    0x0800526a   0x0800526a   0x00000002   PAD
    0x0800526c   0x0800526c   0x00000036   Code   RO           65    .text.commonGatewayAddressGet  wiznet.o
    0x080052a2   0x080052a2   0x00000002   PAD
    0x080052a4   0x080052a4   0x00000036   Code   RO           63    .text.commonGatewayAddressSet  wiznet.o
    0x080052da   0x080052da   0x00000002   PAD
    0x080052dc   0x080052dc   0x00000022   Code   RO           85    .text.commonInterruptGet  wiznet.o
    0x080052fe   0x080052fe   0x00000002   PAD
    0x08005300   0x08005300   0x0000002e   Code   RO           81    .text.commonInterruptLowLevelTimerGet  wiznet.o
    0x0800532e   0x0800532e   0x00000002   PAD
    0x08005330   0x08005330   0x0000002a   Code   RO           79    .text.commonInterruptLowLevelTimerSet  wiznet.o
    0x0800535a   0x0800535a   0x00000002   PAD
    0x0800535c   0x0800535c   0x00000022   Code   RO           89    .text.commonInterruptMaskGet  wiznet.o
    0x0800537e   0x0800537e   0x00000002   PAD
    0x08005380   0x08005380   0x00000024   Code   RO           87    .text.commonInterruptMaskSet  wiznet.o
    0x080053a4   0x080053a4   0x00000024   Code   RO           83    .text.commonInterruptSet  wiznet.o
    0x080053c8   0x080053c8   0x00000022   Code   RO           61    .text.commonModeGet  wiznet.o
    0x080053ea   0x080053ea   0x00000002   PAD
    0x080053ec   0x080053ec   0x00000024   Code   RO           59    .text.commonModeSet  wiznet.o
    0x08005410   0x08005410   0x00000022   Code   RO          143    .text.commonPhyConfigurationDpxGet  wiznet.o
    0x08005432   0x08005432   0x00000002   PAD
    0x08005434   0x08005434   0x00000022   Code   RO          147    .text.commonPhyConfigurationLnkGet  wiznet.o
    0x08005456   0x08005456   0x00000002   PAD
    0x08005458   0x08005458   0x00000022   Code   RO          137    .text.commonPhyConfigurationOpmdGet  wiznet.o
    0x0800547a   0x0800547a   0x00000002   PAD
    0x0800547c   0x0800547c   0x00000024   Code   RO          135    .text.commonPhyConfigurationOpmdSet  wiznet.o
    0x080054a0   0x080054a0   0x00000022   Code   RO          141    .text.commonPhyConfigurationOpmdcGet  wiznet.o
    0x080054c2   0x080054c2   0x00000002   PAD
    0x080054c4   0x080054c4   0x00000024   Code   RO          139    .text.commonPhyConfigurationOpmdcSet  wiznet.o
    0x080054e8   0x080054e8   0x00000020   Code   RO          133    .text.commonPhyConfigurationRstGet  wiznet.o
    0x08005508   0x08005508   0x00000024   Code   RO          131    .text.commonPhyConfigurationRstSet  wiznet.o
    0x0800552c   0x0800552c   0x00000022   Code   RO          145    .text.commonPhyConfigurationSpdGet  wiznet.o
    0x0800554e   0x0800554e   0x00000002   PAD
    0x08005550   0x08005550   0x0000007c   Code   RO          117    .text.commonPppDestinationMacAddressGet  wiznet.o
    0x080055cc   0x080055cc   0x0000007c   Code   RO          115    .text.commonPppDestinationMacAddressSet  wiznet.o
    0x08005648   0x08005648   0x00000022   Code   RO          113    .text.commonPppLcpMagicNumberGet  wiznet.o
    0x0800566a   0x0800566a   0x00000002   PAD
    0x0800566c   0x0800566c   0x00000024   Code   RO          111    .text.commonPppLcpMagicNumberSet  wiznet.o
    0x08005690   0x08005690   0x00000022   Code   RO          109    .text.commonPppLcpRequestTimerGet  wiznet.o
    0x080056b2   0x080056b2   0x00000002   PAD
    0x080056b4   0x080056b4   0x00000024   Code   RO          107    .text.commonPppLcpRequestTimerSet  wiznet.o
    0x080056d8   0x080056d8   0x0000002e   Code   RO          125    .text.commonPppMaximumSegmentSizeGet  wiznet.o
    0x08005706   0x08005706   0x00000002   PAD
    0x08005708   0x08005708   0x0000002a   Code   RO          123    .text.commonPppMaximumSegmentSizeSet  wiznet.o
    0x08005732   0x08005732   0x00000002   PAD
    0x08005734   0x08005734   0x0000002e   Code   RO          121    .text.commonPppSessionIdentificationGet  wiznet.o
    0x08005762   0x08005762   0x00000002   PAD
    0x08005764   0x08005764   0x0000002a   Code   RO          119    .text.commonPppSessionIdentificationSet  wiznet.o
    0x0800578e   0x0800578e   0x00000002   PAD
    0x08005790   0x08005790   0x00000022   Code   RO          105    .text.commonRetryCountGet  wiznet.o
    0x080057b2   0x080057b2   0x00000002   PAD
    0x080057b4   0x080057b4   0x00000024   Code   RO          103    .text.commonRetryCountSet  wiznet.o
    0x080057d8   0x080057d8   0x0000002e   Code   RO          101    .text.commonRetryTimeGet  wiznet.o
    0x08005806   0x08005806   0x00000002   PAD
    0x08005808   0x08005808   0x0000002a   Code   RO           99    .text.commonRetryTimeSet  wiznet.o
    0x08005832   0x08005832   0x00000002   PAD
    0x08005834   0x08005834   0x00000022   Code   RO           93    .text.commonSocketInterruptGet  wiznet.o
    0x08005856   0x08005856   0x00000002   PAD
    0x08005858   0x08005858   0x00000022   Code   RO           97    .text.commonSocketInterruptMaskGet  wiznet.o
    0x0800587a   0x0800587a   0x00000002   PAD
    0x0800587c   0x0800587c   0x00000024   Code   RO           95    .text.commonSocketInterruptMaskSet  wiznet.o
    0x080058a0   0x080058a0   0x00000024   Code   RO           91    .text.commonSocketInterruptSet  wiznet.o
    0x080058c4   0x080058c4   0x0000007c   Code   RO           73    .text.commonSourceHardwareAddressGet  wiznet.o
    0x08005940   0x08005940   0x0000007c   Code   RO           71    .text.commonSourceHardwareAddressSet  wiznet.o
    0x080059bc   0x080059bc   0x00000036   Code   RO           77    .text.commonSourceIpAddressGet  wiznet.o
    0x080059f2   0x080059f2   0x00000002   PAD
    0x080059f4   0x080059f4   0x00000036   Code   RO           75    .text.commonSourceIpAddressSet  wiznet.o
    0x08005a2a   0x08005a2a   0x00000002   PAD
    0x08005a2c   0x08005a2c   0x00000036   Code   RO           69    .text.commonSubnetMaskAddressGet  wiznet.o
    0x08005a62   0x08005a62   0x00000002   PAD
    0x08005a64   0x08005a64   0x00000036   Code   RO           67    .text.commonSubnetMaskAddressSet  wiznet.o
    0x08005a9a   0x08005a9a   0x00000002   PAD
    0x08005a9c   0x08005a9c   0x00000036   Code   RO          127    .text.commonUnreachableIpAddressGet  wiznet.o
    0x08005ad2   0x08005ad2   0x00000002   PAD
    0x08005ad4   0x08005ad4   0x0000002e   Code   RO          129    .text.commonUnreachablePortGet  wiznet.o
    0x08005b02   0x08005b02   0x00000002   PAD
    0x08005b04   0x08005b04   0x00000012   Code   RO          341    .text.complexAbs    iq.o
    0x08005b16   0x08005b16   0x00000002   PAD
    0x08005b18   0x08005b18   0x0000000e   Code   RO          343    .text.complexAbsInSquare  iq.o
    0x08005b26   0x08005b26   0x00000002   PAD
    0x08005b28   0x08005b28   0x0000000a   Code   RO          337    .text.complexAdd    iq.o
    0x08005b32   0x08005b32   0x00000002   PAD
    0x08005b34   0x08005b34   0x0000001e   Code   RO          335    .text.complexMultiply  iq.o
    0x08005b52   0x08005b52   0x00000002   PAD
    0x08005b54   0x08005b54   0x0000000a   Code   RO          339    .text.complexSub    iq.o
    0x08005b5e   0x08005b5e   0x00000002   PAD
    0x08005b60   0x08005b60   0x0000007e   Code   RO          264    .text.flashEraseSector  flash.o
    0x08005bde   0x08005bde   0x00000002   PAD
    0x08005be0   0x08005be0   0x00000012   Code   RO          260    .text.flashLock     flash.o
    0x08005bf2   0x08005bf2   0x00000002   PAD
    0x08005bf4   0x08005bf4   0x0000000a   Code   RO          258    .text.flashRead     flash.o
    0x08005bfe   0x08005bfe   0x00000002   PAD
    0x08005c00   0x08005c00   0x0000001e   Code   RO          262    .text.flashUnlock   flash.o
    0x08005c1e   0x08005c1e   0x00000002   PAD
    0x08005c20   0x08005c20   0x00000072   Code   RO          256    .text.flashWrite    flash.o
    0x08005c92   0x08005c92   0x00000002   PAD
    0x08005c94   0x08005c94   0x000000dc   Code   RO          440    .text.ledUpdate     led.o
    0x08005d70   0x08005d70   0x00000006   Code   RO          279    .text.listClear     list.o
    0x08005d76   0x08005d76   0x00000002   PAD
    0x08005d78   0x08005d78   0x000000b8   Code   RO          277    .text.listCopy      list.o
    0x08005e30   0x08005e30   0x00000008   Code   RO          275    .text.listCount     list.o
    0x08005e38   0x08005e38   0x0000000e   Code   RO          283    .text.listIndexRead  list.o
    0x08005e46   0x08005e46   0x00000002   PAD
    0x08005e48   0x08005e48   0x0000000e   Code   RO          281    .text.listIndexWrite  list.o
    0x08005e56   0x08005e56   0x00000002   PAD
    0x08005e58   0x08005e58   0x00000048   Code   RO          305    .text.listReadByte  list.o
    0x08005ea0   0x08005ea0   0x000001e8   Code   RO          317    .text.listReadComplex  list.o
    0x08006088   0x08006088   0x00000108   Code   RO          315    .text.listReadFloat  list.o
    0x08006190   0x08006190   0x00000106   Code   RO          313    .text.listReadInt   list.o
    0x08006296   0x08006296   0x00000002   PAD
    0x08006298   0x08006298   0x00000092   Code   RO          309    .text.listReadShort  list.o
    0x0800632a   0x0800632a   0x00000002   PAD
    0x0800632c   0x0800632c   0x00000048   Code   RO          303    .text.listReadUbyte  list.o
    0x08006374   0x08006374   0x00000106   Code   RO          311    .text.listReadUint  list.o
    0x0800647a   0x0800647a   0x00000002   PAD
    0x0800647c   0x0800647c   0x00000090   Code   RO          307    .text.listReadUshort  list.o
    0x0800650c   0x0800650c   0x0000004a   Code   RO          287    .text.listWriteByte  list.o
    0x08006556   0x08006556   0x00000002   PAD
    0x08006558   0x08006558   0x000001ee   Code   RO          299    .text.listWriteComplex  list.o
    0x08006746   0x08006746   0x00000002   PAD
    0x08006748   0x08006748   0x00000100   Code   RO          297    .text.listWriteFloat  list.o
    0x08006848   0x08006848   0x000000fe   Code   RO          295    .text.listWriteInt  list.o
    0x08006946   0x08006946   0x00000002   PAD
    0x08006948   0x08006948   0x00000090   Code   RO          291    .text.listWriteShort  list.o
    0x080069d8   0x080069d8   0x00000068   Code   RO          301    .text.listWriteString  list.o
    0x08006a40   0x08006a40   0x0000004a   Code   RO          285    .text.listWriteUbyte  list.o
    0x08006a8a   0x08006a8a   0x00000002   PAD
    0x08006a8c   0x08006a8c   0x000000fe   Code   RO          293    .text.listWriteUint  list.o
    0x08006b8a   0x08006b8a   0x00000002   PAD
    0x08006b8c   0x08006b8c   0x00000086   Code   RO          289    .text.listWriteUshort  list.o
    0x08006c12   0x08006c12   0x00000002   PAD
    0x08006c14   0x08006c14   0x00000210   Code   RO            2    .text.main          main.o
    0x08006e24   0x08006e24   0x0000009c   Code   RO          368    .text.printByte     print.o
    0x08006ec0   0x08006ec0   0x0000006c   Code   RO          372    .text.printComplex  print.o
    0x08006f2c   0x08006f2c   0x00000030   Code   RO          376    .text.printConstString  print.o
    0x08006f5c   0x08006f5c   0x00000104   Code   RO          370    .text.printFloat    print.o
    0x08007060   0x08007060   0x0000009c   Code   RO          360    .text.printInt      print.o
    0x080070fc   0x080070fc   0x00000100   Code   RO          388    .text.printLnByte   print.o
    0x080071fc   0x080071fc   0x00000258   Code   RO          392    .text.printLnComplex  print.o
    0x08007454   0x08007454   0x0000008a   Code   RO          396    .text.printLnConstString  print.o
    0x080074de   0x080074de   0x00000002   PAD
    0x080074e0   0x080074e0   0x0000006e   Code   RO          390    .text.printLnFloat  print.o
    0x0800754e   0x0800754e   0x00000002   PAD
    0x08007550   0x08007550   0x00000100   Code   RO          380    .text.printLnInt    print.o
    0x08007650   0x08007650   0x00000100   Code   RO          384    .text.printLnShort  print.o
    0x08007750   0x08007750   0x0000008a   Code   RO          394    .text.printLnString  print.o
    0x080077da   0x080077da   0x00000002   PAD
    0x080077dc   0x080077dc   0x000000ac   Code   RO          386    .text.printLnUbyte  print.o
    0x08007888   0x08007888   0x000000ac   Code   RO          378    .text.printLnUint   print.o
    0x08007934   0x08007934   0x000000ac   Code   RO          382    .text.printLnUshort  print.o
    0x080079e0   0x080079e0   0x0000009c   Code   RO          364    .text.printShort    print.o
    0x08007a7c   0x08007a7c   0x00000030   Code   RO          374    .text.printString   print.o
    0x08007aac   0x08007aac   0x00000058   Code   RO          366    .text.printUbyte    print.o
    0x08007b04   0x08007b04   0x00000058   Code   RO          358    .text.printUint     print.o
    0x08007b5c   0x08007b5c   0x00000058   Code   RO          362    .text.printUshort   print.o
    0x08007bb4   0x08007bb4   0x00000028   Code   RO          157    .text.socketCommandGet  wiznet.o
    0x08007bdc   0x08007bdc   0x0000002a   Code   RO          155    .text.socketCommandSet  wiznet.o
    0x08007c06   0x08007c06   0x00000002   PAD
    0x08007c08   0x08007c08   0x00000088   Code   RO          171    .text.socketDestinationHardwareAddressGet  wiznet.o
    0x08007c90   0x08007c90   0x00000088   Code   RO          169    .text.socketDestinationHardwareAddressSet  wiznet.o
    0x08007d18   0x08007d18   0x0000003c   Code   RO          175    .text.socketDestinationIpAddressGet  wiznet.o
    0x08007d54   0x08007d54   0x00000040   Code   RO          173    .text.socketDestinationIpAddressSet  wiznet.o
    0x08007d94   0x08007d94   0x00000034   Code   RO          179    .text.socketDestinationPortGet  wiznet.o
    0x08007dc8   0x08007dc8   0x00000034   Code   RO          177    .text.socketDestinationPortSet  wiznet.o
    0x08007dfc   0x08007dfc   0x00000034   Code   RO          223    .text.socketFragmentOffsetInIpHeaderGet  wiznet.o
    0x08007e30   0x08007e30   0x00000034   Code   RO          221    .text.socketFragmentOffsetInIpHeaderSet  wiznet.o
    0x08007e64   0x08007e64   0x00000028   Code   RO          161    .text.socketInterruptGet  wiznet.o
    0x08007e8c   0x08007e8c   0x00000028   Code   RO          219    .text.socketInterruptMaskGet  wiznet.o
    0x08007eb4   0x08007eb4   0x0000002a   Code   RO          217    .text.socketInterruptMaskSet  wiznet.o
    0x08007ede   0x08007ede   0x00000002   PAD
    0x08007ee0   0x08007ee0   0x0000002a   Code   RO          159    .text.socketInterruptSet  wiznet.o
    0x08007f0a   0x08007f0a   0x00000002   PAD
    0x08007f0c   0x08007f0c   0x00000028   Code   RO          187    .text.socketIpTosGet  wiznet.o
    0x08007f34   0x08007f34   0x0000002a   Code   RO          185    .text.socketIpTosSet  wiznet.o
    0x08007f5e   0x08007f5e   0x00000002   PAD
    0x08007f60   0x08007f60   0x00000028   Code   RO          191    .text.socketIpTtlGet  wiznet.o
    0x08007f88   0x08007f88   0x0000002a   Code   RO          189    .text.socketIpTtlSet  wiznet.o
    0x08007fb2   0x08007fb2   0x00000002   PAD
    0x08007fb4   0x08007fb4   0x00000028   Code   RO          227    .text.socketKeepAliveTimerGet  wiznet.o
    0x08007fdc   0x08007fdc   0x0000002a   Code   RO          225    .text.socketKeepAliveTimerSet  wiznet.o
    0x08008006   0x08008006   0x00000002   PAD
    0x08008008   0x08008008   0x00000034   Code   RO          183    .text.socketMaximumSegmentSizeGet  wiznet.o
    0x0800803c   0x0800803c   0x00000034   Code   RO          181    .text.socketMaximumSegmentSizeSet  wiznet.o
    0x08008070   0x08008070   0x00000028   Code   RO          153    .text.socketModeGet  wiznet.o
    0x08008098   0x08008098   0x0000002a   Code   RO          151    .text.socketModeSet  wiznet.o
    0x080080c2   0x080080c2   0x00000002   PAD
    0x080080c4   0x080080c4   0x000000b4   Code   RO          653    .text.socketRead    socket.o
    0x08008178   0x08008178   0x00000028   Code   RO          195    .text.socketReceiveBufferSizeGet  wiznet.o
    0x080081a0   0x080081a0   0x0000002a   Code   RO          193    .text.socketReceiveBufferSizeSet  wiznet.o
    0x080081ca   0x080081ca   0x00000002   PAD
    0x080081cc   0x080081cc   0x00000034   Code   RO          213    .text.socketRxReadPointerGet  wiznet.o
    0x08008200   0x08008200   0x00000034   Code   RO          211    .text.socketRxReadPointerSet  wiznet.o
    0x08008234   0x08008234   0x00000034   Code   RO          209    .text.socketRxReceivedSizeGet  wiznet.o
    0x08008268   0x08008268   0x00000034   Code   RO          215    .text.socketRxWritePointerGet  wiznet.o
    0x0800829c   0x0800829c   0x00000034   Code   RO          167    .text.socketSourcePortGet  wiznet.o
    0x080082d0   0x080082d0   0x00000034   Code   RO          165    .text.socketSourcePortSet  wiznet.o
    0x08008304   0x08008304   0x000000f0   Code   RO          657    .text.socketStateMachine  socket.o
    0x080083f4   0x080083f4   0x00000028   Code   RO          163    .text.socketStatusGet  wiznet.o
    0x0800841c   0x0800841c   0x00000028   Code   RO          199    .text.socketTransmitBufferSizeGet  wiznet.o
    0x08008444   0x08008444   0x0000002a   Code   RO          197    .text.socketTransmitBufferSizeSet  wiznet.o
    0x0800846e   0x0800846e   0x00000002   PAD
    0x08008470   0x08008470   0x00000034   Code   RO          201    .text.socketTxFreeSizeGet  wiznet.o
    0x080084a4   0x080084a4   0x00000034   Code   RO          203    .text.socketTxReadPointerGet  wiznet.o
    0x080084d8   0x080084d8   0x00000034   Code   RO          207    .text.socketTxWritePointerGet  wiznet.o
    0x0800850c   0x0800850c   0x00000034   Code   RO          205    .text.socketTxWritePointerSet  wiznet.o
    0x08008540   0x08008540   0x000000d0   Code   RO          655    .text.socketWrite   socket.o
    0x08008610   0x08008610   0x000000fe   Code   RO          398    .text.toStringFloat  print.o
    0x0800870e   0x0800870e   0x00000026   Code   RO         1251    i.__ARM_fpclassifyf  m_wm.l(fpclassifyf.o)
    0x08008734   0x08008734   0x00000150   Code   RO         1209    i.__hardfp_cosf     m_wm.l(cosf.o)
    0x08008884   0x08008884   0x00000180   Code   RO         1221    i.__hardfp_log10f   m_wm.l(log10f.o)
    0x08008a04   0x08008a04   0x00000190   Code   RO         1235    i.__hardfp_sinf     m_wm.l(sinf.o)
    0x08008b94   0x08008b94   0x00000014   Code   RO         1253    i.__mathlib_flt_divzero  m_wm.l(funder.o)
    0x08008ba8   0x08008ba8   0x00000006   Code   RO         1254    i.__mathlib_flt_infnan  m_wm.l(funder.o)
    0x08008bae   0x08008bae   0x00000002   PAD
    0x08008bb0   0x08008bb0   0x00000010   Code   RO         1256    i.__mathlib_flt_invalid  m_wm.l(funder.o)
    0x08008bc0   0x08008bc0   0x00000010   Code   RO         1259    i.__mathlib_flt_underflow  m_wm.l(funder.o)
    0x08008bd0   0x08008bd0   0x00000154   Code   RO         1267    i.__mathlib_rredf2  m_wm.l(rredf.o)
    0x08008d24   0x08008d24   0x0000001a   Code   RO         1359    x$fpl$fpinit        fz_wm.l(fpinit.o)
    0x08008d3e   0x08008d3e   0x00000000   Code   RO         1250    x$fpl$usenofp       fz_wm.l(usenofp.o)
    0x08008d3e   0x08008d3e   0x00000002   PAD
    0x08008d40   0x08008d40   0x00000040   Data   RO         1224    .constdata          m_wm.l(log10f.o)
    0x08008d80   0x08008d80   0x00000020   Data   RO         1268    .constdata          m_wm.l(rredf.o)
    0x08008da0   0x08008da0   0x0000000c   Data   RO          871    .rodata..L__const.Show.mode  statusbar.o
    0x08008dac   0x08008dac   0x00000014   Data   RO          872    .rodata..L__const.Show.width  statusbar.o
    0x08008dc0   0x08008dc0   0x00000008   Data   RO          461    .rodata..L__const.Usb.statusString  statusconnect.o
    0x08008dc8   0x08008dc8   0x0000010c   Data   RO          661    .rodata..L__const.socketStateMachine.SocketStatusRegisterString  socket.o
    0x08008ed4   0x08008ed4   0x0000000c   Data   RO         1167    .rodata.Agc         agc.o
    0x08008ee0   0x08008ee0   0x00000008   Data   RO         1097    .rodata.BitBuffer   bitbuffer.o
    0x08008ee8   0x08008ee8   0x00000014   Data   RO          345    .rodata.Complex     iq.o
    0x08008efc   0x08008efc   0x00000028   Data   RO          787    .rodata.DdcDriver   ddcdriver.o
    0x08008f24   0x08008f24   0x00000004   Data   RO         1115    .rodata.DebugSempl  debugsempl.o
    0x08008f28   0x08008f28   0x0000000c   Data   RO           50    .rodata.Delay       delay.o
    0x08008f34   0x08008f34   0x00000020   Data   RO         1058    .rodata.DemodulatorQFSK  demodulatorqfsk.o
    0x08008f54   0x08008f54   0x0000000c   Data   RO          421    .rodata.DmaTransfer  dmatransfer.o
    0x08008f60   0x08008f60   0x00000034   Data   RO          720    .rodata.DucDriver   ducdriver.o
    0x08008f94   0x08008f94   0x00000014   Data   RO          266    .rodata.Flash       flash.o
    0x08008fa8   0x08008fa8   0x0000000c   Data   RO          642    .rodata.Horizon     horizon.o
    0x08008fb4   0x08008fb4   0x0000007c   Data   RO          627    .rodata.HorizonCore  horizoncore.o
    0x08009030   0x08009030   0x0000002c   Data   RO          554    .rodata.HorizonDriver  horizondriver.o
    0x0800905c   0x0800905c   0x00000028   Data   RO           35    .rodata.Init        init.o
    0x08009084   0x08009084   0x00000004   Data   RO          442    .rodata.Led         led.o
    0x08009088   0x08009088   0x00000058   Data   RO          319    .rodata.List        list.o
    0x080090e0   0x080090e0   0x00000004   Data   RO         1152    .rodata.LoopFilter  loopfilter.o
    0x080090e4   0x080090e4   0x0000001c   Data   RO         1031    .rodata.ModulatorQFSK  modulatorqfsk.o
    0x08009100   0x08009100   0x00000028   Data   RO          402    .rodata.Print       print.o
    0x08009128   0x08009128   0x00000028   Data   RO          403    .rodata.PrintLn     print.o
    0x08009150   0x08009150   0x0000000c   Data   RO          659    .rodata.Socket      socket.o
    0x0800915c   0x0800915c   0x00000008   Data   RO          247    .rodata.Spi         spi.o
    0x08009164   0x08009164   0x00000020   Data   RO          869    .rodata.StatusBar   statusbar.o
    0x08009184   0x08009184   0x00000008   Data   RO          457    .rodata.StatusConnect  statusconnect.o
    0x0800918c   0x0800918c   0x0000000c   Data   RO          929    .rodata.Storona     storona.o
    0x08009198   0x08009198   0x0000005c   Data   RO         1007    .rodata.StoronaCore  storonacore.o
    0x080091f4   0x080091f4   0x00000010   Data   RO          951    .rodata.StoronaDriver  storonadriver.o
    0x08009204   0x08009204   0x00000004   Data   RO         1125    .rodata.Vco         vco.o
    0x08009208   0x08009208   0x00000154   Data   RO          229    .rodata.Wiznet      wiznet.o
    0x0800935c   0x0800935c   0x00000080   Data   RO          443    .rodata.blink.bright  led.o
    0x080093dc   0x080093dc   0x00000084   Data   RO          518    .rodata.stateHandler  horizonparser.o
    0x08009460   0x08009460   0x00000084   Data   RO          753    .rodata.stateHandler  ducparser.o
    0x080094e4   0x080094e4   0x00000084   Data   RO          818    .rodata.stateHandler  ddcparser.o
    0x08009568   0x08009568   0x00000108   Data   RO          911    .rodata.stateHandler  storonaparser.o
    0x08009670   0x08009670   0x00000299   Data   RO            4    .rodata.str1.1      main.o
    0x08009909   0x08009909   0x0000001b   Data   RO          320    .rodata.str1.1      list.o
    0x08009924   0x08009924   0x00000006   Data   RO          400    .rodata.str1.1      print.o
    0x0800992a   0x0800992a   0x00000008   Data   RO          459    .rodata.str1.1      statusconnect.o
    0x08009932   0x08009932   0x00000011   Data   RO          551    .rodata.str1.1      horizondriver.o
    0x08009943   0x08009943   0x0000000c   Data   RO          644    .rodata.str1.1      horizon.o
    0x0800994f   0x0800994f   0x00000075   Data   RO          660    .rodata.str1.1      socket.o
    0x080099c4   0x080099c4   0x00000024   Data   RO          677    .rodata.str1.1      irq.o
    0x080099e8   0x080099e8   0x0000000b   Data   RO          717    .rodata.str1.1      ducdriver.o
    0x080099f3   0x080099f3   0x0000000b   Data   RO          784    .rodata.str1.1      ddcdriver.o
    0x080099fe   0x080099fe   0x0000002b   Data   RO          870    .rodata.str1.1      statusbar.o
    0x08009a29   0x08009a29   0x0000001c   Data   RO          912    .rodata.str1.1      storonaparser.o
    0x08009a45   0x08009a45   0x0000000c   Data   RO          931    .rodata.str1.1      storona.o
    0x08009a51   0x08009a51   0x0000000f   Data   RO          948    .rodata.str1.1      storonadriver.o
    0x08009a60   0x08009a60   0x0000000b   Data   RO         1098    .rodata.str1.1      bitbuffer.o
    0x08009a6b   0x08009a6b   0x00000007   Data   RO         1112    .rodata.str1.1      debugsempl.o
    0x08009a72   0x08009a72   0x00000002   PAD
    0x08009a74   0x08009a74   0x00000020   Data   RO         1434    Region$$Table       anon$$obj.o


    Execution Region RW_IRAM1 (Exec base: 0x20000000, Load base: 0x08009a98, Size: 0x0000e278, Max: 0x00020000, ABSOLUTE, COMPRESSED[0x000000c8])

    Exec Addr    Load Addr    Size         Type   Attr      Idx    E Section Name        Object

    0x20000000   COMPRESSED   0x00000034   Data   RW          406    .data..L_MergedGlobals  print.o
    0x20000034   COMPRESSED   0x0000005c   Data   RW          519    .data..L_MergedGlobals  horizonparser.o
    0x20000090   COMPRESSED   0x0000002c   Data   RW          754    .data..L_MergedGlobals  ducparser.o
    0x200000bc   COMPRESSED   0x00000028   Data   RW          819    .data..L_MergedGlobals  ddcparser.o
    0x200000e4   COMPRESSED   0x00000020   Data   RW          844    .data..L_MergedGlobals  device.o
    0x20000104   COMPRESSED   0x00000038   Data   RW          913    .data..L_MergedGlobals  storonaparser.o
    0x2000013c   COMPRESSED   0x00000004   PAD
    0x20000140   COMPRESSED   0x00000040   Data   RW         1032    .data..L_MergedGlobals  modulatorqfsk.o
    0x20000180   COMPRESSED   0x00000014   Data   RW         1066    .data..L_MergedGlobals  demodulatorqfsk.o
    0x20000194   COMPRESSED   0x00000004   Data   RW          432    .data.Button        button.o
    0x20000198   COMPRESSED   0x00000008   Data   RW          843    .data.InitString.init  device.o
    0x200001a0   COMPRESSED   0x00000010   Data   RW         1083    .data.SemplSender   semplsender.o
    0x200001b0   COMPRESSED   0x00000014   Data   RW         1114    .data.Sempls        debugsempl.o
    0x200001c4   COMPRESSED   0x00000004   Data   RW            5    .data.Welcome       main.o
    0x200001c8   COMPRESSED   0x00000014   Data   RW         1100    .data.listBitBuffer  bitbuffer.o
    0x200001dc   COMPRESSED   0x00000014   Data   RW          786    .data.listDdcDriver  ddcdriver.o
    0x200001f0   COMPRESSED   0x00000014   Data   RW          681    .data.listDdcRx     irq.o
    0x20000204   COMPRESSED   0x00000014   Data   RW          719    .data.listDucDriver  ducdriver.o
    0x20000218   COMPRESSED   0x00000014   Data   RW          683    .data.listDucRx     irq.o
    0x2000022c   COMPRESSED   0x00000014   Data   RW          553    .data.listHorizonDriver  horizondriver.o
    0x20000240   COMPRESSED   0x00000014   Data   RW          643    .data.listSocket0Rx  horizon.o
    0x20000254   COMPRESSED   0x00000014   Data   RW          930    .data.listSocket1Rx  storona.o
    0x20000268   COMPRESSED   0x00000014   Data   RW          950    .data.listStoronaDriver  storonadriver.o
    0x2000027c   COMPRESSED   0x00000014   Data   RW          679    .data.listUsbRx     irq.o
    0x20000290   COMPRESSED   0x00000008   Data   RW          662    .data.socketStateMachine.oldState  socket.o
    0x20000298        -       0x00000060   Zero   RW         1291    .bss                c_w.l(libspace.o)
    0x200002f8        -       0x00000008   Zero   RW            7    .bss..L_MergedGlobals  main.o
    0x20000300        -       0x00000008   Zero   RW          433    .bss..L_MergedGlobals  button.o
    0x20000308        -       0x00000010   Zero   RW          444    .bss..L_MergedGlobals  led.o
    0x20000318        -       0x00000008   Zero   RW          556    .bss..L_MergedGlobals  horizondriver.o
    0x20000320        -       0x00000008   Zero   RW          722    .bss..L_MergedGlobals  ducdriver.o
    0x20000328        -       0x00000024   Zero   RW          873    .bss..L_MergedGlobals  statusbar.o
    0x2000034c        -       0x00000002   Zero   RW          952    .bss..L_MergedGlobals  storonadriver.o
    0x2000034e   COMPRESSED   0x00000002   PAD
    0x20000350        -       0x00000008   Zero   RW         1084    .bss..L_MergedGlobals  semplsender.o
    0x20000358        -       0x0000000c   Zero   RW         1101    .bss..L_MergedGlobals  bitbuffer.o
    0x20000364        -       0x0000000c   Zero   RW         1169    .bss..L_MergedGlobals  agc.o
    0x20000370        -       0x00000014   Zero   RW         1033    .bss..L_MergedGlobals.1  modulatorqfsk.o
    0x20000384        -       0x0000001c   Zero   RW          914    .bss..L_MergedGlobals.19  storonaparser.o
    0x200003a0        -       0x0000001c   Zero   RW          520    .bss..L_MergedGlobals.22  horizonparser.o
    0x200003bc        -       0x0000000c   Zero   RW          755    .bss..L_MergedGlobals.3  ducparser.o
    0x200003c8        -       0x0000000c   Zero   RW          820    .bss..L_MergedGlobals.3  ddcparser.o
    0x200003d4   COMPRESSED   0x00000004   PAD
    0x200003d8        -       0x00000078   Zero   RW         1067    .bss..L_MergedGlobals.4  demodulatorqfsk.o
    0x20000450        -       0x00000048   Zero   RW         1068    .bss..L_MergedGlobals.5  demodulatorqfsk.o
    0x20000498        -       0x00000100   Zero   RW          721    .bss.BufferWrite.Packet  ducdriver.o
    0x20000598        -       0x00000001   Zero   RW         1008    .bss.CoreParameter.0  storonacore.o
    0x20000599   COMPRESSED   0x00000001   PAD
    0x2000059a        -       0x00000100   Zero   RW          555    .bss.DdcSempl.Packet  horizondriver.o
    0x2000069a   COMPRESSED   0x00000002   PAD
    0x2000069c        -       0x00000800   Zero   RW         1059    .bss.DelayF1        demodulatorqfsk.o
    0x20000e9c        -       0x00000800   Zero   RW         1060    .bss.DelayF2        demodulatorqfsk.o
    0x2000169c        -       0x00000800   Zero   RW         1061    .bss.DelayF3        demodulatorqfsk.o
    0x20001e9c        -       0x00000800   Zero   RW         1062    .bss.DelayF4        demodulatorqfsk.o
    0x2000269c        -       0x00000001   Zero   RW          458    .bss.Eth.oldStatus  statusconnect.o
    0x2000269d   COMPRESSED   0x00000003   PAD
    0x200026a0        -       0x00000008   Zero   RW          842    .bss.EthernetGet.parameters  device.o
    0x200026a8        -       0x00000004   Zero   RW         1116    .bss.Show.semplCounter  debugsempl.o
    0x200026ac        -       0x00000004   Zero   RW         1153    .bss.Update.integrator  loopfilter.o
    0x200026b0        -       0x00000001   Zero   RW          460    .bss.Usb.oldStatus  statusconnect.o
    0x200026b1        -       0x00001800   Zero   RW         1099    .bss.bitBuffer      bitbuffer.o
    0x20003eb1   COMPRESSED   0x00000007   PAD
    0x20003eb8        -       0x00000008   Zero   RW          233    .bss.commonPppDestinationMacAddressGet.dst  wiznet.o
    0x20003ec0        -       0x00000008   Zero   RW          232    .bss.commonSourceHardwareAddressGet.dst  wiznet.o
    0x20003ec8        -       0x00000800   Zero   RW          680    .bss.ddc            irq.o
    0x200046c8        -       0x00000800   Zero   RW          785    .bss.ddcDriver      ddcdriver.o
    0x20004ec8        -       0x00000800   Zero   RW          682    .bss.duc            irq.o
    0x200056c8        -       0x00000800   Zero   RW          718    .bss.ducDriver      ducdriver.o
    0x20005ec8        -       0x00000040   Zero   RW         1065    .bss.errorDebug.delayAccum  demodulatorqfsk.o
    0x20005f08        -       0x000012c0   Zero   RW         1063    .bss.errorDebug.levelArray  demodulatorqfsk.o
    0x200071c8        -       0x000001e0   Zero   RW         1064    .bss.errorDebug.levelaccum  demodulatorqfsk.o
    0x200073a8        -       0x00000800   Zero   RW          552    .bss.horizonDriver  horizondriver.o
    0x20007ba8        -       0x00000080   Zero   RW         1168    .bss.lineDelay      agc.o
    0x20007c28        -       0x00000008   Zero   RW          326    .bss.listReadComplex.result  list.o
    0x20007c30        -       0x00000004   Zero   RW          325    .bss.listReadFloat.result  list.o
    0x20007c34        -       0x00000004   Zero   RW          324    .bss.listReadInt.result  list.o
    0x20007c38        -       0x00000002   Zero   RW          322    .bss.listReadShort.result  list.o
    0x20007c3a   COMPRESSED   0x00000002   PAD
    0x20007c3c        -       0x00000004   Zero   RW          323    .bss.listReadUint.result  list.o
    0x20007c40        -       0x00000002   Zero   RW          321    .bss.listReadUshort.result  list.o
    0x20007c42        -       0x00002000   Zero   RW         1113    .bss.listSempl      debugsempl.o
    0x20009c42        -       0x00002000   Zero   RW          401    .bss.print          print.o
    0x2000bc42        -       0x00000800   Zero   RW          645    .bss.socket0Rx      horizon.o
    0x2000c442        -       0x00000800   Zero   RW          932    .bss.socket1Rx      storona.o
    0x2000cc42   COMPRESSED   0x00000006   PAD
    0x2000cc48        -       0x00000008   Zero   RW          234    .bss.socketDestinationHardwareAddressGet.dst  wiznet.o
    0x2000cc50        -       0x00000800   Zero   RW          949    .bss.storonaDriver  storonadriver.o
    0x2000d450        -       0x00000010   Zero   RW          405    .bss.toStringInt.string  print.o
    0x2000d460        -       0x00000010   Zero   RW          404    .bss.toStringUint.string  print.o
    0x2000d470        -       0x00000800   Zero   RW          678    .bss.usb            irq.o
    0x2000dc70        -       0x00000002   Zero   RW          230    .bss.wiznetReadShort.data  wiznet.o
    0x2000dc72   COMPRESSED   0x00000002   PAD
    0x2000dc74        -       0x00000004   Zero   RW          231    .bss.wiznetReadWord.data  wiznet.o
    0x2000dc78        -       0x00000200   Zero   RW         1178    HEAP                startup_stm32f446xx.o
    0x2000de78        -       0x00000400   Zero   RW         1177    STACK               startup_stm32f446xx.o


==============================================================================

Image component sizes


      Code (inc. data)   RO Data    RW Data    ZI Data      Debug   Object Name

       200          8         12          0        140       1283   agc.o
       232          8         19         20       6156       1792   bitbuffer.o
       192         16          0          4          8       1554   button.o
       446          0         51         20       2048       3286   ddcdriver.o
       834        108        132         40         12       3914   ddcparser.o
        88          0         11         20       8196       1115   debugsempl.o
      1548         20         12          0          0       3818   delay.o
      2990         60         32         20      13728       7683   demodulatorqfsk.o
       486         12          0         40          8       2491   device.o
       378          0         12          0          0       2747   dmatransfer.o
       694          4         63         20       2312       4701   ducdriver.o
       802        104        132         44         12       3477   ducparser.o
       298          0         20          0          0       2190   flash.o
       364         36         24         20       2048       1329   horizon.o
       428          0        124          0          0       4669   horizoncore.o
      1146        132         61         20       2312       5260   horizondriver.o
      2102        400        132         92         28       6841   horizonparser.o
      1774          0         40          0          0       7663   init.o
        82          0         20          0          0       1606   iq.o
       108          0         36         60       6144       1416   irq.o
       220         16        132          0         16       1964   led.o
      3724          0        115          0         24      16036   list.o
       128         16          4          0          4        716   loopfilter.o
       528          0        665          4          8       1430   main.o
       610         28         28         64         20       3036   modulatorqfsk.o
      4034          0         86         52       8224      16830   print.o
       126          0          0         16          8       1846   semplsender.o
       628         54        397          8          0       3003   socket.o
        84          0          8          0          0       1251   spi.o
        64         26        452          0       1536        844   startup_stm32f446xx.o
       500         56        107          0         36       2741   statusbar.o
       180         20         24          0          2       1568   statusconnect.o
       424         36         24         20       2048       1339   storona.o
       540        108         92          0          1       4406   storonacore.o
       406         28         31         20       2050       2277   storonadriver.o
      1690        268        292         56         28       6281   storonaparser.o
        86          0          0          0          0       2784   system_stm32f4xx.o
        68          4          4          0          0        768   vco.o
      4182          0        340          0         30      35104   wiznet.o

    ----------------------------------------------------------------------
     33666       1568       3768        664      57216     173059   Object Totals
         0          0         32          0          0          0   (incl. Generated)
       252          0          2          4         29          0   (incl. Padding)

    ----------------------------------------------------------------------

      Code (inc. data)   RO Data    RW Data    ZI Data      Debug   Library Member Name

        90          0          0          0          0          0   __dczerorl2.o
         8          0          0          0          0         68   __main.o
         0          0          0          0          0          0   __rtentry.o
        12          0          0          0          0          0   __rtentry2.o
         6          0          0          0          0          0   __rtentry4.o
        52          8          0          0          0          0   __scatter.o
        28          0          0          0          0          0   __scatter_zi.o
        22          0          0          0          0        100   _rserrno.o
        18          0          0          0          0         80   exit.o
         6          0          0          0          0        152   heapauxi.o
         0          0          0          0          0          0   indicate_semi.o
         2          0          0          0          0          0   libinit.o
         6          0          0          0          0          0   libinit2.o
         2          0          0          0          0          0   libshutdown.o
         2          0          0          0          0          0   libshutdown2.o
         8          4          0          0         96         68   libspace.o
         8          4          0          0          0         68   rt_errno_addr_intlibspace.o
        78          0          0          0          0         80   rt_memclr_w.o
         2          0          0          0          0          0   rtexit.o
        10          0          0          0          0          0   rtexit2.o
        12          4          0          0          0         68   sys_exit.o
        74          0          0          0          0         80   sys_stackheap_outer.o
         2          0          0          0          0         68   use_no_semi.o
        26          0          0          0          0        116   fpinit.o
         0          0          0          0          0          0   usenofp.o
       336         56          0          0          0        136   cosf.o
        38          0          0          0          0        116   fpclassifyf.o
        58         18          0          0          0        464   funder.o
       384         52         64          0          0        140   log10f.o
       340         24         32          0          0        160   rredf.o
       400         56          0          0          0        212   sinf.o

    ----------------------------------------------------------------------
      2042        226         96          0         96       2176   Library Totals
        12          0          0          0          0          0   (incl. Padding)

    ----------------------------------------------------------------------

      Code (inc. data)   RO Data    RW Data    ZI Data      Debug   Library Name

       448         20          0          0         96        832   c_w.l
        26          0          0          0          0        116   fz_wm.l
      1556        206         96          0          0       1228   m_wm.l

    ----------------------------------------------------------------------
      2042        226         96          0         96       2176   Library Totals

    ----------------------------------------------------------------------

==============================================================================


      Code (inc. data)   RO Data    RW Data    ZI Data      Debug   

     35708       1794       3864        664      57312     173531   Grand Totals
     35708       1794       3864        200      57312     173531   ELF Image Totals (compressed)
     35708       1794       3864        200          0          0   ROM Totals

==============================================================================

    Total RO  Size (Code + RO Data)                39572 (  38.64kB)
    Total RW  Size (RW Data + ZI Data)             57976 (  56.62kB)
    Total ROM Size (Code + RO Data + RW Data)      39772 (  38.84kB)

==============================================================================

